[    0.000000] Linux version 5.10.6 (yang@fyder) (Chromium OS 12.0_pre408248_p20201125-r7 clang version 12.0.0 (/var/tmp/portage/sys-devel/llvm-12.0_pre408248_p20201125-r7/work/llvm-12.0_pre408248_p20201125/clang f402e682d0ef5598eeffc9a21a691b03e602ff58), LLD 12.0.0 (/var/tmp/portage/sys-devel/llvm-12.0_pre408248_p20201125-r7/work/llvm-12.0_pre408248_p20201125/lld f402e682d0ef5598eeffc9a21a691b03e602ff58)) #9 SMP PREEMPT Fri Mar 12 17:03:15 CST 2021
[    0.000000] Command line: BOOT_IMAGE=/syslinux/vmlinuz.A init=/sbin/init boot=local rootwait ro noresume noswap loglevel=7 noinitrd console= tpm_tis.force=0 i915.enable_guc=2 i915.enable_psr=0 i915.modeset=1 cros_efi cros_debug root=PARTUUID=E9091036-6E1F-E140-B916-3E4F3502736B
[    0.000000] KERNEL supported cpus:
[    0.000000]   Intel GenuineIntel
[    0.000000]   AMD AuthenticAMD
[    0.000000]   Hygon HygonGenuine
[    0.000000]   Centaur CentaurHauls
[    0.000000]   zhaoxin   Shanghai  
[    0.000000] x86/split lock detection: warning about user-space split_locks
[    0.000000] x86/fpu: Supporting XSAVE feature 0x001: 'x87 floating point registers'
[    0.000000] x86/fpu: Supporting XSAVE feature 0x002: 'SSE registers'
[    0.000000] x86/fpu: Supporting XSAVE feature 0x004: 'AVX registers'
[    0.000000] x86/fpu: Supporting XSAVE feature 0x020: 'AVX-512 opmask'
[    0.000000] x86/fpu: Supporting XSAVE feature 0x040: 'AVX-512 Hi256'
[    0.000000] x86/fpu: Supporting XSAVE feature 0x080: 'AVX-512 ZMM_Hi256'
[    0.000000] x86/fpu: Supporting XSAVE feature 0x200: 'Protection Keys User registers'
[    0.000000] x86/fpu: xstate_offset[2]:  576, xstate_sizes[2]:  256
[    0.000000] x86/fpu: xstate_offset[5]:  832, xstate_sizes[5]:   64
[    0.000000] x86/fpu: xstate_offset[6]:  896, xstate_sizes[6]:  512
[    0.000000] x86/fpu: xstate_offset[7]: 1408, xstate_sizes[7]: 1024
[    0.000000] x86/fpu: xstate_offset[9]: 2432, xstate_sizes[9]:    8
[    0.000000] x86/fpu: Enabled xstate features 0x2e7, context size is 2440 bytes, using 'compacted' format.
[    0.000000] BIOS-provided physical RAM map:
[    0.000000] BIOS-e820: [mem 0x0000000000000000-0x000000000009ffff] usable
[    0.000000] BIOS-e820: [mem 0x00000000000a0000-0x00000000000fffff] reserved
[    0.000000] BIOS-e820: [mem 0x0000000000100000-0x000000007aaeafff] usable
[    0.000000] BIOS-e820: [mem 0x000000007aaeb000-0x000000007aaebfff] ACPI NVS
[    0.000000] BIOS-e820: [mem 0x000000007aaec000-0x000000007aaecfff] reserved
[    0.000000] BIOS-e820: [mem 0x000000007aaed000-0x000000007beedfff] usable
[    0.000000] BIOS-e820: [mem 0x000000007beee000-0x000000007bf47fff] type 20
[    0.000000] BIOS-e820: [mem 0x000000007bf48000-0x000000007bf89fff] reserved
[    0.000000] BIOS-e820: [mem 0x000000007bf8a000-0x000000007bfb3fff] ACPI NVS
[    0.000000] BIOS-e820: [mem 0x000000007bfb4000-0x000000007bffefff] ACPI data
[    0.000000] BIOS-e820: [mem 0x000000007bfff000-0x000000007bffffff] usable
[    0.000000] BIOS-e820: [mem 0x000000007c000000-0x00000000953fffff] reserved
[    0.000000] BIOS-e820: [mem 0x00000000fe010000-0x00000000fe010fff] reserved
[    0.000000] BIOS-e820: [mem 0x00000000fed20000-0x00000000fed7ffff] reserved
[    0.000000] BIOS-e820: [mem 0x0000000100000000-0x000000026abfffff] usable
[    0.000000] NX (Execute Disable) protection: active
[    0.000000] efi: EFI v2.70 by MSFT
[    0.000000] efi: ACPI=0x7bffe000 ACPI 2.0=0x7bffe014 TPMFinalLog=0x7bfaa000 SMBIOS=0x7bf51000 SMBIOS 3.0=0x7bf4f000 MEMATTR=0x7769f018 ESRT=0x786bdc18 
[    0.000000] SMBIOS 3.2.0 present.
[    0.000000] DMI: Microsoft Corporation Surface Pro 7/Surface Pro 7, BIOS 7.159.140 10/08/2019
[    0.000000] tsc: Initial usec timer 7865998
[    0.000000] tsc: Detected 1500.000 MHz processor
[    0.000000] tsc: Detected 1497.600 MHz TSC
[    0.001324] e820: update [mem 0x00000000-0x00000fff] usable ==> reserved
[    0.001336] e820: remove [mem 0x000a0000-0x000fffff] usable
[    0.001358] last_pfn = 0x26ac00 max_arch_pfn = 0x400000000
[    0.001370] MTRR default type: write-back
[    0.001372] MTRR fixed ranges enabled:
[    0.001376]   00000-9FFFF write-back
[    0.001379]   A0000-BFFFF uncachable
[    0.001382]   C0000-FFFFF write-protect
[    0.001384] MTRR variable ranges enabled:
[    0.001389]   0 base 00C0000000 mask 7FC0000000 uncachable
[    0.001393]   1 base 00A0000000 mask 7FE0000000 uncachable
[    0.001396]   2 base 0098000000 mask 7FF8000000 uncachable
[    0.001398]   3 base 0094000000 mask 7FFC000000 uncachable
[    0.001401]   4 base 0092000000 mask 7FFE000000 uncachable
[    0.001404]   5 base 0091000000 mask 7FFF000000 uncachable
[    0.001408]   6 base 6000000000 mask 6000000000 uncachable
[    0.001411]   7 base 4000000000 mask 6000000000 write-combining
[    0.001413]   8 disabled
[    0.001415]   9 disabled
[    0.003000] x86/PAT: Configuration [0-7]: WB  WC  UC- UC  WB  WP  UC- WT  
[    0.004847] last_pfn = 0x7c000 max_arch_pfn = 0x400000000
[    0.032287] esrt: Reserving ESRT space from 0x00000000786bdc18 to 0x00000000786bdcf0.
[    0.032297] e820: update [mem 0x786bd000-0x786bdfff] usable ==> reserved
[    0.032343] check: Scanning 1 areas for low memory corruption
[    0.032352] Using GB pages for direct mapping
[    0.032982] Secure boot could not be determined
[    0.033010] ACPI: Early table checksum verification disabled
[    0.033015] ACPI: RSDP 0x000000007BFFE014 000024 (v02 MSFT  )
[    0.033023] ACPI: XSDT 0x000000007BFFD0E8 0000BC (v01 MSFT   MSFT     00000002 MSFT 20160422)
[    0.033032] ACPI: FACP 0x000000007BFE7000 000114 (v06 MSFT   MSFT     00000002 MSFT 20160422)
[    0.033042] ACPI: DSDT 0x000000007BFC6000 01CB6D (v02 MSFT   MSFT     00000002 MSFT 20160422)
[    0.033048] ACPI: FACS 0x000000007BF92000 000040
[    0.033053] ACPI: SSDT 0x000000007BFFB000 001B61 (v02 CpuRef CpuSsdt  00003000 INTL 20181003)
[    0.033060] ACPI: MSDM 0x000000007BFFA000 000055 (v01 MSFT            00000001 MSFT 00000001)
[    0.033066] ACPI: SSDT 0x000000007BFF3000 006245 (v02 OEMID  DptfTabl 00001000 INTL 20181003)
[    0.033072] ACPI: SSDT 0x000000007BFEF000 0033E3 (v02 SaSsdt SaSsdt   00003000 INTL 20181003)
[    0.033078] ACPI: SSDT 0x000000007BFE8000 0066EF (v02 INTEL  TcssSsdt 00001000 INTL 20181003)
[    0.033083] ACPI: HPET 0x000000007BFE6000 000038 (v01 MSFT   MSFT     00000002 MSFT 20160422)
[    0.033089] ACPI: LPIT 0x000000007BFE5000 000094 (v01 MSFT   MSFT     00000002 MSFT 20160422)
[    0.033095] ACPI: APIC 0x000000007BFE4000 00012C (v03 MSFT   MSFT     00000002 MSFT 20160422)
[    0.033100] ACPI: MCFG 0x000000007BFE3000 00003C (v01 MSFT   MSFT     00000002 MSFT 20160422)
[    0.033106] ACPI: SSDT 0x000000007BFC5000 000DB4 (v02 MSFT   RTD3_JL  00001000 INTL 20181003)
[    0.033112] ACPI: SSDT 0x000000007BFC4000 0009E3 (v02 MSFT   xh_jl000 00000000 INTL 20181003)
[    0.033118] ACPI: NHLT 0x000000007BFC3000 00002D (v00 MSFT   MSFT     00000002 MSFT 20160422)
[    0.033123] ACPI: SSDT 0x000000007BFC2000 000574 (v02 MSFT   Tpm2Tabl 00001000 INTL 20181003)
[    0.033129] ACPI: TPM2 0x000000007BFC1000 000034 (v03 MSFT   MSFT     00000002 MSFT 20160422)
[    0.033134] ACPI: DMAR 0x000000007BFC0000 0000A0 (v01 MSFT   MSFT     00000002 MSFT 20160422)
[    0.033140] ACPI: BGRT 0x000000007BFBF000 000038 (v01 MSFT   MSFT     00000002 MSFT 20160422)
[    0.033146] ACPI: WSMT 0x000000007BFBE000 000028 (v01 MSFT   MSFT     00000002 MSFT 20160422)
[    0.033151] ACPI: FPDT 0x000000007BFBD000 000034 (v01 MSFT   MSFT     00000002 MSFT 20160422)
[    0.033164] ACPI: Local APIC address 0xfee00000
[    0.033188] Zone ranges:
[    0.033190]   DMA      [mem 0x0000000000001000-0x0000000000ffffff]
[    0.033194]   DMA32    [mem 0x0000000001000000-0x00000000ffffffff]
[    0.033197]   Normal   [mem 0x0000000100000000-0x000000026abfffff]
[    0.033200] Movable zone start for each node
[    0.033202] Early memory node ranges
[    0.033204]   node   0: [mem 0x0000000000001000-0x000000000009ffff]
[    0.033206]   node   0: [mem 0x0000000000100000-0x000000007aaeafff]
[    0.033209]   node   0: [mem 0x000000007aaed000-0x000000007beedfff]
[    0.033210]   node   0: [mem 0x000000007bfff000-0x000000007bffffff]
[    0.033212]   node   0: [mem 0x0000000100000000-0x000000026abfffff]
[    0.033552] Zeroed struct page in unavailable ranges: 38260 pages
[    0.033554] Initmem setup node 0 [mem 0x0000000000001000-0x000000026abfffff]
[    0.033558] On node 0 totalpages: 1993356
[    0.033561]   DMA zone: 64 pages used for memmap
[    0.033562]   DMA zone: 26 pages reserved
[    0.033564]   DMA zone: 3999 pages, LIFO batch:0
[    0.033610]   DMA32 zone: 7868 pages used for memmap
[    0.033612]   DMA32 zone: 503533 pages, LIFO batch:63
[    0.041727]   Normal zone: 23216 pages used for memmap
[    0.041729]   Normal zone: 1485824 pages, LIFO batch:63
[    0.067108] x86/hpet: Will disable the HPET for this platform because it's not reliable
[    0.067157] Reserving Intel graphics memory at [mem 0x91800000-0x953fffff]
[    0.067796] ACPI: PM-Timer IO Port: 0x1808
[    0.067802] ACPI: Local APIC address 0xfee00000
[    0.067818] ACPI: LAPIC_NMI (acpi_id[0x01] high edge lint[0x1])
[    0.067822] ACPI: LAPIC_NMI (acpi_id[0x02] high edge lint[0x1])
[    0.067826] ACPI: LAPIC_NMI (acpi_id[0x03] high edge lint[0x1])
[    0.067829] ACPI: LAPIC_NMI (acpi_id[0x04] high edge lint[0x1])
[    0.067833] ACPI: LAPIC_NMI (acpi_id[0x05] high edge lint[0x1])
[    0.067836] ACPI: LAPIC_NMI (acpi_id[0x06] high edge lint[0x1])
[    0.067839] ACPI: LAPIC_NMI (acpi_id[0x07] high edge lint[0x1])
[    0.067843] ACPI: LAPIC_NMI (acpi_id[0x08] high edge lint[0x1])
[    0.067846] ACPI: LAPIC_NMI (acpi_id[0x09] high edge lint[0x1])
[    0.067850] ACPI: LAPIC_NMI (acpi_id[0x0a] high edge lint[0x1])
[    0.067853] ACPI: LAPIC_NMI (acpi_id[0x0b] high edge lint[0x1])
[    0.067856] ACPI: LAPIC_NMI (acpi_id[0x0c] high edge lint[0x1])
[    0.067860] ACPI: LAPIC_NMI (acpi_id[0x0d] high edge lint[0x1])
[    0.067863] ACPI: LAPIC_NMI (acpi_id[0x0e] high edge lint[0x1])
[    0.067867] ACPI: LAPIC_NMI (acpi_id[0x0f] high edge lint[0x1])
[    0.067870] ACPI: LAPIC_NMI (acpi_id[0x10] high edge lint[0x1])
[    0.067913] IOAPIC[0]: apic_id 2, version 32, address 0xfec00000, GSI 0-119
[    0.067921] ACPI: INT_SRC_OVR (bus 0 bus_irq 0 global_irq 2 dfl dfl)
[    0.067926] ACPI: INT_SRC_OVR (bus 0 bus_irq 9 global_irq 9 high level)
[    0.067931] ACPI: IRQ0 used by override.
[    0.067935] ACPI: IRQ9 used by override.
[    0.067942] Using ACPI (MADT) for SMP configuration information
[    0.067947] ACPI: HPET id: 0x8086a201 base: 0xfed00000
[    0.067955] TSC deadline timer available
[    0.067959] smpboot: Allowing 8 CPUs, 0 hotplug CPUs
[    0.068001] [mem 0x95400000-0xfe00ffff] available for PCI devices
[    0.068010] clocksource: refined-jiffies: mask: 0xffffffff max_cycles: 0xffffffff, max_idle_ns: 1910969940391419 ns
[    0.076937] setup_percpu: NR_CPUS:64 nr_cpumask_bits:64 nr_cpu_ids:8 nr_node_ids:1
[    0.077382] percpu: Embedded 53 pages/cpu s177832 r8192 d31064 u262144
[    0.077391] pcpu-alloc: s177832 r8192 d31064 u262144 alloc=1*2097152
[    0.077393] pcpu-alloc: [0] 0 1 2 3 4 5 6 7 
[    0.077423] Built 1 zonelists, mobility grouping on.  Total pages: 1962182
[    0.077427] Kernel command line: BOOT_IMAGE=/syslinux/vmlinuz.A init=/sbin/init boot=local rootwait ro noresume noswap loglevel=7 noinitrd console= tpm_tis.force=0 i915.enable_guc=2 i915.enable_psr=0 i915.modeset=1 cros_efi cros_debug root=PARTUUID=E9091036-6E1F-E140-B916-3E4F3502736B
[    0.078665] Dentry cache hash table entries: 1048576 (order: 11, 8388608 bytes, linear)
[    0.079179] Inode-cache hash table entries: 524288 (order: 10, 4194304 bytes, linear)
[    0.079423] mem auto-init: stack:off, heap alloc:off, heap free:off
[    0.129718] Memory: 7659404K/7973424K available (14348K kernel code, 2454K rwdata, 3448K rodata, 1540K init, 1688K bss, 313760K reserved, 0K cma-reserved)
[    0.129754] random: get_random_u64 called from __kmem_cache_create+0x28/0x3d8 with crng_init=0
[    0.130083] SLUB: HWalign=64, Order=0-3, MinObjects=0, CPUs=8, Nodes=1
[    0.130123] ftrace: allocating 46031 entries in 180 pages
[    0.161484] ftrace: allocated 180 pages with 4 groups
[    0.161593] rcu: Preemptible hierarchical RCU implementation.
[    0.161595] rcu: 	RCU restricting CPUs from NR_CPUS=64 to nr_cpu_ids=8.
[    0.161597] 	Trampoline variant of Tasks RCU enabled.
[    0.161599] 	Rude variant of Tasks RCU enabled.
[    0.161601] 	Tracing variant of Tasks RCU enabled.
[    0.161602] rcu: RCU calculated value of scheduler-enlistment delay is 100 jiffies.
[    0.161604] rcu: Adjusting geometry for rcu_fanout_leaf=16, nr_cpu_ids=8
[    0.165065] NR_IRQS: 4352, nr_irqs: 2048, preallocated irqs: 16
[    0.165633] random: crng done (trusting CPU's manufacturer)
[    0.165660] ACPI: Core revision 20200925
[    0.165977] APIC: Switch to symmetric I/O mode setup
[    0.170411] clocksource: tsc-early: mask: 0xffffffffffffffff max_cycles: 0x159647815e3, max_idle_ns: 440795269835 ns
[    0.170417] Calibrating delay loop (skipped), value calculated using timer frequency.. 2995.20 BogoMIPS (lpj=1497600)
[    0.170422] pid_max: default: 32768 minimum: 301
[    0.171416] LSM: Security Framework initializing
[    0.171416] Yama: becoming mindful.
[    0.171416] LoadPin: ready to pin (currently enforcing)
[    0.171416] Chromium OS LSM: enabled
[    0.171416] SELinux:  Initializing.
[    0.171416] Mount-cache hash table entries: 16384 (order: 5, 131072 bytes, linear)
[    0.171416] Mountpoint-cache hash table entries: 16384 (order: 5, 131072 bytes, linear)
[    0.171416] x86/cpu: User Mode Instruction Prevention (UMIP) activated
[    0.171416] mce: CPU0: Thermal monitoring enabled (TM1)
[    0.171416] process: using mwait in idle threads
[    0.171416] Last level iTLB entries: 4KB 0, 2MB 0, 4MB 0
[    0.171416] Last level dTLB entries: 4KB 0, 2MB 0, 4MB 0, 1GB 0
[    0.171416] Spectre V1 : Mitigation: usercopy/swapgs barriers and __user pointer sanitization
[    0.171416] Spectre V2 : Mitigation: Enhanced IBRS
[    0.171416] Spectre V2 : Spectre v2 / SpectreRSB mitigation: Filling RSB on context switch
[    0.171416] Spectre V2 : mitigation: Enabling conditional Indirect Branch Prediction Barrier
[    0.171416] Speculative Store Bypass: Mitigation: Speculative Store Bypass disabled via prctl and seccomp
[    0.171416] Freeing SMP alternatives memory: 32K
[    0.171416] smpboot: CPU0: Intel(R) Core(TM) i5-1035G4 CPU @ 1.10GHz (family: 0x6, model: 0x7e, stepping: 0x5)
[    0.171416] Performance Events: PEBS fmt4+-baseline,  AnyThread deprecated, Icelake events, 32-deep LBR, full-width counters, Intel PMU driver.
[    0.171416] ... version:                5
[    0.171416] ... bit width:              48
[    0.171416] ... generic registers:      8
[    0.171416] ... value mask:             0000ffffffffffff
[    0.171416] ... max period:             00007fffffffffff
[    0.171416] ... fixed-purpose events:   4
[    0.171416] ... event mask:             0001000f000000ff
[    0.171416] rcu: Hierarchical SRCU implementation.
[    0.171762] NMI watchdog: Enabled. Permanently consumes one hw-PMU counter.
[    0.171878] smp: Bringing up secondary CPUs ...
[    0.172009] x86: Booting SMP configuration:
[    0.172012] .... node  #0, CPUs:      #1 #2 #3 #4 #5 #6 #7
[    0.182291] smp: Brought up 1 node, 8 CPUs
[    0.182291] smpboot: Max logical packages: 1
[    0.182291] smpboot: Total of 8 processors activated (23961.60 BogoMIPS)
[    0.183785] devtmpfs: initialized
[    0.184588] PM: Registering ACPI NVS region [mem 0x7aaeb000-0x7aaebfff] (4096 bytes)
[    0.184592] PM: Registering ACPI NVS region [mem 0x7bf8a000-0x7bfb3fff] (172032 bytes)
[    0.184707] clocksource: jiffies: mask: 0xffffffff max_cycles: 0xffffffff, max_idle_ns: 1911260446275000 ns
[    0.184707] futex hash table entries: 2048 (order: 5, 131072 bytes, linear)
[    0.184707] pinctrl core: initialized pinctrl subsystem
[    0.185546] PM: RTC time: 12:02:40, date: 2019-10-08
[    0.185864] NET: Registered protocol family 16
[    0.186196] audit: initializing netlink subsys (disabled)
[    0.186211] audit: type=2000 audit(1570536160.015:1): state=initialized audit_enabled=0 res=1
[    0.186211] thermal_sys: Registered thermal governor 'bang_bang'
[    0.186211] thermal_sys: Registered thermal governor 'step_wise'
[    0.186421] thermal_sys: Registered thermal governor 'user_space'
[    0.186445] cpuidle: using governor ladder
[    0.186452] cpuidle: using governor teo
[    0.186619] ACPI: bus type PCI registered
[    0.186619] acpiphp: ACPI Hot Plug PCI Controller Driver version: 0.5
[    0.186646] PCI: MMCONFIG for domain 0000 [bus 00-ff] at [mem 0xe0000000-0xefffffff] (base 0xe0000000)
[    0.186653] PCI: not using MMCONFIG
[    0.186656] PCI: Using configuration type 1 for base access
[    0.187747] ENERGY_PERF_BIAS: Set to 'normal', was 'performance'
[    0.192448] cryptd: max_cpu_qlen set to 1000
[    0.193573] ACPI: Added _OSI(Module Device)
[    0.193580] ACPI: Added _OSI(Processor Device)
[    0.193584] ACPI: Added _OSI(3.0 _SCP Extensions)
[    0.193588] ACPI: Added _OSI(Processor Aggregator Device)
[    0.193592] ACPI: Added _OSI(Linux-Dell-Video)
[    0.193595] ACPI: Added _OSI(Linux-Lenovo-NV-HDMI-Audio)
[    0.193599] ACPI: Added _OSI(Linux-HPI-Hybrid-Graphics)
[    0.294515] ACPI: 8 ACPI AML tables successfully acquired and loaded
[    0.313655] ACPI: Dynamic OEM Table Load:
[    0.313676] ACPI: SSDT 0xFFFFA23340B77500 0000F4 (v02 PmRef  Cpu0Psd  00003000 INTL 20181003)
[    0.316516] ACPI: \_SB_.PR00: _OSC native thermal LVT Acked
[    0.318254] ACPI: Dynamic OEM Table Load:
[    0.318272] ACPI: SSDT 0xFFFFA23340BA8400 000394 (v02 PmRef  Cpu0Cst  00003001 INTL 20181003)
[    0.321422] ACPI: Dynamic OEM Table Load:
[    0.321436] ACPI: SSDT 0xFFFFA23340E15000 000437 (v02 PmRef  Cpu0Ist  00003000 INTL 20181003)
[    0.324643] ACPI: Dynamic OEM Table Load:
[    0.324656] ACPI: SSDT 0xFFFFA23340B7BE00 00012C (v02 PmRef  Cpu0Hwp  00003000 INTL 20181003)
[    0.327546] ACPI: Dynamic OEM Table Load:
[    0.327561] ACPI: SSDT 0xFFFFA23340E14800 000724 (v02 PmRef  HwpLvt   00003000 INTL 20181003)
[    0.331038] ACPI: Dynamic OEM Table Load:
[    0.331056] ACPI: SSDT 0xFFFFA23340E16000 0005FC (v02 PmRef  ApIst    00003000 INTL 20181003)
[    0.334157] ACPI: Dynamic OEM Table Load:
[    0.334170] ACPI: SSDT 0xFFFFA23340BAB400 000317 (v02 PmRef  ApHwp    00003000 INTL 20181003)
[    0.337380] ACPI: Dynamic OEM Table Load:
[    0.337396] ACPI: SSDT 0xFFFFA2334012B000 000AB0 (v02 PmRef  ApPsd    00003000 INTL 20181003)
[    0.341609] ACPI: Dynamic OEM Table Load:
[    0.341623] ACPI: SSDT 0xFFFFA23340BAB000 00030A (v02 PmRef  ApCst    00003000 INTL 20181003)
[    0.351140] ACPI: Interpreter enabled
[    0.351248] ACPI: (supports S0 S5)
[    0.351252] ACPI: Using IOAPIC for interrupt routing
[    0.351372] PCI: MMCONFIG for domain 0000 [bus 00-ff] at [mem 0xe0000000-0xefffffff] (base 0xe0000000)
[    0.352957] PCI: MMCONFIG at [mem 0xe0000000-0xefffffff] reserved in ACPI motherboard resources
[    0.352986] PCI: Using host bridge windows from ACPI; if necessary, use "pci=nocrs" and report a bug
[    0.354088] ACPI: Enabled 8 GPEs in block 00 to 7F
[    0.363352] ACPI: Power Resource [BTPR] (on)
[    0.381458] ACPI: Power Resource [V0PR] (on)
[    0.381817] ACPI: Power Resource [V1PR] (on)
[    0.382121] ACPI: Power Resource [V2PR] (on)
[    0.383456] ACPI: Power Resource [CAMP] (off)
[    0.386390] ACPI: Power Resource [WRST] (on)
[    0.386760] ACPI: Power Resource [TBT0] (on)
[    0.386809] ACPI: Power Resource [TBT1] (on)
[    0.386857] ACPI: Power Resource [D3C] (on)
[    0.403157] ACPI: Power Resource [PIN] (off)
[    0.404348] ACPI: PCI Root Bridge [PCI0] (domain 0000 [bus 00-fe])
[    0.404367] acpi PNP0A08:00: _OSC: OS supports [ExtendedConfig ASPM ClockPM Segments MSI HPX-Type3]
[    0.418066] acpi PNP0A08:00: _OSC: OS now controls [PCIeHotplug PME AER PCIeCapability LTR]
[    0.423188] PCI host bridge to bus 0000:00
[    0.423195] pci_bus 0000:00: root bus resource [io  0x0000-0x0cf7 window]
[    0.423199] pci_bus 0000:00: root bus resource [io  0x0d00-0xffff window]
[    0.423202] pci_bus 0000:00: root bus resource [mem 0x000a0000-0x000bffff window]
[    0.423206] pci_bus 0000:00: root bus resource [mem 0x000c0000-0x000c3fff window]
[    0.423209] pci_bus 0000:00: root bus resource [mem 0x000c4000-0x000c7fff window]
[    0.423212] pci_bus 0000:00: root bus resource [mem 0x000c8000-0x000cbfff window]
[    0.423216] pci_bus 0000:00: root bus resource [mem 0x000cc000-0x000cffff window]
[    0.423219] pci_bus 0000:00: root bus resource [mem 0x000d0000-0x000d3fff window]
[    0.423222] pci_bus 0000:00: root bus resource [mem 0x000d4000-0x000d7fff window]
[    0.423225] pci_bus 0000:00: root bus resource [mem 0x000d8000-0x000dbfff window]
[    0.423228] pci_bus 0000:00: root bus resource [mem 0x000dc000-0x000dffff window]
[    0.423232] pci_bus 0000:00: root bus resource [mem 0x000e0000-0x000e3fff window]
[    0.423235] pci_bus 0000:00: root bus resource [mem 0x000e4000-0x000e7fff window]
[    0.423238] pci_bus 0000:00: root bus resource [mem 0x000e8000-0x000ebfff window]
[    0.423241] pci_bus 0000:00: root bus resource [mem 0x000ec000-0x000effff window]
[    0.423267] pci_bus 0000:00: root bus resource [mem 0x000f0000-0x000fffff window]
[    0.423270] pci_bus 0000:00: root bus resource [mem 0x95400000-0xdfffffff window]
[    0.423273] pci_bus 0000:00: root bus resource [mem 0x4000000000-0x7fffffffff window]
[    0.423277] pci_bus 0000:00: root bus resource [bus 00-fe]
[    0.423355] pci 0000:00:00.0: [8086:8a12] type 00 class 0x060000
[    0.426494] pci 0000:00:02.0: [8086:8a5a] type 00 class 0x030000
[    0.426517] pci 0000:00:02.0: reg 0x10: [mem 0x6001000000-0x6001ffffff 64bit]
[    0.426532] pci 0000:00:02.0: reg 0x18: [mem 0x4000000000-0x400fffffff 64bit pref]
[    0.426543] pci 0000:00:02.0: reg 0x20: [io  0x3000-0x303f]
[    0.429448] pci 0000:00:04.0: [8086:8a03] type 00 class 0x118000
[    0.429478] pci 0000:00:04.0: reg 0x10: [mem 0x6002120000-0x600212ffff 64bit]
[    0.432292] pci 0000:00:05.0: [8086:8a19] type 00 class 0x048000
[    0.432310] pci 0000:00:05.0: reg 0x10: [mem 0x6000000000-0x6000ffffff 64bit]
[    0.435127] pci 0000:00:0d.0: [8086:8a13] type 00 class 0x0c0330
[    0.435156] pci 0000:00:0d.0: reg 0x10: [mem 0x6002110000-0x600211ffff 64bit]
[    0.435262] pci 0000:00:0d.0: PME# supported from D3hot D3cold
[    0.438258] pci 0000:00:12.0: [8086:34fc] type 00 class 0x070000
[    0.438313] pci 0000:00:12.0: reg 0x10: [mem 0x600213a000-0x600213bfff 64bit]
[    0.438499] pci 0000:00:12.0: PME# supported from D0 D3hot
[    0.441496] pci 0000:00:14.0: [8086:34ed] type 00 class 0x0c0330
[    0.441547] pci 0000:00:14.0: reg 0x10: [mem 0x6002100000-0x600210ffff 64bit]
[    0.441710] pci 0000:00:14.0: PME# supported from D3hot D3cold
[    0.444578] pci 0000:00:14.2: [8086:34ef] type 00 class 0x050000
[    0.444630] pci 0000:00:14.2: reg 0x10: [mem 0x6002138000-0x6002139fff 64bit]
[    0.444671] pci 0000:00:14.2: reg 0x18: [mem 0x6002143000-0x6002143fff 64bit]
[    0.447591] pci 0000:00:14.3: [8086:34f0] type 00 class 0x028000
[    0.447652] pci 0000:00:14.3: reg 0x10: [mem 0x6002134000-0x6002137fff 64bit]
[    0.447896] pci 0000:00:14.3: PME# supported from D0 D3hot D3cold
[    0.450839] pci 0000:00:15.0: [8086:34e8] type 00 class 0x0c8000
[    0.450956] pci 0000:00:15.0: reg 0x10: [mem 0x00000000-0x00000fff 64bit]
[    0.454235] pci 0000:00:15.2: [8086:34ea] type 00 class 0x0c8000
[    0.454358] pci 0000:00:15.2: reg 0x10: [mem 0x00000000-0x00000fff 64bit]
[    0.457870] pci 0000:00:15.3: [8086:34eb] type 00 class 0x0c8000
[    0.458055] pci 0000:00:15.3: reg 0x10: [mem 0x00000000-0x00000fff 64bit]
[    0.461441] pci 0000:00:16.0: [8086:34e0] type 00 class 0x078000
[    0.461495] pci 0000:00:16.0: reg 0x10: [mem 0x600213f000-0x600213ffff 64bit]
[    0.461687] pci 0000:00:16.0: PME# supported from D3hot
[    0.464613] pci 0000:00:16.4: [8086:34e4] type 00 class 0x078000
[    0.464688] pci 0000:00:16.4: reg 0x10: [mem 0x600213e000-0x600213efff 64bit]
[    0.464872] pci 0000:00:16.4: PME# supported from D3hot
[    0.467813] pci 0000:00:19.0: [8086:34c5] type 00 class 0x0c8000
[    0.467926] pci 0000:00:19.0: reg 0x10: [mem 0x00000000-0x00000fff 64bit]
[    0.471288] pci 0000:00:1d.0: [8086:34b0] type 01 class 0x060400
[    0.471525] pci 0000:00:1d.0: PME# supported from D0 D3hot D3cold
[    0.474711] pci 0000:00:1e.0: [8086:34a8] type 00 class 0x078000
[    0.474887] pci 0000:00:1e.0: reg 0x10: [mem 0x00000000-0x00000fff 64bit]
[    0.478373] pci 0000:00:1f.0: [8086:3482] type 00 class 0x060100
[    0.481403] pci 0000:00:1f.3: [8086:34c8] type 00 class 0x040380
[    0.481498] pci 0000:00:1f.3: reg 0x10: [mem 0x6002130000-0x6002133fff 64bit]
[    0.481634] pci 0000:00:1f.3: reg 0x20: [mem 0x6002000000-0x60020fffff 64bit]
[    0.481864] pci 0000:00:1f.3: PME# supported from D3hot D3cold
[    0.484794] pci 0000:00:1f.5: [8086:34a4] type 00 class 0x0c8000
[    0.484841] pci 0000:00:1f.5: reg 0x10: [mem 0xfe010000-0xfe010fff]
[    0.487836] pci 0000:01:00.0: [1c5c:1327] type 00 class 0x010802
[    0.487897] pci 0000:01:00.0: reg 0x10: [mem 0x95400000-0x95403fff 64bit]
[    0.488117] pci 0000:01:00.0: supports D1
[    0.488120] pci 0000:01:00.0: PME# supported from D0 D1 D3hot
[    0.488383] pci 0000:00:1d.0: PCI bridge to [bus 01]
[    0.488395] pci 0000:00:1d.0:   bridge window [mem 0x95400000-0x954fffff]
[    0.488416] pci_bus 0000:00: on NUMA node 0
[    0.609969] iommu: Default domain type: Translated 
[    0.609969] SCSI subsystem initialized
[    0.609969] libata version 3.00 loaded.
[    0.609969] ACPI: bus type USB registered
[    0.609969] usbcore: registered new interface driver usbfs
[    0.609969] usbcore: registered new interface driver hub
[    0.610475] usbcore: registered new device driver usb
[    0.610522] mc: Linux media interface: v0.10
[    0.610533] videodev: Linux video capture interface: v2.00
[    0.610658] Registered efivars operations
[    0.610783] chromeos_acpi: installed
[    0.610819] Advanced Linux Sound Architecture Driver Initialized.
[    0.611083] PCI: Using ACPI for IRQ routing
[    0.664689] PCI: pci_cache_line_size set to 64 bytes
[    0.664944] pci 0000:00:1f.5: can't claim BAR 0 [mem 0xfe010000-0xfe010fff]: no compatible bridge window
[    0.665144] e820: reserve RAM buffer [mem 0x786bd000-0x7bffffff]
[    0.665148] e820: reserve RAM buffer [mem 0x7aaeb000-0x7bffffff]
[    0.665151] e820: reserve RAM buffer [mem 0x7beee000-0x7bffffff]
[    0.665153] e820: reserve RAM buffer [mem 0x26ac00000-0x26bffffff]
[    0.665492] clocksource: Switched to clocksource tsc-early
[    0.692534] VFS: Disk quotas dquot_6.6.0
[    0.692563] VFS: Dquot-cache hash table entries: 512 (order 0, 4096 bytes)
[    0.692666] pnp: PnP ACPI init
[    0.693238] system 00:00: [io  0x0680-0x069f] has been reserved
[    0.693243] system 00:00: [io  0x164e-0x164f] has been reserved
[    0.693253] system 00:00: Plug and Play ACPI device, IDs PNP0c02 (active)
[    0.693337] pnp 00:01: Plug and Play ACPI device, IDs PNP0b00 (active)
[    0.693546] system 00:02: [io  0x1854-0x1857] has been reserved
[    0.693554] system 00:02: Plug and Play ACPI device, IDs INT3f0d PNP0c02 (active)
[    0.694417] system 00:03: [mem 0xfed10000-0xfed17fff] has been reserved
[    0.694429] system 00:03: [mem 0xfeda0000-0xfeda0fff] has been reserved
[    0.694432] system 00:03: [mem 0xfeda1000-0xfeda1fff] has been reserved
[    0.694435] system 00:03: [mem 0xe0000000-0xefffffff] has been reserved
[    0.694439] system 00:03: [mem 0xfed20000-0xfed7ffff] could not be reserved
[    0.694442] system 00:03: [mem 0xfed90000-0xfed93fff] has been reserved
[    0.694445] system 00:03: [mem 0xfee00000-0xfeefffff] has been reserved
[    0.694453] system 00:03: Plug and Play ACPI device, IDs PNP0c02 (active)
[    0.695308] system 00:04: [io  0x1800-0x18fe] could not be reserved
[    0.695312] system 00:04: [mem 0xfd000000-0xfd68ffff] has been reserved
[    0.695315] system 00:04: [mem 0xfd6b0000-0xfd6cffff] has been reserved
[    0.695318] system 00:04: [mem 0xfd6f0000-0xfdffffff] has been reserved
[    0.695321] system 00:04: [mem 0xfe000000-0xfe01ffff] could not be reserved
[    0.695325] system 00:04: [mem 0xfe200000-0xfe7fffff] has been reserved
[    0.695328] system 00:04: [mem 0xff000000-0xffffffff] has been reserved
[    0.695334] system 00:04: Plug and Play ACPI device, IDs PNP0c02 (active)
[    0.695989] system 00:05: [io  0x2000-0x20fe] has been reserved
[    0.695996] system 00:05: Plug and Play ACPI device, IDs PNP0c02 (active)
[    0.696429] system 00:06: [mem 0xfe038000-0xfe038fff] has been reserved
[    0.696435] system 00:06: Plug and Play ACPI device, IDs PNP0c02 (active)
[    0.697569] pnp: PnP ACPI: found 7 devices
[    0.702599] clocksource: acpi_pm: mask: 0xffffff max_cycles: 0xffffff, max_idle_ns: 2085701024 ns
[    0.702779] NET: Registered protocol family 2
[    0.703026] tcp_listen_portaddr_hash hash table entries: 4096 (order: 5, 163840 bytes, linear)
[    0.703069] TCP established hash table entries: 65536 (order: 7, 524288 bytes, linear)
[    0.703225] TCP bind hash table entries: 65536 (order: 9, 2097152 bytes, linear)
[    0.703736] TCP: Hash tables configured (established 65536 bind 65536)
[    0.703799] UDP hash table entries: 4096 (order: 6, 393216 bytes, linear)
[    0.703914] UDP-Lite hash table entries: 4096 (order: 6, 393216 bytes, linear)
[    0.704073] NET: Registered protocol family 1
[    0.704108] pci 0000:00:15.0: BAR 0: assigned [mem 0x4010000000-0x4010000fff 64bit]
[    0.704186] pci 0000:00:15.2: BAR 0: assigned [mem 0x4010001000-0x4010001fff 64bit]
[    0.704313] pci 0000:00:15.3: BAR 0: assigned [mem 0x4010002000-0x4010002fff 64bit]
[    0.704390] pci 0000:00:19.0: BAR 0: assigned [mem 0x4010003000-0x4010003fff 64bit]
[    0.704512] pci 0000:00:1e.0: BAR 0: assigned [mem 0x4010004000-0x4010004fff 64bit]
[    0.704583] pci 0000:00:1f.5: BAR 0: assigned [mem 0x95500000-0x95500fff]
[    0.704604] pci 0000:00:1d.0: PCI bridge to [bus 01]
[    0.704612] pci 0000:00:1d.0:   bridge window [mem 0x95400000-0x954fffff]
[    0.704633] pci_bus 0000:00: resource 4 [io  0x0000-0x0cf7 window]
[    0.704636] pci_bus 0000:00: resource 5 [io  0x0d00-0xffff window]
[    0.704639] pci_bus 0000:00: resource 6 [mem 0x000a0000-0x000bffff window]
[    0.704641] pci_bus 0000:00: resource 7 [mem 0x000c0000-0x000c3fff window]
[    0.704644] pci_bus 0000:00: resource 8 [mem 0x000c4000-0x000c7fff window]
[    0.704646] pci_bus 0000:00: resource 9 [mem 0x000c8000-0x000cbfff window]
[    0.704649] pci_bus 0000:00: resource 10 [mem 0x000cc000-0x000cffff window]
[    0.704652] pci_bus 0000:00: resource 11 [mem 0x000d0000-0x000d3fff window]
[    0.704654] pci_bus 0000:00: resource 12 [mem 0x000d4000-0x000d7fff window]
[    0.704656] pci_bus 0000:00: resource 13 [mem 0x000d8000-0x000dbfff window]
[    0.704659] pci_bus 0000:00: resource 14 [mem 0x000dc000-0x000dffff window]
[    0.704661] pci_bus 0000:00: resource 15 [mem 0x000e0000-0x000e3fff window]
[    0.704664] pci_bus 0000:00: resource 16 [mem 0x000e4000-0x000e7fff window]
[    0.704666] pci_bus 0000:00: resource 17 [mem 0x000e8000-0x000ebfff window]
[    0.704669] pci_bus 0000:00: resource 18 [mem 0x000ec000-0x000effff window]
[    0.704671] pci_bus 0000:00: resource 19 [mem 0x000f0000-0x000fffff window]
[    0.704674] pci_bus 0000:00: resource 20 [mem 0x95400000-0xdfffffff window]
[    0.704676] pci_bus 0000:00: resource 21 [mem 0x4000000000-0x7fffffffff window]
[    0.704680] pci_bus 0000:01: resource 1 [mem 0x95400000-0x954fffff]
[    0.704905] pci 0000:00:02.0: Video device with shadowed ROM at [mem 0x000c0000-0x000dffff]
[    0.705715] PCI: CLS 0 bytes, default 64
[    0.705794] PCI-DMA: Using software bounce buffering for IO (SWIOTLB)
[    0.705821] software IO TLB: mapped [mem 0x0000000071fe3000-0x0000000075fe3000] (64MB)
[    0.706179] RAPL PMU: API unit is 2^-32 Joules, 4 fixed counters, 655360 ms ovfl timer
[    0.706182] RAPL PMU: hw unit of domain pp0-core 2^-14 Joules
[    0.706185] RAPL PMU: hw unit of domain package 2^-14 Joules
[    0.706187] RAPL PMU: hw unit of domain pp1-gpu 2^-14 Joules
[    0.706189] RAPL PMU: hw unit of domain psys 2^-14 Joules
[    0.706411] pci 0000:00:00.0: attach allowed to drvr icl_uncore [trusted device]
[    0.707200] kvm: already loaded the other module
[    0.707208] clocksource: tsc: mask: 0xffffffffffffffff max_cycles: 0x159647815e3, max_idle_ns: 440795269835 ns
[    0.707243] clocksource: Switched to clocksource tsc
[    0.708589] check: Scanning for low memory corruption every 60 seconds
[    0.710061] Initialise system trusted keyrings
[    0.710148] workingset: timestamp_bits=62 max_order=21 bucket_order=0
[    0.713526] squashfs: version 4.0 (2009/01/31) Phillip Lougher
[    0.713739] Registering esdfs 0.2
[    0.713818] alt_syscall: table 'read_write_test' available.
[    0.713839] alt_syscall: table 'android' available.
[    0.713860] alt_syscall: table 'android_permissive' available.
[    0.713878] alt_syscall: table 'third_party' available.
[    0.713894] alt_syscall: table 'third_party_permissive' available.
[    0.713909] alt_syscall: table 'complete' available.
[    0.713923] alt_syscall: table 'complete_permissive' available.
[    0.722702] Key type asymmetric registered
[    0.722705] Asymmetric key parser 'x509' registered
[    0.722720] Block layer SCSI generic (bsg) driver version 0.4 loaded (major 248)
[    0.722723] io scheduler mq-deadline registered
[    0.722726] io scheduler kyber registered
[    0.722744] io scheduler bfq registered
[    0.723269] gpiochip_find_base: found new base at 184
[    0.725308] gpio gpiochip0: (INT3455:00): created GPIO range 0->7 ==> INT3455:00 PIN 0->7
[    0.725312] gpio gpiochip0: (INT3455:00): created GPIO range 32->57 ==> INT3455:00 PIN 8->33
[    0.725314] gpio gpiochip0: (INT3455:00): created GPIO range 64->88 ==> INT3455:00 PIN 34->58
[    0.725317] gpio gpiochip0: (INT3455:00): created GPIO range 96->119 ==> INT3455:00 PIN 59->82
[    0.725319] gpio gpiochip0: (INT3455:00): created GPIO range 128->148 ==> INT3455:00 PIN 83->103
[    0.725322] gpio gpiochip0: (INT3455:00): created GPIO range 160->179 ==> INT3455:00 PIN 104->123
[    0.725324] gpio gpiochip0: (INT3455:00): created GPIO range 192->220 ==> INT3455:00 PIN 124->152
[    0.725327] gpio gpiochip0: (INT3455:00): created GPIO range 224->247 ==> INT3455:00 PIN 153->176
[    0.725329] gpio gpiochip0: (INT3455:00): created GPIO range 256->279 ==> INT3455:00 PIN 183->206
[    0.725332] gpio gpiochip0: (INT3455:00): created GPIO range 288->295 ==> INT3455:00 PIN 216->223
[    0.725334] gpio gpiochip0: (INT3455:00): created GPIO range 320->327 ==> INT3455:00 PIN 224->231
[    0.725463] gpio gpiochip0: (INT3455:00): added GPIO chardev (254:0)
[    0.725493] gpio gpiochip0: registered GPIOs 184 to 511 on INT3455:00
[    0.725583] pci 0000:00:1d.0: attach allowed to drvr pcieport [trusted device]
[    0.726162] pcieport 0000:00:1d.0: PME: Signaling with IRQ 120
[    0.726383] intel_idle: MWAIT substates: 0x11121020
[    0.726845] Monitor-Mwait will be used to enter C-1 state
[    0.726854] Monitor-Mwait will be used to enter C-2 state
[    0.726861] Monitor-Mwait will be used to enter C-3 state
[    0.726867] ACPI: \_SB_.PR00: Found 3 idle states
[    0.726870] intel_idle: v0.5.1 model 0x7E
[    0.727607] intel_idle: Local APIC timer is reliable in all C-states
[    0.727984] input: Lid Switch as /devices/LNXSYSTM:00/LNXSYBUS:00/PNP0C0D:00/input/input0
[    0.728016] ACPI: Lid Switch [LID0]
[    0.731487] [Firmware Bug]: No valid trip found
[    0.731575] [Firmware Bug]: No valid trip found
[    0.731670] [Firmware Bug]: No valid trip found
[    0.731740] [Firmware Bug]: No valid trip found
[    0.731810] [Firmware Bug]: No valid trip found
[    0.731895] [Firmware Bug]: No valid trip found
[    0.731963] [Firmware Bug]: No valid trip found
[    0.732025] [Firmware Bug]: No valid trip found
[    0.732087] [Firmware Bug]: No valid trip found
[    0.732276] printk: console [ttynull0] enabled
[    0.732475] hpet_acpi_add: no address or irqs in _CRS
[    0.732771] Non-volatile memory driver v1.3
[    0.732946] Linux agpgart interface v0.103
[    0.733052] acpi INTC5000:00: GPIO: looking up 0 in _CRS
[    0.734535] AMD-Vi: AMD IOMMUv2 driver by Joerg Roedel <jroedel@suse.de>
[    0.734539] AMD-Vi: AMD IOMMUv2 functionality not available on this system
[    0.734750] [drm] Initialized vgem 1.0.0 20120112 for vgem on minor 0
[    0.734769] usbcore: registered new interface driver udl
[    0.737829] loop: module loaded
[    0.737980] lkdtm: No crash points registered, enable through debugfs
[    0.738098] pci 0000:00:15.0: attach allowed to drvr intel-lpss [trusted device]
[    0.749636] intel-lpss 0000:00:15.0: enabling device (0000 -> 0002)
[    0.750222] idma64 idma64.0: Found Intel integrated DMA 64-bit
[    0.754349] i2c_designware i2c_designware.0: GPIO lookup for consumer scl
[    0.754351] i2c_designware i2c_designware.0: using ACPI for GPIO lookup
[    0.754354] acpi device:73: GPIO: looking up scl-gpios
[    0.754356] acpi device:73: GPIO: looking up scl-gpio
[    0.754358] i2c_designware i2c_designware.0: using lookup tables for GPIO lookup
[    0.754360] i2c_designware i2c_designware.0: No GPIO consumer scl found
[    0.755573] pci 0000:00:15.2: attach allowed to drvr intel-lpss [trusted device]
[    0.767646] intel-lpss 0000:00:15.2: enabling device (0000 -> 0002)
[    0.768246] idma64 idma64.1: Found Intel integrated DMA 64-bit
[    0.772367] i2c_designware i2c_designware.1: GPIO lookup for consumer scl
[    0.772369] i2c_designware i2c_designware.1: using ACPI for GPIO lookup
[    0.772372] acpi device:75: GPIO: looking up scl-gpios
[    0.772374] acpi device:75: GPIO: looking up scl-gpio
[    0.772376] i2c_designware i2c_designware.1: using lookup tables for GPIO lookup
[    0.772378] i2c_designware i2c_designware.1: No GPIO consumer scl found
[    0.773582] pci 0000:00:15.3: attach allowed to drvr intel-lpss [trusted device]
[    0.785621] intel-lpss 0000:00:15.3: enabling device (0000 -> 0002)
[    0.786225] idma64 idma64.2: Found Intel integrated DMA 64-bit
[    0.790363] i2c_designware i2c_designware.2: GPIO lookup for consumer scl
[    0.790365] i2c_designware i2c_designware.2: using ACPI for GPIO lookup
[    0.790368] acpi device:76: GPIO: looking up scl-gpios
[    0.790370] acpi device:76: GPIO: looking up scl-gpio
[    0.790372] i2c_designware i2c_designware.2: using lookup tables for GPIO lookup
[    0.790374] i2c_designware i2c_designware.2: No GPIO consumer scl found
[    0.791588] pci 0000:00:19.0: attach allowed to drvr intel-lpss [trusted device]
[    0.803614] intel-lpss 0000:00:19.0: enabling device (0000 -> 0002)
[    0.808228] i2c_designware i2c_designware.3: GPIO lookup for consumer scl
[    0.808231] i2c_designware i2c_designware.3: using ACPI for GPIO lookup
[    0.808233] acpi device:77: GPIO: looking up scl-gpios
[    0.808235] acpi device:77: GPIO: looking up scl-gpio
[    0.808237] i2c_designware i2c_designware.3: using lookup tables for GPIO lookup
[    0.808239] i2c_designware i2c_designware.3: No GPIO consumer scl found
[    0.809332] pci 0000:00:1e.0: attach allowed to drvr intel-lpss [trusted device]
[    0.820622] intel-lpss 0000:00:1e.0: enabling device (0000 -> 0002)
[    0.821269] idma64 idma64.4: Found Intel integrated DMA 64-bit
[    0.823102] pci 0000:01:00.0: attach allowed to drvr nvme [trusted device]
[    0.823277] nvme nvme0: pci function 0000:01:00.0
[    0.823472] PPP generic driver version 2.4.2
[    0.823572] PPP MPPE Compression module registered
[    0.823643] ehci_hcd: USB 2.0 'Enhanced' Host Controller (EHCI) Driver
[    0.823645] ehci-pci: EHCI PCI platform driver
[    0.823666] ohci_hcd: USB 1.1 'Open' Host Controller (OHCI) Driver
[    0.823672] ohci-pci: OHCI PCI platform driver
[    0.823695] uhci_hcd: USB Universal Host Controller Interface driver
[    0.823737] pci 0000:00:0d.0: attach allowed to drvr xhci_hcd [trusted device]
[    0.823820] xhci_hcd 0000:00:0d.0: xHCI Host Controller
[    0.823880] xhci_hcd 0000:00:0d.0: new USB bus registered, assigned bus number 1
[    0.824977] xhci_hcd 0000:00:0d.0: hcc params 0x20007fc1 hci version 0x110 quirks 0x0000000200009810
[    0.824987] xhci_hcd 0000:00:0d.0: cache line size of 64 is not supported
[    0.825250] usb usb1: New USB device found, idVendor=1d6b, idProduct=0002, bcdDevice= 5.10
[    0.825253] usb usb1: New USB device strings: Mfr=3, Product=2, SerialNumber=1
[    0.825256] usb usb1: Product: xHCI Host Controller
[    0.825259] usb usb1: Manufacturer: Linux 5.10.6 xhci-hcd
[    0.825262] usb usb1: SerialNumber: 0000:00:0d.0
[    0.825465] hub 1-0:1.0: USB hub found
[    0.825478] hub 1-0:1.0: 1 port detected
[    0.825805] xhci_hcd 0000:00:0d.0: xHCI Host Controller
[    0.825883] xhci_hcd 0000:00:0d.0: new USB bus registered, assigned bus number 2
[    0.825889] xhci_hcd 0000:00:0d.0: Host supports USB 3.1 Enhanced SuperSpeed
[    0.825968] usb usb2: New USB device found, idVendor=1d6b, idProduct=0003, bcdDevice= 5.10
[    0.825971] usb usb2: New USB device strings: Mfr=3, Product=2, SerialNumber=1
[    0.825975] usb usb2: Product: xHCI Host Controller
[    0.825978] usb usb2: Manufacturer: Linux 5.10.6 xhci-hcd
[    0.825981] usb usb2: SerialNumber: 0000:00:0d.0
[    0.826156] hub 2-0:1.0: USB hub found
[    0.826173] hub 2-0:1.0: 4 ports detected
[    0.827138] pci 0000:00:14.0: attach allowed to drvr xhci_hcd [trusted device]
[    0.827416] xhci_hcd 0000:00:14.0: xHCI Host Controller
[    0.827580] xhci_hcd 0000:00:14.0: new USB bus registered, assigned bus number 3
[    0.828487] nvme nvme0: missing or invalid SUBNQN field.
[    0.828738] xhci_hcd 0000:00:14.0: hcc params 0x20007fc1 hci version 0x110 quirks 0x0000000000009810
[    0.828751] xhci_hcd 0000:00:14.0: cache line size of 64 is not supported
[    0.829128] usb usb3: New USB device found, idVendor=1d6b, idProduct=0002, bcdDevice= 5.10
[    0.829132] usb usb3: New USB device strings: Mfr=3, Product=2, SerialNumber=1
[    0.829135] usb usb3: Product: xHCI Host Controller
[    0.829138] usb usb3: Manufacturer: Linux 5.10.6 xhci-hcd
[    0.829140] usb usb3: SerialNumber: 0000:00:14.0
[    0.829428] hub 3-0:1.0: USB hub found
[    0.829454] hub 3-0:1.0: 12 ports detected
[    0.830170] nvme nvme0: 8/0/0 default/read/poll queues
[    0.831683] xhci_hcd 0000:00:14.0: xHCI Host Controller
[    0.831757] xhci_hcd 0000:00:14.0: new USB bus registered, assigned bus number 4
[    0.831763] xhci_hcd 0000:00:14.0: Host supports USB 3.1 Enhanced SuperSpeed
[    0.831830] usb usb4: New USB device found, idVendor=1d6b, idProduct=0003, bcdDevice= 5.10
[    0.831833] usb usb4: New USB device strings: Mfr=3, Product=2, SerialNumber=1
[    0.831836] usb usb4: Product: xHCI Host Controller
[    0.831839] usb usb4: Manufacturer: Linux 5.10.6 xhci-hcd
[    0.831842] usb usb4: SerialNumber: 0000:00:14.0
[    0.831999] hub 4-0:1.0: USB hub found
[    0.832019] hub 4-0:1.0: 6 ports detected
[    0.833131] usbcore: registered new interface driver cdc_acm
[    0.833134] cdc_acm: USB Abstract Control Model driver for USB modems and ISDN adapters
[    0.833245] usbcore: registered new interface driver uas
[    0.833283] usbcore: registered new interface driver usb-storage
[    0.833298] usbcore: registered new interface driver ums-realtek
[    0.833328] usbcore: registered new interface driver usbserial_generic
[    0.833336] usbserial: USB Serial support registered for generic
[    0.833376] i8042: PNP: No PS/2 controller found.
[    0.833667] rtc_cmos 00:01: RTC can wake from S4
[    0.834343] rtc_cmos 00:01: registered as rtc0
[    0.834349] rtc_cmos 00:01: GPIO lookup for consumer wp
[    0.834351] rtc_cmos 00:01: using ACPI for GPIO lookup
[    0.834355] acpi PNP0B00:00: GPIO: looking up wp-gpios
[    0.834358] acpi PNP0B00:00: GPIO: looking up wp-gpio
[    0.834361] rtc_cmos 00:01: using lookup tables for GPIO lookup
[    0.834364] rtc_cmos 00:01: No GPIO consumer wp found
[    0.834392] rtc_cmos 00:01: alarms up to one month, y3k, 242 bytes nvram
[    0.834427] i2c /dev entries driver
[    0.834684] IR NEC protocol handler initialized
[    0.834687] IR RC5(x/sz) protocol handler initialized
[    0.834690] IR RC6 protocol handler initialized
[    0.834692] IR JVC protocol handler initialized
[    0.834695] IR Sony protocol handler initialized
[    0.834697] IR SANYO protocol handler initialized
[    0.834699] IR Sharp protocol handler initialized
[    0.834702] IR MCE Keyboard/mouse protocol handler initialized
[    0.834704] IR XMP protocol handler initialized
[    0.839355]  nvme0n1: p1 p2 p3 p4
[    0.841661] pci 0000:00:04.0: attach allowed to drvr proc_thermal [trusted device]
[    0.841686] proc_thermal 0000:00:04.0: enabling device (0000 -> 0002)
[    0.844176] intel_rapl_common: Found RAPL domain package
[    0.844351] proc_thermal 0000:00:04.0: Creating sysfs group for PROC_THERMAL_PCI
[    0.844429] iTCO_wdt: Intel TCO WatchDog Timer Driver v1.11
[    0.844452] iTCO_vendor_support: vendor-support=0
[    0.844593] device-mapper: ioctl: 4.43.0-ioctl (2020-10-01) initialised: dm-devel@redhat.com
[    0.844701] device-mapper: verity-chromeos: dm-verity-chromeos registered
[    0.844706] intel_pstate: Intel P-state driver initializing
[    0.845965] intel_pstate: HWP enabled
[    0.845995] sdhci: Secure Digital Host Controller Interface driver
[    0.845998] sdhci: Copyright(c) Pierre Ossman
[    0.846232] Driver 'memconsole' was unable to register with bus_type 'coreboot' because the bus was not initialized.
[    0.846235] Driver 'vpd' was unable to register with bus_type 'coreboot' because the bus was not initialized.
[    0.846239] EFI Variables Facility v0.08 2004-May-17
[    0.876327] pstore: Registered efi as persistent store backend
[    0.876356] hid: raw HID events driver (C) Jiri Kosina
[    0.876560] usbcore: registered new interface driver usbhid
[    0.876563] usbhid: USB HID core driver
[    0.876691] ashmem: initialized
[    0.876810] intel_pmc_core INT33A1:00:  initialized
[    0.878072] cros_ec_lpcs: unsupported system.
[    0.878325] intel_rapl_common: Found RAPL domain package
[    0.878329] intel_rapl_common: Found RAPL domain core
[    0.878333] intel_rapl_common: Found RAPL domain uncore
[    0.878338] intel_rapl_common: Found RAPL domain psys
[    0.879114] GACT probability NOT on
[    0.879733] xt_time: kernel timezone is -0000
[    0.880000] Initializing XFRM netlink socket
[    0.880220] NET: Registered protocol family 10
[    0.880672] Segment Routing with IPv6
[    0.880817] NET: Registered protocol family 17
[    0.880825] NET: Registered protocol family 15
[    0.882065] microcode: sig=0x706e5, pf=0x80, revision=0x38
[    0.882222] microcode: Microcode Update Driver: v2.2.
[    0.882228] IPI shorthand broadcast: enabled
[    0.882241] AVX2 version of gcm_enc/dec engaged.
[    0.882244] AES CTR mode by8 optimization enabled
[    0.883016] sched_clock: Marking stable (878099091, 4908651)->(898442147, -15434405)
[    0.883122] registered taskstats version 1
[    0.883128] Loading compiled-in X.509 certificates
[    0.883188] Key type ._fscrypt registered
[    0.883191] Key type .fscrypt registered
[    0.883194] Key type fscrypt-provisioning registered
[    0.883345] pstore: Using crash dump compression: deflate
[    0.883732] Key type encrypted registered
[    0.885615] PM:   Magic number: 7:857:25
[    0.885867] ALSA device list:
[    0.885873]   No soundcards found.
[    0.885930] Waiting for root device PARTUUID=E9091036-6E1F-E140-B916-3E4F3502736B...
[    1.156572] usb 3-8: new full-speed USB device number 2 using xhci_hcd
[    1.284691] usb 3-8: New USB device found, idVendor=045e, idProduct=07e2, bcdDevice= 3.07
[    1.284699] usb 3-8: New USB device strings: Mfr=1, Product=2, SerialNumber=0
[    1.284702] usb 3-8: Product: Surface Type Cover
[    1.284705] usb 3-8: Manufacturer: Microsoft
[    1.301306] input: Microsoft Surface Type Cover Keyboard as /devices/pci0000:00/0000:00:14.0/usb3/3-8/3-8:1.0/0003:045E:07E2.0001/input/input1
[    1.352784] input: Microsoft Surface Type Cover Mouse as /devices/pci0000:00/0000:00:14.0/usb3/3-8/3-8:1.0/0003:045E:07E2.0001/input/input2
[    1.352892] input: Microsoft Surface Type Cover Consumer Control as /devices/pci0000:00/0000:00:14.0/usb3/3-8/3-8:1.0/0003:045E:07E2.0001/input/input3
[    1.352967] input: Microsoft Surface Type Cover UNKNOWN as /devices/pci0000:00/0000:00:14.0/usb3/3-8/3-8:1.0/0003:045E:07E2.0001/input/input4
[    1.353039] input: Microsoft Surface Type Cover Touchpad as /devices/pci0000:00/0000:00:14.0/usb3/3-8/3-8:1.0/0003:045E:07E2.0001/input/input5
[    1.353110] input: Microsoft Surface Type Cover UNKNOWN as /devices/pci0000:00/0000:00:14.0/usb3/3-8/3-8:1.0/0003:045E:07E2.0001/input/input6
[    1.353179] input: Microsoft Surface Type Cover UNKNOWN as /devices/pci0000:00/0000:00:14.0/usb3/3-8/3-8:1.0/0003:045E:07E2.0001/input/input7
[    1.353255] input: Microsoft Surface Type Cover UNKNOWN as /devices/pci0000:00/0000:00:14.0/usb3/3-8/3-8:1.0/0003:045E:07E2.0001/input/input8
[    1.353394] hid-multitouch 0003:045E:07E2.0001: input,hiddev96,hidraw0: USB HID v1.11 Keyboard [Microsoft Surface Type Cover] on usb-0000:00:14.0-8/input0
[    1.396794] usb 4-2: new SuperSpeed Gen 1 USB device number 2 using xhci_hcd
[    1.409768] usb 4-2: New USB device found, idVendor=152d, idProduct=0576, bcdDevice= 1.03
[    1.409775] usb 4-2: New USB device strings: Mfr=1, Product=2, SerialNumber=3
[    1.409778] usb 4-2: Product: USB to ATA/ATAPI Bridge
[    1.409780] usb 4-2: Manufacturer: JMicron
[    1.409783] usb 4-2: SerialNumber: 0123456789ABCDEF
[    1.414900] scsi host0: uas
[    1.415750] scsi 0:0:0:0: Direct-Access     JMicron  Generic          0103 PQ: 0 ANSI: 6
[    1.417598] sd 0:0:0:0: [sda] 125045424 512-byte logical blocks: (64.0 GB/59.6 GiB)
[    1.417604] sd 0:0:0:0: [sda] 4096-byte physical blocks
[    1.417758] sd 0:0:0:0: [sda] Write Protect is off
[    1.417763] sd 0:0:0:0: [sda] Mode Sense: 53 00 00 08
[    1.418112] sd 0:0:0:0: [sda] Write cache: enabled, read cache: enabled, doesn't support DPO or FUA
[    1.418424] sd 0:0:0:0: [sda] Optimal transfer size 33553920 bytes not a multiple of physical block size (4096 bytes)
[    1.423571]  sda: sda1 sda2 sda3 sda4 sda5 sda6 sda7 sda8 sda9 sda10 sda11 sda12
[    1.425868] sd 0:0:0:0: [sda] Attached SCSI disk
[    1.432586] EXT4-fs (sda3): mounting ext2 file system using the ext4 subsystem
[    1.434080] EXT4-fs (sda3): mounted filesystem without journal. Opts: (null)
[    1.434103] VFS: Mounted root (ext2 filesystem) readonly on device 8:3.
[    1.435117] devtmpfs: mounted
[    1.449545] Freeing unused kernel image (initmem) memory: 1540K
[    1.450564] Write protecting the kernel read-only data: 20480k
[    1.451670] Freeing unused kernel image (text/rodata gap) memory: 2032K
[    1.452054] Freeing unused kernel image (rodata/data gap) memory: 648K
[    1.452063] Run /sbin/init as init process
[    1.452065]   with arguments:
[    1.452066]     /sbin/init
[    1.452068]     noresume
[    1.452069]     noswap
[    1.452070]     cros_efi
[    1.452071]     cros_debug
[    1.452072]   with environment:
[    1.452074]     HOME=/
[    1.452075]     TERM=linux
[    1.452077]     BOOT_IMAGE=/syslinux/vmlinuz.A
[    1.452078]     boot=local
[    1.507287] SELinux:  Permission perfmon in class capability2 not defined in policy.
[    1.507292] SELinux:  Permission bpf in class capability2 not defined in policy.
[    1.507295] SELinux:  Permission checkpoint_restore in class capability2 not defined in policy.
[    1.507304] SELinux:  Permission perfmon in class cap2_userns not defined in policy.
[    1.507306] SELinux:  Permission bpf in class cap2_userns not defined in policy.
[    1.507308] SELinux:  Permission checkpoint_restore in class cap2_userns not defined in policy.
[    1.507348] SELinux:  Class perf_event not defined in policy.
[    1.507350] SELinux:  Class lockdown not defined in policy.
[    1.507351] SELinux: the above unknown classes and permissions will be allowed
[    1.509431] SELinux:  policy capability network_peer_controls=1
[    1.509434] SELinux:  policy capability open_perms=1
[    1.509435] SELinux:  policy capability extended_socket_class=1
[    1.509437] SELinux:  policy capability always_check_network=0
[    1.509439] SELinux:  policy capability cgroup_seclabel=0
[    1.509440] SELinux:  policy capability nnp_nosuid_transition=1
[    1.509442] SELinux:  policy capability genfs_seclabel_symlinks=0
[    1.522447] usb 3-10: new full-speed USB device number 3 using xhci_hcd
[    1.551708] audit: type=1403 audit(1570536161.380:2): auid=4294967295 ses=4294967295 lsm=selinux res=1
[    1.561725] audit: type=1400 audit(1570536161.390:3): avc:  denied  { relabelfrom } for  pid=1 comm="init" name="/" dev="tmpfs" ino=1 scontext=u:r:kernel:s0 tcontext=u:object_r:tmpfs:s0 tclass=dir permissive=1
[    1.561739] audit: type=1400 audit(1570536161.390:4): avc:  denied  { relabelto } for  pid=1 comm="init" name="/" dev="tmpfs" ino=1 scontext=u:r:kernel:s0 tcontext=u:object_r:cros_run:s0 tclass=dir permissive=1
[    1.561745] audit: type=1400 audit(1570536161.390:5): avc:  denied  { relabelto } for  pid=1 comm="init" name="lock" dev="tmpfs" ino=2 scontext=u:r:kernel:s0 tcontext=u:object_r:cros_run_lock:s0 tclass=dir permissive=1
[    1.563699] audit: type=1400 audit(1570536161.392:6): avc:  denied  { setattr } for  pid=1 comm="init" name="lock" dev="tmpfs" ino=2 scontext=u:r:cros_init:s0 tcontext=u:object_r:cros_run_lock:s0 tclass=dir permissive=1
[    1.563713] audit: type=1400 audit(1570536161.392:7): avc:  denied  { search } for  pid=1 comm="init" name="features" dev="sysfs" ino=14664 scontext=u:r:cros_init:s0 tcontext=u:object_r:sysfs_fs_ext4_features:s0 tclass=dir permissive=1
[    1.563719] audit: type=1400 audit(1570536161.392:8): avc:  denied  { search } for  pid=1 comm="init" scontext=u:r:cros_init:s0 tcontext=u:r:kernel:s0 tclass=key permissive=1
[    1.563824] audit: type=1400 audit(1570536161.392:9): avc:  denied  { watch } for  pid=1 comm="init" path="/etc" dev="sda3" ino=117841 scontext=u:r:cros_init:s0 tcontext=u:object_r:cros_conf_file:s0 tclass=dir permissive=1
[    1.632559] audit: type=1400 audit(1570536161.461:10): avc:  denied  { read } for  pid=156 comm="sh" path="pipe:[14344]" dev="pipefs" ino=14344 scontext=u:r:cros_init_scripts:s0 tcontext=u:r:cros_init:s0 tclass=fifo_file permissive=1
[    1.649908] usb 3-10: New USB device found, idVendor=8087, idProduct=0026, bcdDevice= 0.02
[    1.649930] usb 3-10: New USB device strings: Mfr=0, Product=0, SerialNumber=0
[    1.763361] udevd[173]: starting version 225
[    1.793769] NMI watchdog: Enabled. Permanently consumes one hw-PMU counter.
[    1.855831] LoadPin: sda3 (8:3): writable
[    1.855855] LoadPin: enforcement can be disabled.
[    1.855883] LoadPin: kernel-module pinned obj="/lib/modules/5.10.6/kernel/drivers/input/joydev.ko" pid=205 cmdline="udevd --daemon"
[    1.977955] Setting dangerous option enable_guc - tainting kernel
[    1.977965] Setting dangerous option enable_psr - tainting kernel
[    1.978645] pci 0000:00:02.0: attach allowed to drvr i915 [trusted device]
[    1.989119] i915 0000:00:02.0: [drm] Finished loading DMC firmware i915/icl_dmc_ver1_09.bin (v1.9)
[    2.037242] [drm] GuC communication enabled
[    2.048052] i915 0000:00:02.0: [drm] GuC firmware i915/icl_guc_33.0.0.bin version 33.0 submission:disabled
[    2.048064] i915 0000:00:02.0: [drm] HuC firmware i915/icl_huc_9.0.0.bin version 9.0 authenticated:yes
[    2.057538] [drm] Initialized i915 1.6.0 20200917 for 0000:00:02.0 on minor 1
[    2.063663] ACPI: Video Device [GFX0] (multi-head: yes  rom: no  post: no)
[    2.064480] input: Video Bus as /devices/LNXSYSTM:00/LNXSYBUS:00/PNP0A08:00/LNXVIDEO:00/input/input10
[    2.066615] i915 0000:00:02.0: [drm] fb0: i915drmfb frame buffer device
[    2.144752] EXT4-fs (sda1): mounted filesystem with ordered data mode. Opts: commit=600
[    2.149287] EXT4-fs (sda8): mounted filesystem with ordered data mode. Opts: (null)
[    2.176471] frecon[361]: Frecon using drm driver i915, version 1.6, date(20200917), desc(Intel Graphics) using atomic
[    2.193628] frecon[361]: tsm_screen: new screen
[    2.193656] frecon[361]: tsm_vte: new vte object
[    2.220893] frecon[361]: tsm_screen: new screen
[    2.220919] frecon[361]: tsm_vte: new vte object
[    2.238466] frecon[361]: tsm_screen: new screen
[    2.238504] frecon[361]: tsm_vte: new vte object
[    2.255329] frecon[361]: tsm_screen: new screen
[    2.255366] frecon[361]: tsm_vte: new vte object
[    2.339614] frecon[361]: Cannot get DBUS connection
[    2.401800] EXT4-fs (dm-0): mounted filesystem with ordered data mode. Opts: discard,commit=600
[    2.406488] EXT4-fs (dm-0): resizing filesystem from 4096 to 304718 blocks
[    2.411224] EXT4-fs (dm-0): resized filesystem to 304718
[    2.964976] EXT4-fs (sda1): re-mounted. Opts: resgid=20119,commit=600
[    3.061972] low_mem: threshold[0] 393 MB
[    3.061982] low_mem: threshold[1] 3024 MB
[    3.127435] systemd-journald[627]: Running without systemd.
[    3.131332] zram: Added device: zram0
[    3.179581] init: vpd-log main process (519) terminated with status 1
[    3.180114] systemd-journald[627]: Received request to flush runtime journal from PID 695
[    3.185261] zram0: detected capacity change from 0 to 11612864512
[    3.215469] Adding 11340684k swap on /dev/zram0.  Priority:-2 extents:1 across:11340684k SS
[    3.241655] init: Failed to spawn ext-pci-drivers-allowlist main process: unable to execute: No such file or directory
[    4.218326] EXT4-fs (sda1): resizing filesystem from 1048576 to 14892118 blocks
[    6.621588] EXT4-fs (sda1): resized filesystem to 14892118
[    6.690936] audit_log_lost: 554 callbacks suppressed
[    6.690939] audit: audit_lost=392 audit_rate_limit=1 audit_backlog_limit=64
[    6.690948] audit: rate limit exceeded
[    6.777198] init: tcsd main process (904) terminated with status 137
[    6.777249] init: tcsd main process ended, respawning
[    7.739068] audit: audit_lost=1137 audit_rate_limit=1 audit_backlog_limit=64
[    7.739077] audit: rate limit exceeded
[    8.745905] audit: audit_lost=1239 audit_rate_limit=1 audit_backlog_limit=64
[    8.745914] audit: rate limit exceeded
[   10.057495] audit: audit_lost=1257 audit_rate_limit=1 audit_backlog_limit=64
[   10.057509] audit: rate limit exceeded
[   12.011343] audit: audit_lost=1262 audit_rate_limit=1 audit_backlog_limit=64
[   12.011353] audit: rate limit exceeded
[   12.845677] EXT4-fs (sda8): re-mounted. Opts: 
[   12.845709] ext4 filesystem being remounted at /usr/share/oem supports timestamps until 2038 (0x7fffffff)
[   13.000674] init: failsafe-delay main process (843) killed by TERM signal
[   13.011962] audit: audit_lost=1820 audit_rate_limit=1 audit_backlog_limit=64
[   13.011974] audit: rate limit exceeded
[   13.052649] fuse: init (API version 7.32)
[   13.252591] cgroup: cgroup: disabling cgroup2 socket matching due to net_prio or net_cls activation
[   13.365546] soc_button_array MSHW0040:00: GPIO lookup for consumer (null)
[   13.365555] soc_button_array MSHW0040:00: using ACPI for GPIO lookup
[   13.365561] acpi MSHW0040:00: GPIO: looking up gpios
[   13.365568] acpi MSHW0040:00: GPIO: looking up gpio
[   13.365573] acpi MSHW0040:00: GPIO: looking up 2 in _CRS
[   13.365788] gpio gpiochip0: Persistence not supported for GPIO 246
[   13.365871] soc_button_array MSHW0040:00: GPIO lookup for consumer (null)
[   13.365876] soc_button_array MSHW0040:00: using ACPI for GPIO lookup
[   13.365881] acpi MSHW0040:00: GPIO: looking up gpios
[   13.365886] acpi MSHW0040:00: GPIO: looking up gpio
[   13.365891] acpi MSHW0040:00: GPIO: looking up 4 in _CRS
[   13.366118] gpio gpiochip0: Persistence not supported for GPIO 247
[   13.367088] input: gpio-keys as /devices/platform/MSHW0040:00/gpio-keys.1.auto/input/input11
[   13.369469] soc_button_array MSHW0040:00: GPIO lookup for consumer (null)
[   13.369475] soc_button_array MSHW0040:00: using ACPI for GPIO lookup
[   13.369481] acpi MSHW0040:00: GPIO: looking up gpios
[   13.369487] acpi MSHW0040:00: GPIO: looking up gpio
[   13.369493] acpi MSHW0040:00: GPIO: looking up 0 in _CRS
[   13.369723] gpio gpiochip0: Persistence not supported for GPIO 35
[   13.371545] input: gpio-keys as /devices/platform/MSHW0040:00/gpio-keys.2.auto/input/input12
[   13.550874] Intel(R) Wireless WiFi driver for Linux
[   13.550953] pci 0000:00:14.3: attach allowed to drvr iwlwifi [trusted device]
[   13.557659] iwlwifi 0000:00:14.3: enabling device (0000 -> 0002)
[   13.564617] udevd[2043]: Process '/bin/chown -R root:wilco_dtc /sys/firmware/dmi/tables' failed with exit code 1.
[   13.566521] pci 0000:00:1f.3: attach allowed to drvr snd_hda_intel [trusted device]
[   13.566591] snd_hda_intel 0000:00:1f.3: DSP detected with PCI class/subclass/prog-if info 0x040380
[   13.566631] snd_hda_intel 0000:00:1f.3: enabling device (0000 -> 0002)
[   13.567698] snd_hda_intel 0000:00:1f.3: bound 0000:00:02.0 (ops __SCT__tp_func_render_mmio [i915])
[   13.590948] iwlwifi 0000:00:14.3: api flags index 2 larger than supported by driver
[   13.590990] iwlwifi 0000:00:14.3: TLV_FW_FSEQ_VERSION: FSEQ Version: 65.3.35.22
[   13.591750] iwlwifi 0000:00:14.3: loaded firmware version 59.601f3a66.0 Qu-c0-hr-b0-59.ucode op_mode iwlmvm
[   13.681637] snd_hda_codec_realtek hdaudioC0D0: autoconfig for ALC274: line_outs=1 (0x1b/0x0/0x0/0x0/0x0) type:speaker
[   13.681650] snd_hda_codec_realtek hdaudioC0D0:    speaker_outs=0 (0x0/0x0/0x0/0x0/0x0)
[   13.681657] snd_hda_codec_realtek hdaudioC0D0:    hp_outs=1 (0x21/0x0/0x0/0x0/0x0)
[   13.681663] snd_hda_codec_realtek hdaudioC0D0:    mono: mono_out=0x0
[   13.681668] snd_hda_codec_realtek hdaudioC0D0:    inputs:
[   13.681675] snd_hda_codec_realtek hdaudioC0D0:      Mic=0x19
[   13.681681] snd_hda_codec_realtek hdaudioC0D0:      Internal Mic=0x12
[   13.694596] iwlwifi 0000:00:14.3: Detected Intel(R) Wi-Fi 6 AX201 160MHz, REV=0x338
[   13.823256] Bluetooth: bt_init() Core ver 2.22
[   13.823383] NET: Registered protocol family 31
[   13.823390] Bluetooth: bt_init() HCI device and connection manager initialized
[   13.823402] Bluetooth: hci_sock_init() HCI socket layer initialized
[   13.823410] Bluetooth: l2cap_init_sockets() L2CAP socket layer initialized
[   13.823607] Bluetooth: sco_init() SCO socket layer initialized
[   13.884874] iwlwifi 0000:00:14.3: base HW address: cc:d9:ac:0b:16:11
[   13.899338] thermal thermal_zone9: failed to read out thermal zone (-61)
[   13.928366] usb 3-10: GPIO lookup for consumer reset
[   13.928379] usb 3-10: using ACPI for GPIO lookup
[   13.928390] acpi device:2e: GPIO: looking up reset-gpios
[   13.928398] acpi device:2e: GPIO: looking up reset-gpio
[   13.928406] usb 3-10: using lookup tables for GPIO lookup
[   13.928413] usb 3-10: No GPIO consumer reset found
[   13.929039] usbcore: registered new interface driver btusb
[   13.939589] Bluetooth: btintel_version_info() hci0: Bootloader revision 0.4 build 0 week 11 2017
[   13.940858] Bluetooth: btintel_read_boot_params() hci0: Device revision is 2
[   13.940871] Bluetooth: btintel_read_boot_params() hci0: Secure boot is enabled
[   13.940879] Bluetooth: btintel_read_boot_params() hci0: OTP lock is enabled
[   13.940887] Bluetooth: btintel_read_boot_params() hci0: API lock is enabled
[   13.940895] Bluetooth: btintel_read_boot_params() hci0: Debug lock is disabled
[   13.940905] Bluetooth: btintel_read_boot_params() hci0: Minimum firmware build 1 week 10 2014
[   13.947033] Bluetooth: btusb_intel_download_firmware() hci0: Found device firmware: intel/ibt-19-32-4.sfi
[   14.069560] audit: audit_lost=2687 audit_rate_limit=1 audit_backlog_limit=64
[   14.069569] audit: rate limit exceeded
[   14.186691] input: HDA Intel PCH Mic as /devices/pci0000:00/0000:00:1f.3/sound/card0/input13
[   14.187053] input: HDA Intel PCH Headphone as /devices/pci0000:00/0000:00:1f.3/sound/card0/input14
[   14.187330] input: HDA Intel PCH HDMI/DP,pcm=3 as /devices/pci0000:00/0000:00:1f.3/sound/card0/input15
[   14.187601] input: HDA Intel PCH HDMI/DP,pcm=7 as /devices/pci0000:00/0000:00:1f.3/sound/card0/input16
[   14.187881] input: HDA Intel PCH HDMI/DP,pcm=8 as /devices/pci0000:00/0000:00:1f.3/sound/card0/input17
[   14.188098] input: HDA Intel PCH HDMI/DP,pcm=9 as /devices/pci0000:00/0000:00:1f.3/sound/card0/input18
[   14.188507] input: HDA Intel PCH HDMI/DP,pcm=10 as /devices/pci0000:00/0000:00:1f.3/sound/card0/input19
[   14.188746] input: HDA Intel PCH HDMI/DP,pcm=11 as /devices/pci0000:00/0000:00:1f.3/sound/card0/input20
[   14.189077] input: HDA Intel PCH HDMI/DP,pcm=12 as /devices/pci0000:00/0000:00:1f.3/sound/card0/input21
[   14.555507] EXT4-fs (sda8): re-mounted. Opts: 
[   15.072166] audit: audit_lost=3436 audit_rate_limit=1 audit_backlog_limit=64
[   15.072176] audit: rate limit exceeded
[   15.760196] Bluetooth: btusb_intel_download_firmware() hci0: Waiting for firmware download to complete
[   15.760523] Bluetooth: btusb_setup_intel_new() hci0: Firmware loaded in 1786029 usecs
[   15.760612] Bluetooth: btusb_setup_intel_new() hci0: Waiting for device to boot
[   15.775475] Bluetooth: btusb_setup_intel_new() hci0: Device booted in 14575 usecs
[   15.826018] Bluetooth: btintel_load_ddc_config() hci0: Found Intel DDC parameters: intel/ibt-19-32-4.ddc
[   15.827489] Bluetooth: btintel_load_ddc_config() hci0: Applying Intel DDC parameters completed
[   15.830495] Bluetooth: btintel_version_info() hci0: Firmware revision 0.0 build 127 week 48 2020
[   15.900405] NET: Registered protocol family 38
[   16.260713] audit: audit_lost=3773 audit_rate_limit=1 audit_backlog_limit=64
[   16.260722] audit: rate limit exceeded
[   16.409983] Bluetooth: rfcomm_init_sockets() RFCOMM socket layer initialized
[   16.410051] Bluetooth: rfcomm_init() RFCOMM ver 1.11
[   17.268266] audit: audit_lost=3932 audit_rate_limit=1 audit_backlog_limit=64
[   17.268282] audit: rate limit exceeded
[   17.825414] cgroup: Unknown subsys name 'memory'
[   17.830870] cgroup: Unknown subsys name 'schedtune'
[   17.838088] new mount options do not match the existing superblock, will be ignored
[   18.437800] audit: audit_lost=4163 audit_rate_limit=1 audit_backlog_limit=64
[   18.437809] audit: rate limit exceeded
[   19.793613] binder: 3159:3159 transaction failed 29189/-22, size 0-0 line 2956
[   19.793760] audit: audit_lost=4177 audit_rate_limit=1 audit_backlog_limit=64
[   19.793771] audit: rate limit exceeded
[   20.794521] audit: audit_lost=4220 audit_rate_limit=1 audit_backlog_limit=64
[   20.794530] audit: rate limit exceeded
[   22.036341] audit: audit_lost=4352 audit_rate_limit=1 audit_backlog_limit=64
[   22.036352] audit: rate limit exceeded
[   23.146409] audit: audit_lost=4364 audit_rate_limit=1 audit_backlog_limit=64
[   23.146476] audit: rate limit exceeded
[   24.864054] audit: audit_lost=4374 audit_rate_limit=1 audit_backlog_limit=64
[   24.864066] audit: rate limit exceeded
[   26.742014] audit: audit_lost=4411 audit_rate_limit=1 audit_backlog_limit=64
[   26.742021] audit: rate limit exceeded
[   29.096403] wlan0: authenticate with 2c:b2:1a:98:73:ae
[   29.101260] wlan0: send auth to 2c:b2:1a:98:73:ae (try 1/3)
[   29.101658] audit: audit_lost=4432 audit_rate_limit=1 audit_backlog_limit=64
[   29.101667] audit: rate limit exceeded
[   29.143619] wlan0: authenticated
[   29.145458] wlan0: associate with 2c:b2:1a:98:73:ae (try 1/3)
[   29.154402] wlan0: RX AssocResp from 2c:b2:1a:98:73:ae (capab=0x131 status=0 aid=5)
[   29.159990] wlan0: associated
[   29.184026] wlan0: Limiting TX power to 30 (30 - 0) dBm as advertised by 2c:b2:1a:98:73:ae
[   29.409102] IPv6: ADDRCONF(NETDEV_CHANGE): wlan0: link becomes ready
[   29.413515] wlan0: dropped frame to 2c:b2:1a:98:73:ae (unauthorized port)
[   30.859533] audit: audit_lost=4458 audit_rate_limit=1 audit_backlog_limit=64
[   30.859547] audit: rate limit exceeded
[   31.394525] capability: warning: `main' uses 32-bit capabilities (legacy support in use)
[   34.934695] audit: audit_lost=4490 audit_rate_limit=1 audit_backlog_limit=64
[   34.934704] audit: rate limit exceeded
[   36.732659] audit: audit_lost=4629 audit_rate_limit=1 audit_backlog_limit=64
[   36.732674] audit: rate limit exceeded
[   37.767283] audit: audit_lost=4634 audit_rate_limit=1 audit_backlog_limit=64
[   37.767293] audit: rate limit exceeded
[   40.412606] audit: audit_lost=4641 audit_rate_limit=1 audit_backlog_limit=64
[   40.412621] audit: rate limit exceeded
[   42.078003] audit: audit_lost=4673 audit_rate_limit=1 audit_backlog_limit=64
[   42.078011] audit: rate limit exceeded
[   43.472649] audit: audit_lost=4767 audit_rate_limit=1 audit_backlog_limit=64
[   43.472660] audit: rate limit exceeded
[   48.426352] audit: audit_lost=4768 audit_rate_limit=1 audit_backlog_limit=64
[   48.426361] audit: rate limit exceeded
[   50.443917] audit: audit_lost=4772 audit_rate_limit=1 audit_backlog_limit=64
[   50.443925] audit: rate limit exceeded
[   53.483176] audit: audit_lost=4774 audit_rate_limit=1 audit_backlog_limit=64
[   53.483183] audit: rate limit exceeded
[   56.173807] audit: audit_lost=4776 audit_rate_limit=1 audit_backlog_limit=64
[   56.173820] audit: rate limit exceeded
[   57.224161] audit: audit_lost=4802 audit_rate_limit=1 audit_backlog_limit=64
[   57.224169] audit: rate limit exceeded
[   58.233172] audit: audit_lost=4804 audit_rate_limit=1 audit_backlog_limit=64
[   58.233179] audit: rate limit exceeded
[   59.097147] fscrypt: AES-256-CTS-CBC using implementation "cts(cbc-aes-aesni)"
[   59.121960] fscrypt: AES-256-XTS using implementation "xts-aes-aesni"
[   59.241031] audit: audit_lost=5018 audit_rate_limit=1 audit_backlog_limit=64
[   59.241042] audit: rate limit exceeded
[   59.293593] init: vmlog_forwarder pre-start process (3785) terminated with status 1
[   59.294880] init: seneschal pre-start process (3784) terminated with status 1
[   59.326253] init: vm_concierge pre-start process (3807) terminated with status 1
[   59.727480] Chromium OS LSM: nosymfollow option should be changed to MS_NOSYMFOLLOW flag.
[   59.938039] Chromium OS LSM: nosymfollow option should be changed to MS_NOSYMFOLLOW flag.
[   60.303576] audit: audit_lost=5553 audit_rate_limit=1 audit_backlog_limit=64
[   60.303596] audit: rate limit exceeded
[   60.325171] EXT4-fs (sda1): re-mounted. Opts: 
[   60.475871] tun: Universal TUN/TAP device driver, 1.6
[   60.570570] IPv6: ADDRCONF(NETDEV_CHANGE): vetharc0: link becomes ready
[   60.570856] IPv6: ADDRCONF(NETDEV_CHANGE): arc0: link becomes ready
[   60.680020] arcbr0: port 1(vetharc0) entered blocking state
[   60.680038] arcbr0: port 1(vetharc0) entered disabled state
[   60.681512] device vetharc0 entered promiscuous mode
[   60.682016] arcbr0: port 1(vetharc0) entered blocking state
[   60.682028] arcbr0: port 1(vetharc0) entered forwarding state
[   60.952534] IPv6: ADDRCONF(NETDEV_CHANGE): wlan0: link becomes ready
[   60.958588] arc_wlan0: port 1(vethwlan0) entered blocking state
[   60.958600] arc_wlan0: port 1(vethwlan0) entered disabled state
[   60.959031] device vethwlan0 entered promiscuous mode
[   60.959338] arc_wlan0: port 1(vethwlan0) entered blocking state
[   60.959346] arc_wlan0: port 1(vethwlan0) entered forwarding state
[   61.304952] audit: audit_lost=6207 audit_rate_limit=1 audit_backlog_limit=64
[   61.304969] audit: rate limit exceeded
[   62.312160] audit: audit_lost=6422 audit_rate_limit=1 audit_backlog_limit=64
[   62.312172] audit: rate limit exceeded
[   63.392998] audit: audit_lost=6561 audit_rate_limit=1 audit_backlog_limit=64
[   63.393092] audit: rate limit exceeded
[   64.321280] ESDFS-fs (esdfs): mounted on top of /opt/google/containers/android/rootfs/android-data/data/media type ext4
[   64.321611] ESDFS-fs (esdfs): mounted on top of /opt/google/containers/android/rootfs/android-data/data/media type ext4
[   64.321841] ESDFS-fs (esdfs): mounted on top of /opt/google/containers/android/rootfs/android-data/data/media type ext4
[   64.406002] audit: audit_lost=6653 audit_rate_limit=1 audit_backlog_limit=64
[   64.406013] audit: rate limit exceeded
[   65.540998] audit: audit_lost=6682 audit_rate_limit=1 audit_backlog_limit=64
[   65.541015] audit: rate limit exceeded
[   66.584325] audit: audit_lost=6741 audit_rate_limit=1 audit_backlog_limit=64
[   66.584338] audit: rate limit exceeded
[   67.714864] audit: audit_lost=6859 audit_rate_limit=1 audit_backlog_limit=64
[   67.714879] audit: rate limit exceeded
[   68.347139] init: arc-adbd main process (3995) terminated with status 1
[   68.787758] audit: audit_lost=6942 audit_rate_limit=1 audit_backlog_limit=64
[   68.787776] audit: rate limit exceeded
[   69.794732] audit: audit_lost=6957 audit_rate_limit=1 audit_backlog_limit=64
[   69.794749] audit: rate limit exceeded
[   71.400713] audit: audit_lost=6967 audit_rate_limit=1 audit_backlog_limit=64
[   71.400725] audit: rate limit exceeded
[   72.493526] audit: audit_lost=6986 audit_rate_limit=1 audit_backlog_limit=64
[   72.493543] audit: rate limit exceeded
[   73.802170] audit: audit_lost=7016 audit_rate_limit=1 audit_backlog_limit=64
[   73.802180] audit: rate limit exceeded
[   74.902872] audit: audit_lost=7050 audit_rate_limit=1 audit_backlog_limit=64
[   74.902890] audit: rate limit exceeded
[   75.915032] audit: audit_lost=7069 audit_rate_limit=1 audit_backlog_limit=64
[   75.915048] audit: rate limit exceeded
[   77.085039] audit: audit_lost=7074 audit_rate_limit=1 audit_backlog_limit=64
[   77.085050] audit: rate limit exceeded
[   78.379611] pkglist: removing com.android.vending
[   78.390656] pkglist: removing com.google.android.gms
[   78.500182] audit: audit_lost=7086 audit_rate_limit=1 audit_backlog_limit=64
[   78.500196] audit: rate limit exceeded
[   79.935355] audit: audit_lost=7135 audit_rate_limit=1 audit_backlog_limit=64
[   79.935365] audit: rate limit exceeded
[   82.485336] audit: audit_lost=7160 audit_rate_limit=1 audit_backlog_limit=64
[   82.485346] audit: rate limit exceeded
[   83.489307] audit: audit_lost=7187 audit_rate_limit=1 audit_backlog_limit=64
[   83.489318] audit: rate limit exceeded
[   84.536586] audit: audit_lost=7393 audit_rate_limit=1 audit_backlog_limit=64
[   84.536594] audit: rate limit exceeded
[   85.540991] audit: audit_lost=7433 audit_rate_limit=1 audit_backlog_limit=64
[   85.541004] audit: rate limit exceeded
[   86.927411] audit: audit_lost=7435 audit_rate_limit=1 audit_backlog_limit=64
[   86.927439] audit: rate limit exceeded
[   88.377784] audit: audit_lost=7438 audit_rate_limit=1 audit_backlog_limit=64
[   88.377790] audit: rate limit exceeded
[   89.016054] usb 3-8: USB disconnect, device number 2
[   89.411335] audit: audit_lost=7567 audit_rate_limit=1 audit_backlog_limit=64
[   89.411346] audit: rate limit exceeded
[   90.520587] audit: audit_lost=7587 audit_rate_limit=1 audit_backlog_limit=64
[   90.520594] audit: rate limit exceeded
[   92.700901] audit: audit_lost=7594 audit_rate_limit=1 audit_backlog_limit=64
[   92.700909] audit: rate limit exceeded
[   93.812432] audit: audit_lost=7599 audit_rate_limit=1 audit_backlog_limit=64
[   93.812443] audit: rate limit exceeded
[   94.917981] audit: audit_lost=7660 audit_rate_limit=1 audit_backlog_limit=64
[   94.917991] audit: rate limit exceeded
[   94.996322] binder: undelivered TRANSACTION_COMPLETE
[   94.996338] binder: undelivered transaction 11738, process died.
[   96.564965] audit: audit_lost=7679 audit_rate_limit=1 audit_backlog_limit=64
[   96.564975] audit: rate limit exceeded
[   98.037053] audit: audit_lost=7712 audit_rate_limit=1 audit_backlog_limit=64
[   98.037062] audit: rate limit exceeded
[   99.300228] audit: audit_lost=7783 audit_rate_limit=1 audit_backlog_limit=64
[   99.300238] audit: rate limit exceeded
[  101.481400] audit: audit_lost=7852 audit_rate_limit=1 audit_backlog_limit=64
[  101.481408] audit: rate limit exceeded
[  102.853935] audit: audit_lost=7855 audit_rate_limit=1 audit_backlog_limit=64
[  102.853950] audit: rate limit exceeded
[  103.922826] audit: audit_lost=7878 audit_rate_limit=1 audit_backlog_limit=64
[  103.922837] audit: rate limit exceeded
[  105.436337] audit: audit_lost=8009 audit_rate_limit=1 audit_backlog_limit=64
[  105.436345] audit: rate limit exceeded
[  106.924596] audit: audit_lost=8013 audit_rate_limit=1 audit_backlog_limit=64
[  106.924606] audit: rate limit exceeded
[  108.135027] audit: audit_lost=8027 audit_rate_limit=1 audit_backlog_limit=64
[  108.135037] audit: rate limit exceeded
[  108.253889] PM: suspend entry (s2idle)
[  109.569771] audit: audit_lost=8198 audit_rate_limit=1 audit_backlog_limit=64
[  109.569780] audit: rate limit exceeded
[  110.621984] audit: audit_lost=8246 audit_rate_limit=1 audit_backlog_limit=64
[  110.621996] audit: rate limit exceeded
[  111.035670] Filesystems sync: 2.781 seconds
[  111.035680] PM: Preparing system for sleep (s2idle)
[  111.134489] Freezing user space processes ... (elapsed 0.042 seconds) done.
[  111.176764] OOM killer disabled.
[  111.176767] Freezing remaining freezable tasks ... (elapsed 0.001 seconds) done.
[  111.178423] PM: Suspending system (s2idle)
[  111.178863] [drm] GuC communication disabled
[  111.179642] input input21: calling input_dev_suspend+0x0/0x43 @ 6533, parent: card0
[  111.179655] input input21: input_dev_suspend+0x0/0x43 returned 0 after 1 usecs
[  111.179667] input input20: calling input_dev_suspend+0x0/0x43 @ 6533, parent: card0
[  111.179675] input input20: input_dev_suspend+0x0/0x43 returned 0 after 0 usecs
[  111.179685] input input19: calling input_dev_suspend+0x0/0x43 @ 6533, parent: card0
[  111.179693] input input19: input_dev_suspend+0x0/0x43 returned 0 after 0 usecs
[  111.179704] input input18: calling input_dev_suspend+0x0/0x43 @ 6533, parent: card0
[  111.179711] input input18: input_dev_suspend+0x0/0x43 returned 0 after 0 usecs
[  111.179721] input input17: calling input_dev_suspend+0x0/0x43 @ 6533, parent: card0
[  111.179728] input input17: input_dev_suspend+0x0/0x43 returned 0 after 0 usecs
[  111.179739] input input16: calling input_dev_suspend+0x0/0x43 @ 6533, parent: card0
[  111.179746] input input16: input_dev_suspend+0x0/0x43 returned 0 after 0 usecs
[  111.179756] input input15: calling input_dev_suspend+0x0/0x43 @ 6533, parent: card0
[  111.179764] input input15: input_dev_suspend+0x0/0x43 returned 0 after 0 usecs
[  111.179775] input input14: calling input_dev_suspend+0x0/0x43 @ 6533, parent: card0
[  111.179782] input input14: input_dev_suspend+0x0/0x43 returned 0 after 0 usecs
[  111.179793] input input13: calling input_dev_suspend+0x0/0x43 @ 6533, parent: card0
[  111.179800] input input13: input_dev_suspend+0x0/0x43 returned 0 after 0 usecs
[  111.179816] sound pcmC0D12p: calling do_pcm_suspend+0x0/0x1f @ 6533, parent: card0
[  111.179825] sound pcmC0D12p: do_pcm_suspend+0x0/0x1f returned 0 after 1 usecs
[  111.179834] sound pcmC0D11p: calling do_pcm_suspend+0x0/0x1f @ 6533, parent: card0
[  111.179841] sound pcmC0D11p: do_pcm_suspend+0x0/0x1f returned 0 after 0 usecs
[  111.179850] sound pcmC0D10p: calling do_pcm_suspend+0x0/0x1f @ 6533, parent: card0
[  111.179857] sound pcmC0D10p: do_pcm_suspend+0x0/0x1f returned 0 after 0 usecs
[  111.179866] sound pcmC0D9p: calling do_pcm_suspend+0x0/0x1f @ 6533, parent: card0
[  111.179872] sound pcmC0D9p: do_pcm_suspend+0x0/0x1f returned 0 after 0 usecs
[  111.179880] sound pcmC0D8p: calling do_pcm_suspend+0x0/0x1f @ 6533, parent: card0
[  111.179887] sound pcmC0D8p: do_pcm_suspend+0x0/0x1f returned 0 after 0 usecs
[  111.179895] sound pcmC0D7p: calling do_pcm_suspend+0x0/0x1f @ 6533, parent: card0
[  111.179902] sound pcmC0D7p: do_pcm_suspend+0x0/0x1f returned 0 after 0 usecs
[  111.179910] sound pcmC0D3p: calling do_pcm_suspend+0x0/0x1f @ 6533, parent: card0
[  111.179917] sound pcmC0D3p: do_pcm_suspend+0x0/0x1f returned 0 after 0 usecs
[  111.179926] sound pcmC0D0c: calling do_pcm_suspend+0x0/0x1f @ 6533, parent: card0
[  111.179933] sound pcmC0D0c: do_pcm_suspend+0x0/0x1f returned 0 after 0 usecs
[  111.179941] sound pcmC0D0p: calling do_pcm_suspend+0x0/0x1f @ 6533, parent: card0
[  111.179947] sound pcmC0D0p: do_pcm_suspend+0x0/0x1f returned 0 after 0 usecs
[  111.179976] rfkill rfkill1: calling rfkill_suspend+0x0/0x1d @ 6533, parent: hci0
[  111.179986] rfkill rfkill1: rfkill_suspend+0x0/0x1d returned 0 after 2 usecs
[  111.180002] rfkill rfkill0: calling rfkill_suspend+0x0/0x1d @ 6533, parent: phy0
[  111.180010] rfkill rfkill0: rfkill_suspend+0x0/0x1d returned 0 after 0 usecs
[  111.180024] leds phy0-led: calling led_suspend+0x0/0x3b @ 6533, parent: 0000:00:14.3
[  111.180032] leds phy0-led: led_suspend+0x0/0x3b returned 0 after 0 usecs
[  111.180050] input input12: calling input_dev_suspend+0x0/0x43 @ 6533, parent: gpio-keys.2.auto
[  111.180059] input input12: input_dev_suspend+0x0/0x43 returned 0 after 1 usecs
[  111.180073] gpio-keys gpio-keys.2.auto: calling platform_pm_suspend+0x0/0x46 @ 6533, parent: MSHW0040:00
[  111.180086] gpio-keys gpio-keys.2.auto: platform_pm_suspend+0x0/0x46 returned 0 after 5 usecs
[  111.180098] input input11: calling input_dev_suspend+0x0/0x43 @ 6533, parent: gpio-keys.1.auto
[  111.180106] input input11: input_dev_suspend+0x0/0x43 returned 0 after 0 usecs
[  111.180146] ieee80211 phy0: calling wiphy_suspend+0x0/0x277 [cfg80211] @ 7, parent: 0000:00:14.3
[  111.180163] snd_hda_codec_realtek hdaudioC0D0: calling hda_codec_pm_suspend+0x0/0x1c [snd_hda_codec] @ 120, parent: 0000:00:1f.3
[  111.180173] wlan0: deauthenticating from 2c:b2:1a:98:73:ae by local choice (Reason: 3=DEAUTH_LEAVING)
[  111.180188] gpio-keys gpio-keys.1.auto: calling platform_pm_suspend+0x0/0x46 @ 6533, parent: MSHW0040:00
[  111.180197] gpio-keys gpio-keys.1.auto: platform_pm_suspend+0x0/0x46 returned 0 after 1 usecs
[  111.180217] platform regulatory.0: calling platform_pm_suspend+0x0/0x46 @ 6533, parent: platform
[  111.180224] platform regulatory.0: platform_pm_suspend+0x0/0x46 returned 0 after 0 usecs
[  111.180244] input input10: calling input_dev_suspend+0x0/0x43 @ 6533, parent: LNXVIDEO:00
[  111.180252] input input10: input_dev_suspend+0x0/0x43 returned 0 after 0 usecs
[  111.180282] backlight intel_backlight: calling backlight_suspend+0x0/0x78 @ 6533, parent: card1-eDP-1
[  111.180291] backlight intel_backlight: backlight_suspend+0x0/0x78 returned 0 after 1 usecs
[  111.180411] platform microcode: calling platform_pm_suspend+0x0/0x46 @ 6533, parent: platform
[  111.180422] usb 3-10: calling usb_dev_suspend+0x0/0x14 @ 116, parent: usb3
[  111.180450] platform microcode: platform_pm_suspend+0x0/0x46 returned 0 after 0 usecs
[  111.180518] sd 0:0:0:0: calling scsi_bus_suspend+0x0/0x16 @ 1671, parent: target0:0:0
[  111.180527] snd-soc-dummy snd-soc-dummy: calling platform_pm_suspend+0x0/0x46 @ 6533, parent: platform
[  111.180539] snd-soc-dummy snd-soc-dummy: platform_pm_suspend+0x0/0x46 returned 0 after 0 usecs
[  111.180611] coretemp coretemp.0: calling platform_pm_suspend+0x0/0x46 @ 6533, parent: platform
[  111.180620] coretemp coretemp.0: platform_pm_suspend+0x0/0x46 returned 0 after 0 usecs
[  111.180644] alarmtimer alarmtimer.0.auto: calling platform_pm_suspend+0x0/0x46 @ 6533, parent: rtc0
[  111.180653] alarmtimer alarmtimer.0.auto: platform_pm_suspend+0x0/0x46 returned 0 after 2 usecs
[  111.180771] platform dw-apb-uart.4: calling platform_pm_suspend+0x0/0x46 @ 6533, parent: 0000:00:1e.0
[  111.180776] platform dw-apb-uart.4: platform_pm_suspend+0x0/0x46 returned 0 after 0 usecs
[  111.180785] idma64 idma64.4: calling platform_pm_suspend+0x0/0x46 @ 6533, parent: 0000:00:1e.0
[  111.180873] usb 3-10: usb_dev_suspend+0x0/0x14 returned 0 after 401 usecs
[  111.181097] usb usb3: calling usb_dev_suspend+0x0/0x14 @ 6703, parent: 0000:00:14.0
[  111.181147] usb usb2: calling usb_dev_suspend+0x0/0x14 @ 403, parent: 0000:00:0d.0
[  111.181262] usb usb1: calling usb_dev_suspend+0x0/0x14 @ 6704, parent: 0000:00:0d.0
[  111.181628] idma64 idma64.4: platform_pm_suspend+0x0/0x46 returned 0 after 816 usecs
[  111.181658] i2c_designware i2c_designware.3: calling platform_pm_suspend+0x0/0x46 @ 6533, parent: 0000:00:19.0
[  111.181663] i2c_designware i2c_designware.3: platform_pm_suspend+0x0/0x46 returned 0 after 0 usecs
[  111.181690] i2c_designware i2c_designware.2: calling platform_pm_suspend+0x0/0x46 @ 6533, parent: 0000:00:15.3
[  111.181695] i2c_designware i2c_designware.2: platform_pm_suspend+0x0/0x46 returned 0 after 0 usecs
[  111.181703] idma64 idma64.2: calling platform_pm_suspend+0x0/0x46 @ 6533, parent: 0000:00:15.3
[  111.182358] idma64 idma64.2: platform_pm_suspend+0x0/0x46 returned 0 after 634 usecs
[  111.182380] i2c_designware i2c_designware.1: calling platform_pm_suspend+0x0/0x46 @ 6533, parent: 0000:00:15.2
[  111.182385] i2c_designware i2c_designware.1: platform_pm_suspend+0x0/0x46 returned 0 after 0 usecs
[  111.182392] idma64 idma64.1: calling platform_pm_suspend+0x0/0x46 @ 6533, parent: 0000:00:15.2
[  111.183194] idma64 idma64.1: platform_pm_suspend+0x0/0x46 returned 0 after 776 usecs
[  111.183217] i2c_designware i2c_designware.0: calling platform_pm_suspend+0x0/0x46 @ 6533, parent: 0000:00:15.0
[  111.183222] i2c_designware i2c_designware.0: platform_pm_suspend+0x0/0x46 returned 0 after 0 usecs
[  111.183230] idma64 idma64.0: calling platform_pm_suspend+0x0/0x46 @ 6533, parent: 0000:00:15.0
[  111.183634] idma64 idma64.0: platform_pm_suspend+0x0/0x46 returned 0 after 389 usecs
[  111.183657] platform vgem: calling platform_pm_suspend+0x0/0x46 @ 6533, parent: platform
[  111.183662] platform vgem: platform_pm_suspend+0x0/0x46 returned 0 after 0 usecs
[  111.183680] input input0: calling input_dev_suspend+0x0/0x43 @ 6533, parent: PNP0C0D:00
[  111.183686] input input0: input_dev_suspend+0x0/0x43 returned 0 after 0 usecs
[  111.183729] platform efi-framebuffer.0: calling platform_pm_suspend+0x0/0x46 @ 6533, parent: platform
[  111.183734] platform efi-framebuffer.0: platform_pm_suspend+0x0/0x46 returned 0 after 0 usecs
[  111.183755] intel_rapl_msr intel_rapl_msr.0: calling platform_pm_suspend+0x0/0x46 @ 6533, parent: platform
[  111.183760] intel_rapl_msr intel_rapl_msr.0: platform_pm_suspend+0x0/0x46 returned 0 after 0 usecs
[  111.183777] system 00:06: calling pnp_bus_suspend+0x0/0x14 @ 6533, parent: pnp0
[  111.183783] system 00:06: pnp_bus_suspend+0x0/0x14 returned 0 after 1 usecs
[  111.183788] system 00:05: calling pnp_bus_suspend+0x0/0x14 @ 6533, parent: pnp0
[  111.183792] system 00:05: pnp_bus_suspend+0x0/0x14 returned 0 after 0 usecs
[  111.183797] system 00:04: calling pnp_bus_suspend+0x0/0x14 @ 6533, parent: pnp0
[  111.183801] system 00:04: pnp_bus_suspend+0x0/0x14 returned 0 after 0 usecs
[  111.183812] system 00:03: calling pnp_bus_suspend+0x0/0x14 @ 6533, parent: pnp0
[  111.183816] system 00:03: pnp_bus_suspend+0x0/0x14 returned 0 after 0 usecs
[  111.183821] system 00:02: calling pnp_bus_suspend+0x0/0x14 @ 6533, parent: pnp0
[  111.183825] system 00:02: pnp_bus_suspend+0x0/0x14 returned 0 after 0 usecs
[  111.183832] rtc_cmos 00:01: calling pnp_bus_suspend+0x0/0x14 @ 6533, parent: pnp0
[  111.183913] rtc_cmos 00:01: pnp_bus_suspend+0x0/0x14 returned 0 after 75 usecs
[  111.183918] system 00:00: calling pnp_bus_suspend+0x0/0x14 @ 6533, parent: pnp0
[  111.183922] system 00:00: pnp_bus_suspend+0x0/0x14 returned 0 after 0 usecs
[  111.183933] platform chromeos_acpi: calling platform_pm_suspend+0x0/0x46 @ 6533, parent: platform
[  111.183937] platform chromeos_acpi: platform_pm_suspend+0x0/0x46 returned 0 after 0 usecs
[  111.183943] platform efivars.0: calling platform_pm_suspend+0x0/0x46 @ 6533, parent: platform
[  111.183947] platform efivars.0: platform_pm_suspend+0x0/0x46 returned 0 after 0 usecs
[  111.183953] platform rtc-efi.0: calling platform_pm_suspend+0x0/0x46 @ 6533, parent: platform
[  111.183958] platform rtc-efi.0: platform_pm_suspend+0x0/0x46 returned 0 after 0 usecs
[  111.183964] platform INTC5000:00: calling platform_pm_suspend+0x0/0x46 @ 6533, parent: platform
[  111.183969] platform INTC5000:00: platform_pm_suspend+0x0/0x46 returned 0 after 0 usecs
[  111.183975] platform INT3532:00: calling platform_pm_suspend+0x0/0x46 @ 6533, parent: platform
[  111.183979] platform INT3532:00: platform_pm_suspend+0x0/0x46 returned 0 after 0 usecs
[  111.183984] platform INT3407:00: calling platform_pm_suspend+0x0/0x46 @ 6533, parent: platform
[  111.183989] platform INT3407:00: platform_pm_suspend+0x0/0x46 returned 0 after 0 usecs
[  111.183996] int3400 thermal INT3400:00: calling acpi_subsys_suspend+0x0/0x55 @ 6533, parent: platform
[  111.184002] int3400 thermal INT3400:00: acpi_subsys_suspend+0x0/0x55 returned 0 after 0 usecs
[  111.184008] platform MSHW0006:00: calling platform_pm_suspend+0x0/0x46 @ 6533, parent: platform
[  111.184020] platform MSHW0006:00: platform_pm_suspend+0x0/0x46 returned 0 after 0 usecs
[  111.184026] intel_pmc_core INT33A1:00: calling acpi_subsys_suspend+0x0/0x55 @ 6533, parent: platform
[  111.184032] intel_pmc_core INT33A1:00: acpi_subsys_suspend+0x0/0x55 returned 0 after 0 usecs
[  111.184037] platform ACPI000C:00: calling platform_pm_suspend+0x0/0x46 @ 6533, parent: platform
[  111.184041] platform ACPI000C:00: platform_pm_suspend+0x0/0x46 returned 0 after 0 usecs
[  111.184048] acpi-wmi PNP0C14:00: calling acpi_subsys_suspend+0x0/0x55 @ 6533, parent: platform
[  111.184052] acpi-wmi PNP0C14:00: acpi_subsys_suspend+0x0/0x55 returned 0 after 0 usecs
[  111.184059] soc_button_array MSHW0040:00: calling acpi_subsys_suspend+0x0/0x55 @ 6533, parent: platform
[  111.184064] soc_button_array MSHW0040:00: acpi_subsys_suspend+0x0/0x55 returned 0 after 0 usecs
[  111.184069] platform MSHW0116:00: calling platform_pm_suspend+0x0/0x46 @ 6533, parent: platform
[  111.184073] platform MSHW0116:00: platform_pm_suspend+0x0/0x46 returned 0 after 0 usecs
[  111.184078] platform MSHW0005:00: calling platform_pm_suspend+0x0/0x46 @ 6533, parent: platform
[  111.184082] platform MSHW0005:00: platform_pm_suspend+0x0/0x46 returned 0 after 0 usecs
[  111.184087] platform PNP0C0D:00: calling platform_pm_suspend+0x0/0x46 @ 6533, parent: platform
[  111.184091] platform PNP0C0D:00: platform_pm_suspend+0x0/0x46 returned 0 after 0 usecs
[  111.184097] int3403 thermal INT3403:08: calling acpi_subsys_suspend+0x0/0x55 @ 6533, parent: MSHW0091:00
[  111.184102] int3403 thermal INT3403:08: acpi_subsys_suspend+0x0/0x55 returned 0 after 0 usecs
[  111.184107] int3403 thermal INT3403:04: calling acpi_subsys_suspend+0x0/0x55 @ 6533, parent: MSHW0091:00
[  111.184112] int3403 thermal INT3403:04: acpi_subsys_suspend+0x0/0x55 returned 0 after 0 usecs
[  111.184117] int3403 thermal INT3403:03: calling acpi_subsys_suspend+0x0/0x55 @ 6533, parent: MSHW0091:00
[  111.184122] int3403 thermal INT3403:03: acpi_subsys_suspend+0x0/0x55 returned 0 after 0 usecs
[  111.184127] int3403 thermal INT3403:02: calling acpi_subsys_suspend+0x0/0x55 @ 6533, parent: MSHW0091:00
[  111.184132] int3403 thermal INT3403:02: acpi_subsys_suspend+0x0/0x55 returned 0 after 0 usecs
[  111.184137] int3403 thermal INT3403:01: calling acpi_subsys_suspend+0x0/0x55 @ 6533, parent: MSHW0091:00
[  111.184142] int3403 thermal INT3403:01: acpi_subsys_suspend+0x0/0x55 returned 0 after 0 usecs
[  111.184147] int3403 thermal INT3403:00: calling acpi_subsys_suspend+0x0/0x55 @ 6533, parent: MSHW0091:00
[  111.184151] int3403 thermal INT3403:00: acpi_subsys_suspend+0x0/0x55 returned 0 after 0 usecs
[  111.184158] platform MSHW0091:00: calling platform_pm_suspend+0x0/0x46 @ 6533, parent: platform
[  111.184162] platform MSHW0091:00: platform_pm_suspend+0x0/0x46 returned 0 after 0 usecs
[  111.184168] icelake-pinctrl INT3455:00: calling acpi_subsys_suspend+0x0/0x55 @ 6533, parent: platform
[  111.184173] icelake-pinctrl INT3455:00: acpi_subsys_suspend+0x0/0x55 returned 0 after 0 usecs
[  111.184178] platform INT3472:02: calling platform_pm_suspend+0x0/0x46 @ 6533, parent: 0000:00:15.3
[  111.184182] platform INT3472:02: platform_pm_suspend+0x0/0x46 returned 0 after 0 usecs
[  111.184187] platform INT3472:01: calling platform_pm_suspend+0x0/0x46 @ 6533, parent: 0000:00:15.3
[  111.184191] platform INT3472:01: platform_pm_suspend+0x0/0x46 returned 0 after 0 usecs
[  111.184196] platform INT3472:00: calling platform_pm_suspend+0x0/0x46 @ 6533, parent: 0000:00:15.2
[  111.184200] platform INT3472:00: platform_pm_suspend+0x0/0x46 returned 0 after 0 usecs
[  111.184206] platform PNP0103:00: calling platform_pm_suspend+0x0/0x46 @ 6533, parent: 0000:00:1f.0
[  111.184210] platform PNP0103:00: platform_pm_suspend+0x0/0x46 returned 0 after 0 usecs
[  111.184227] nvme 0000:01:00.0: calling pci_pm_suspend+0x0/0x201 @ 6705, parent: 0000:00:1d.0
[  111.184243] platform ACPI000E:00: calling platform_pm_suspend+0x0/0x46 @ 6533, parent: platform
[  111.184248] platform ACPI000E:00: platform_pm_suspend+0x0/0x46 returned 0 after 0 usecs
[  111.184288] button PNP0C0D:00: calling acpi_button_suspend+0x0/0x15 @ 6533, parent: LNXSYBUS:00
[  111.184293] button PNP0C0D:00: acpi_button_suspend+0x0/0x15 returned 0 after 0 usecs
[  111.184303] pci 0000:00:1f.5: calling pci_pm_suspend+0x0/0x201 @ 6706, parent: pci0000:00
[  111.184312] pci 0000:00:1f.5: pci_pm_suspend+0x0/0x201 returned 0 after 0 usecs
[  111.184328] pci 0000:00:1f.0: calling pci_pm_suspend+0x0/0x201 @ 6706, parent: pci0000:00
[  111.184337] pci 0000:00:1f.0: pci_pm_suspend+0x0/0x201 returned 0 after 0 usecs
[  111.184350] intel-lpss 0000:00:1e.0: calling pci_pm_suspend+0x0/0x201 @ 6706, parent: pci0000:00
[  111.184360] intel-lpss 0000:00:1e.0: pci_pm_suspend+0x0/0x201 returned 0 after 3 usecs
[  111.184379] intel-lpss 0000:00:19.0: calling pci_pm_suspend+0x0/0x201 @ 6707, parent: pci0000:00
[  111.184392] intel-lpss 0000:00:19.0: pci_pm_suspend+0x0/0x201 returned 0 after 2 usecs
[  111.184402] pci 0000:00:16.4: calling pci_pm_suspend+0x0/0x201 @ 6707, parent: pci0000:00
[  111.184408] pci 0000:00:16.4: pci_pm_suspend+0x0/0x201 returned 0 after 0 usecs
[  111.184447] pci 0000:00:16.0: calling pci_pm_suspend+0x0/0x201 @ 6707, parent: pci0000:00
[  111.184458] intel-lpss 0000:00:15.3: calling pci_pm_suspend+0x0/0x201 @ 6708, parent: pci0000:00
[  111.184462] pci 0000:00:16.0: pci_pm_suspend+0x0/0x201 returned 0 after 0 usecs
[  111.184472] intel-lpss 0000:00:15.2: calling pci_pm_suspend+0x0/0x201 @ 6707, parent: pci0000:00
[  111.184476] intel-lpss 0000:00:15.3: pci_pm_suspend+0x0/0x201 returned 0 after 2 usecs
[  111.184484] intel-lpss 0000:00:15.2: pci_pm_suspend+0x0/0x201 returned 0 after 0 usecs
[  111.184487] intel-lpss 0000:00:15.0: calling pci_pm_suspend+0x0/0x201 @ 6708, parent: pci0000:00
[  111.184492] intel-lpss 0000:00:15.0: pci_pm_suspend+0x0/0x201 returned 0 after 0 usecs
[  111.184504] pci 0000:00:14.2: calling pci_pm_suspend+0x0/0x201 @ 6707, parent: pci0000:00
[  111.184509] pci 0000:00:14.2: pci_pm_suspend+0x0/0x201 returned 0 after 0 usecs
[  111.184516] pci 0000:00:12.0: calling pci_pm_suspend+0x0/0x201 @ 6707, parent: pci0000:00
[  111.184521] pci 0000:00:12.0: pci_pm_suspend+0x0/0x201 returned 0 after 0 usecs
[  111.184586] pci 0000:00:05.0: calling pci_pm_suspend+0x0/0x201 @ 6710, parent: pci0000:00
[  111.184597] pci 0000:00:05.0: pci_pm_suspend+0x0/0x201 returned 0 after 0 usecs
[  111.184612] proc_thermal 0000:00:04.0: calling pci_pm_suspend+0x0/0x201 @ 6710, parent: pci0000:00
[  111.184619] regulator regulator.0: calling regulator_suspend+0x0/0xde @ 6533, parent: reg-dummy
[  111.184627] regulator regulator.0: regulator_suspend+0x0/0xde returned 0 after 0 usecs
[  111.184635] reg-dummy reg-dummy: calling platform_pm_suspend+0x0/0x46 @ 6533, parent: platform
[  111.184640] reg-dummy reg-dummy: platform_pm_suspend+0x0/0x46 returned 0 after 0 usecs
[  111.184652] proc_thermal 0000:00:04.0: pci_pm_suspend+0x0/0x201 returned 0 after 1 usecs
[  111.184671] icl_uncore 0000:00:00.0: calling pci_pm_suspend+0x0/0x201 @ 6710, parent: pci0000:00
[  111.184682] icl_uncore 0000:00:00.0: pci_pm_suspend+0x0/0x201 returned 0 after 0 usecs
[  111.185487] sd 0:0:0:0: [sda] Synchronizing SCSI cache
[  111.185712] sd 0:0:0:0: scsi_bus_suspend+0x0/0x16 returned 0 after 5038 usecs
[  111.185730] scsi target0:0:0: calling scsi_bus_suspend+0x0/0x16 @ 6553, parent: host0
[  111.185737] scsi target0:0:0: scsi_bus_suspend+0x0/0x16 returned 0 after 0 usecs
[  111.185765] scsi host0: calling scsi_bus_suspend+0x0/0x16 @ 416, parent: 4-2:1.0
[  111.185781] scsi host0: scsi_bus_suspend+0x0/0x16 returned 0 after 0 usecs
[  111.185807] usb 4-2: calling usb_dev_suspend+0x0/0x14 @ 6546, parent: usb4
[  111.190483] usb usb3: usb_dev_suspend+0x0/0x14 returned 0 after 9153 usecs
[  111.194134] usb usb2: usb_dev_suspend+0x0/0x14 returned 0 after 12668 usecs
[  111.194203] usb usb1: usb_dev_suspend+0x0/0x14 returned 0 after 12624 usecs
[  111.194229] xhci_hcd 0000:00:0d.0: calling pci_pm_suspend+0x0/0x201 @ 6707, parent: pci0000:00
[  111.194311] xhci_hcd 0000:00:0d.0: pci_pm_suspend+0x0/0x201 returned 0 after 72 usecs
[  111.195991] snd_hda_codec_realtek hdaudioC0D0: hda_codec_pm_suspend+0x0/0x1c [snd_hda_codec] returned 0 after 15445 usecs
[  111.196031] snd_hda_intel 0000:00:1f.3: calling pci_pm_suspend+0x0/0x201 @ 415, parent: pci0000:00
[  111.197276] snd_hda_intel 0000:00:1f.3: pci_pm_suspend+0x0/0x201 returned 0 after 1208 usecs
[  111.197338] i915 0000:00:02.0: calling pci_pm_suspend+0x0/0x201 @ 6711, parent: pci0000:00
[  111.198115] nvme 0000:01:00.0: pci_pm_suspend+0x0/0x201 returned 0 after 13549 usecs
[  111.198232] pcieport 0000:00:1d.0: calling pci_pm_suspend+0x0/0x201 @ 6706, parent: pci0000:00
[  111.198250] pcieport 0000:00:1d.0: pci_pm_suspend+0x0/0x201 returned 0 after 5 usecs
[  111.198702] ieee80211 phy0: wiphy_suspend+0x0/0x277 [cfg80211] returned 0 after 18079 usecs
[  111.198793] iwlwifi 0000:00:14.3: calling pci_pm_suspend+0x0/0x201 @ 6708, parent: pci0000:00
[  111.198824] iwlwifi 0000:00:14.3: pci_pm_suspend+0x0/0x201 returned 0 after 3 usecs
[  111.199992] i915 0000:00:02.0: pci_pm_suspend+0x0/0x201 returned 0 after 2578 usecs
[  111.205570] usb 4-2: usb_dev_suspend+0x0/0x14 returned 0 after 19284 usecs
[  111.205728] usb usb4: calling usb_dev_suspend+0x0/0x14 @ 116, parent: 0000:00:14.0
[  111.205789] usb usb4: usb_dev_suspend+0x0/0x14 returned 0 after 42 usecs
[  111.205911] xhci_hcd 0000:00:14.0: calling pci_pm_suspend+0x0/0x201 @ 6709, parent: pci0000:00
[  111.206067] xhci_hcd 0000:00:14.0: pci_pm_suspend+0x0/0x201 returned 0 after 141 usecs
[  111.206206] PM: suspend of devices complete after 26.628 msecs
[  111.206210] PM: start suspend of devices complete after 27.783 msecs
[  111.206322] snd_hda_intel 0000:00:1f.3: calling pci_pm_suspend_late+0x0/0x36 @ 6710, parent: pci0000:00
[  111.206333] snd_hda_intel 0000:00:1f.3: pci_pm_suspend_late+0x0/0x36 returned 0 after 1 usecs
[  111.206743] int3400 thermal INT3400:00: calling acpi_subsys_suspend_late+0x0/0x4e @ 6533, parent: platform
[  111.206751] int3400 thermal INT3400:00: acpi_subsys_suspend_late+0x0/0x4e returned 0 after 0 usecs
[  111.206758] intel_pmc_core INT33A1:00: calling acpi_subsys_suspend_late+0x0/0x4e @ 6533, parent: platform
[  111.206763] intel_pmc_core INT33A1:00: acpi_subsys_suspend_late+0x0/0x4e returned 0 after 0 usecs
[  111.206770] acpi-wmi PNP0C14:00: calling acpi_subsys_suspend_late+0x0/0x4e @ 6533, parent: platform
[  111.206774] acpi-wmi PNP0C14:00: acpi_subsys_suspend_late+0x0/0x4e returned 0 after 0 usecs
[  111.206781] soc_button_array MSHW0040:00: calling acpi_subsys_suspend_late+0x0/0x4e @ 6533, parent: platform
