[    0.000000] Linux version 4.19.139-g63ea60542 (yang@fyder) (gcc version 4.9.x 20150123 (prerelease) (4.9.2_cos_gg_4.9.2-r278-ac6128e0a17a52f011797f33ac3e7d6273a9368d_4.9.2-r278)) #4 SMP PREEMPT Fri Mar 26 12:22:08 CST 2021
[    0.000000] Command line: BOOT_IMAGE=/syslinux/vmlinuz.A init=/sbin/init boot=local rootwait ro noresume noswap loglevel=7 noinitrd console= tpm_tis.force=0 i915.enable_guc=2 i915.enable_psr=1 i915.modeset=1 cros_efi cros_debug root=PARTUUID=536A717E-24FC-6347-B9FA-28D55F5C09C1 console=ttyUSB0,115200n8 earlyprintk=efi
[    0.000000] KERNEL supported cpus:
[    0.000000]   Intel GenuineIntel
[    0.000000] x86/fpu: Supporting XSAVE feature 0x001: 'x87 floating point registers'
[    0.000000] x86/fpu: Supporting XSAVE feature 0x002: 'SSE registers'
[    0.000000] x86/fpu: Supporting XSAVE feature 0x004: 'AVX registers'
[    0.000000] x86/fpu: Supporting XSAVE feature 0x020: 'AVX-512 opmask'
[    0.000000] x86/fpu: Supporting XSAVE feature 0x040: 'AVX-512 Hi256'
[    0.000000] x86/fpu: Supporting XSAVE feature 0x080: 'AVX-512 ZMM_Hi256'
[    0.000000] x86/fpu: Supporting XSAVE feature 0x200: 'Protection Keys User registers'
[    0.000000] x86/fpu: xstate_offset[2]:  576, xstate_sizes[2]:  256
[    0.000000] x86/fpu: xstate_offset[5]:  832, xstate_sizes[5]:   64
[    0.000000] x86/fpu: xstate_offset[6]:  896, xstate_sizes[6]:  512
[    0.000000] x86/fpu: xstate_offset[7]: 1408, xstate_sizes[7]: 1024
[    0.000000] x86/fpu: xstate_offset[9]: 2432, xstate_sizes[9]:    8
[    0.000000] x86/fpu: Enabled xstate features 0x2e7, context size is 2440 bytes, using 'compacted' format.
[    0.000000] BIOS-provided physical RAM map:
[    0.000000] BIOS-e820: [mem 0x0000000000000000-0x000000000009ffff] usable
[    0.000000] BIOS-e820: [mem 0x00000000000a0000-0x00000000000fffff] reserved
[    0.000000] BIOS-e820: [mem 0x0000000000100000-0x000000007aaeafff] usable
[    0.000000] BIOS-e820: [mem 0x000000007aaeb000-0x000000007aaebfff] ACPI NVS
[    0.000000] BIOS-e820: [mem 0x000000007aaec000-0x000000007aaecfff] reserved
[    0.000000] BIOS-e820: [mem 0x000000007aaed000-0x000000007beedfff] usable
[    0.000000] BIOS-e820: [mem 0x000000007beee000-0x000000007bf47fff] type 20
[    0.000000] BIOS-e820: [mem 0x000000007bf48000-0x000000007bf89fff] reserved
[    0.000000] BIOS-e820: [mem 0x000000007bf8a000-0x000000007bfb3fff] ACPI NVS
[    0.000000] BIOS-e820: [mem 0x000000007bfb4000-0x000000007bffefff] ACPI data
[    0.000000] BIOS-e820: [mem 0x000000007bfff000-0x000000007bffffff] usable
[    0.000000] BIOS-e820: [mem 0x000000007c000000-0x00000000953fffff] reserved
[    0.000000] BIOS-e820: [mem 0x00000000fe010000-0x00000000fe010fff] reserved
[    0.000000] BIOS-e820: [mem 0x00000000fed20000-0x00000000fed7ffff] reserved
[    0.000000] BIOS-e820: [mem 0x0000000100000000-0x000000026abfffff] usable
[    0.000000] NX (Execute Disable) protection: active
[    0.000000] efi: EFI v2.70 by MSFT
[    0.000000] efi:  ACPI=0x7bffe000  ACPI 2.0=0x7bffe014  SMBIOS=0x7bf51000  SMBIOS 3.0=0x7bf4f000  MEMATTR=0x77691018  ESRT=0x78d00298 
[    0.000000] SMBIOS 3.2.0 present.
[    0.000000] DMI: Microsoft Corporation Surface Pro 7/Surface Pro 7, BIOS 7.159.140 10/08/2019
[    0.000000] tsc: Initial usec timer 7725708
[    0.000000] tsc: Detected 1500.000 MHz processor
[    0.001556] tsc: Detected 1497.600 MHz TSC
[    0.001556] e820: update [mem 0x00000000-0x00000fff] usable ==> reserved
[    0.001560] e820: remove [mem 0x000a0000-0x000fffff] usable
[    0.001592] last_pfn = 0x26ac00 max_arch_pfn = 0x400000000
[    0.001598] MTRR default type: write-back
[    0.001599] MTRR fixed ranges enabled:
[    0.001601]   00000-9FFFF write-back
[    0.001602]   A0000-BFFFF uncachable
[    0.001604]   C0000-FFFFF write-protect
[    0.001604] MTRR variable ranges enabled:
[    0.001607]   0 base 00C0000000 mask 7FC0000000 uncachable
[    0.001608]   1 base 00A0000000 mask 7FE0000000 uncachable
[    0.001609]   2 base 0098000000 mask 7FF8000000 uncachable
[    0.001610]   3 base 0094000000 mask 7FFC000000 uncachable
[    0.001611]   4 base 0092000000 mask 7FFE000000 uncachable
[    0.001613]   5 base 0091000000 mask 7FFF000000 uncachable
[    0.001614]   6 base 6000000000 mask 6000000000 uncachable
[    0.001615]   7 base 4000000000 mask 6000000000 write-combining
[    0.001616]   8 disabled
[    0.001617]   9 disabled
[    0.003781] x86/PAT: Configuration [0-7]: WB  WC  UC- UC  WB  WP  UC- WT  
[    0.005438] last_pfn = 0x7c000 max_arch_pfn = 0x400000000
[    0.031602] esrt: Reserving ESRT space from 0x0000000078d00298 to 0x0000000078d00370.
[    0.031614] e820: update [mem 0x78d00000-0x78d00fff] usable ==> reserved
[    0.031663] Scanning 1 areas for low memory corruption
[    0.031671] Using GB pages for direct mapping
[    0.032450] Secure boot could not be determined
[    0.032480] ACPI: Early table checksum verification disabled
[    0.032485] ACPI: RSDP 0x000000007BFFE014 000024 (v02 MSFT  )
[    0.032490] ACPI: XSDT 0x000000007BFFD0E8 0000BC (v01 MSFT   MSFT     00000002 MSFT 20160422)
[    0.032498] ACPI: FACP 0x000000007BFE7000 000114 (v06 MSFT   MSFT     00000002 MSFT 20160422)
[    0.032506] ACPI: DSDT 0x000000007BFC6000 01CB6D (v02 MSFT   MSFT     00000002 MSFT 20160422)
[    0.032511] ACPI: FACS 0x000000007BF92000 000040
[    0.032515] ACPI: SSDT 0x000000007BFFB000 001B61 (v02 CpuRef CpuSsdt  00003000 INTL 20181003)
[    0.032520] ACPI: MSDM 0x000000007BFFA000 000055 (v01 MSFT            00000001 MSFT 00000001)
[    0.032525] ACPI: SSDT 0x000000007BFF3000 006245 (v02 OEMID  DptfTabl 00001000 INTL 20181003)
[    0.032529] ACPI: SSDT 0x000000007BFEF000 0033E3 (v02 SaSsdt SaSsdt   00003000 INTL 20181003)
[    0.032534] ACPI: SSDT 0x000000007BFE8000 0066EF (v02 INTEL  TcssSsdt 00001000 INTL 20181003)
[    0.032538] ACPI: HPET 0x000000007BFE6000 000038 (v01 MSFT   MSFT     00000002 MSFT 20160422)
[    0.032543] ACPI: LPIT 0x000000007BFE5000 000094 (v01 MSFT   MSFT     00000002 MSFT 20160422)
[    0.032547] ACPI: APIC 0x000000007BFE4000 00012C (v03 MSFT   MSFT     00000002 MSFT 20160422)
[    0.032552] ACPI: MCFG 0x000000007BFE3000 00003C (v01 MSFT   MSFT     00000002 MSFT 20160422)
[    0.032556] ACPI: SSDT 0x000000007BFC5000 000DB4 (v02 MSFT   RTD3_JL  00001000 INTL 20181003)
[    0.032561] ACPI: SSDT 0x000000007BFC4000 0009E3 (v02 MSFT   xh_jl000 00000000 INTL 20181003)
[    0.032565] ACPI: NHLT 0x000000007BFC3000 00002D (v00 MSFT   MSFT     00000002 MSFT 20160422)
[    0.032569] ACPI: SSDT 0x000000007BFC2000 000574 (v02 MSFT   Tpm2Tabl 00001000 INTL 20181003)
[    0.032574] ACPI: TPM2 0x000000007BFC1000 000034 (v03 MSFT   MSFT     00000002 MSFT 20160422)
[    0.032578] ACPI: DMAR 0x000000007BFC0000 0000A0 (v01 MSFT   MSFT     00000002 MSFT 20160422)
[    0.032583] ACPI: BGRT 0x000000007BFBF000 000038 (v01 MSFT   MSFT     00000002 MSFT 20160422)
[    0.032587] ACPI: WSMT 0x000000007BFBE000 000028 (v01 MSFT   MSFT     00000002 MSFT 20160422)
[    0.032592] ACPI: FPDT 0x000000007BFBD000 000034 (v01 MSFT   MSFT     00000002 MSFT 20160422)
[    0.032606] ACPI: Local APIC address 0xfee00000
[    0.032632] Zone ranges:
[    0.032634]   DMA      [mem 0x0000000000001000-0x0000000000ffffff]
[    0.032636]   DMA32    [mem 0x0000000001000000-0x00000000ffffffff]
[    0.032638]   Normal   [mem 0x0000000100000000-0x000000026abfffff]
[    0.032640] Movable zone start for each node
[    0.032642] Early memory node ranges
[    0.032644]   node   0: [mem 0x0000000000001000-0x000000000009ffff]
[    0.032645]   node   0: [mem 0x0000000000100000-0x000000007aaeafff]
[    0.032647]   node   0: [mem 0x000000007aaed000-0x000000007beedfff]
[    0.032648]   node   0: [mem 0x000000007bfff000-0x000000007bffffff]
[    0.032650]   node   0: [mem 0x0000000100000000-0x000000026abfffff]
[    0.033812] Zeroed struct page in unavailable ranges: 38260 pages
[    0.033814] Initmem setup node 0 [mem 0x0000000000001000-0x000000026abfffff]
[    0.033817] On node 0 totalpages: 1993356
[    0.033818]   DMA zone: 64 pages used for memmap
[    0.033819]   DMA zone: 26 pages reserved
[    0.033820]   DMA zone: 3999 pages, LIFO batch:0
[    0.033956]   DMA32 zone: 7868 pages used for memmap
[    0.033957]   DMA32 zone: 503533 pages, LIFO batch:63
[    0.054452]   Normal zone: 23216 pages used for memmap
[    0.054453]   Normal zone: 1485824 pages, LIFO batch:63
[    0.103063] Reserving Intel graphics memory at [mem 0x91800000-0x953fffff]
[    0.103525] ACPI: PM-Timer IO Port: 0x1808
[    0.103528] ACPI: Local APIC address 0xfee00000
[    0.103537] ACPI: LAPIC_NMI (acpi_id[0x01] high edge lint[0x1])
[    0.103539] ACPI: LAPIC_NMI (acpi_id[0x02] high edge lint[0x1])
[    0.103541] ACPI: LAPIC_NMI (acpi_id[0x03] high edge lint[0x1])
[    0.103542] ACPI: LAPIC_NMI (acpi_id[0x04] high edge lint[0x1])
[    0.103544] ACPI: LAPIC_NMI (acpi_id[0x05] high edge lint[0x1])
[    0.103545] ACPI: LAPIC_NMI (acpi_id[0x06] high edge lint[0x1])
[    0.103547] ACPI: LAPIC_NMI (acpi_id[0x07] high edge lint[0x1])
[    0.103549] ACPI: LAPIC_NMI (acpi_id[0x08] high edge lint[0x1])
[    0.103550] ACPI: LAPIC_NMI (acpi_id[0x09] high edge lint[0x1])
[    0.103552] ACPI: LAPIC_NMI (acpi_id[0x0a] high edge lint[0x1])
[    0.103554] ACPI: LAPIC_NMI (acpi_id[0x0b] high edge lint[0x1])
[    0.103555] ACPI: LAPIC_NMI (acpi_id[0x0c] high edge lint[0x1])
[    0.103557] ACPI: LAPIC_NMI (acpi_id[0x0d] high edge lint[0x1])
[    0.103559] ACPI: LAPIC_NMI (acpi_id[0x0e] high edge lint[0x1])
[    0.103560] ACPI: LAPIC_NMI (acpi_id[0x0f] high edge lint[0x1])
[    0.103562] ACPI: LAPIC_NMI (acpi_id[0x10] high edge lint[0x1])
[    0.103601] IOAPIC[0]: apic_id 2, version 32, address 0xfec00000, GSI 0-119
[    0.103604] ACPI: INT_SRC_OVR (bus 0 bus_irq 0 global_irq 2 dfl dfl)
[    0.103607] ACPI: INT_SRC_OVR (bus 0 bus_irq 9 global_irq 9 high level)
[    0.103610] ACPI: IRQ0 used by override.
[    0.103613] ACPI: IRQ9 used by override.
[    0.103616] Using ACPI (MADT) for SMP configuration information
[    0.103619] ACPI: HPET id: 0x8086a201 base: 0xfed00000
[    0.103624] TSC deadline timer available
[    0.103627] smpboot: Allowing 8 CPUs, 0 hotplug CPUs
[    0.103650] [mem 0x95400000-0xfe00ffff] available for PCI devices
[    0.103654] clocksource: refined-jiffies: mask: 0xffffffff max_cycles: 0xffffffff, max_idle_ns: 1910969940391419 ns
[    0.197631] setup_percpu: NR_CPUS:8192 nr_cpumask_bits:8 nr_cpu_ids:8 nr_node_ids:1
[    0.197906] percpu: Embedded 43 pages/cpu s139176 r8192 d28760 u262144
[    0.197914] pcpu-alloc: s139176 r8192 d28760 u262144 alloc=1*2097152
[    0.197916] pcpu-alloc: [0] 0 1 2 3 4 5 6 7 
[    0.197945] Built 1 zonelists, mobility grouping on.  Total pages: 1962182
[    0.197949] Kernel command line: BOOT_IMAGE=/syslinux/vmlinuz.A init=/sbin/init boot=local rootwait ro noresume noswap loglevel=7 noinitrd console= tpm_tis.force=0 i915.enable_guc=2 i915.enable_psr=1 i915.modeset=1 cros_efi cros_debug root=PARTUUID=536A717E-24FC-6347-B9FA-28D55F5C09C1 console=ttyUSB0,115200n8 earlyprintk=efi
[    0.199263] Dentry cache hash table entries: 1048576 (order: 11, 8388608 bytes)
[    0.199575] Inode-cache hash table entries: 524288 (order: 10, 4194304 bytes)
[    0.226319] Memory: 7661896K/7973424K available (12312K kernel code, 2934K rwdata, 3204K rodata, 1664K init, 1644K bss, 311528K reserved, 0K cma-reserved)
[    0.226385] SLUB: HWalign=64, Order=0-3, MinObjects=0, CPUs=8, Nodes=1
[    0.226395] ftrace: allocating 39373 entries in 154 pages
[    0.249887] rcu: Preemptible hierarchical RCU implementation.
[    0.249890] rcu: 	RCU restricting CPUs from NR_CPUS=8192 to nr_cpu_ids=8.
[    0.249892] 	Tasks RCU enabled.
[    0.249894] rcu: Adjusting geometry for rcu_fanout_leaf=16, nr_cpu_ids=8
[    0.253645] NR_IRQS: 524544, nr_irqs: 2048, preallocated irqs: 16
[    0.254224] random: crng done (trusting CPU's manufacturer)
[    0.254263] ACPI: Core revision 20180810
[    0.254827] clocksource: hpet: mask: 0xffffffff max_cycles: 0xffffffff, max_idle_ns: 99544814920 ns
[    0.254885] hpet clockevent registered
[    0.255008] APIC: Switch to symmetric I/O mode setup
[    0.259763] ..TIMER: vector=0x30 apic1=0 pin1=2 apic2=-1 pin2=-1
[    0.263922] clocksource: tsc-early: mask: 0xffffffffffffffff max_cycles: 0x159647815e3, max_idle_ns: 440795269835 ns
[    0.263926] Calibrating delay loop (skipped), value calculated using timer frequency.. 2995.20 BogoMIPS (lpj=1497600)
[    0.263930] pid_max: default: 32768 minimum: 301
[    0.264574] Security Framework initialized
[    0.264577] Yama: becoming mindful.
[    0.264585] Chromium OS LSM: enabled
[    0.264586] SELinux:  Initializing.
[    0.264633] Mount-cache hash table entries: 16384 (order: 5, 131072 bytes)
[    0.264651] Mountpoint-cache hash table entries: 16384 (order: 5, 131072 bytes)
[    0.264972] ENERGY_PERF_BIAS: Set to 'normal', was 'performance'
[    0.264974] ENERGY_PERF_BIAS: View and update with x86_energy_perf_policy(8)
[    0.264982] x86/cpu: Activated the Intel User Mode Instruction Prevention (UMIP) CPU feature
[    0.265013] CPU0: Thermal monitoring enabled (TM1)
[    0.265069] process: using mwait in idle threads
[    0.265073] Last level iTLB entries: 4KB 0, 2MB 0, 4MB 0
[    0.265075] Last level dTLB entries: 4KB 0, 2MB 0, 4MB 0, 1GB 0
[    0.265078] Spectre V1 : Mitigation: usercopy/swapgs barriers and __user pointer sanitization
[    0.265084] Spectre V2 : Mitigation: Enhanced IBRS
[    0.265085] Spectre V2 : Spectre v2 / SpectreRSB mitigation: Filling RSB on context switch
[    0.265088] Spectre V2 : mitigation: Enabling conditional Indirect Branch Prediction Barrier
[    0.265093] Speculative Store Bypass: Mitigation: Speculative Store Bypass disabled via prctl and seccomp
[    0.276047] Freeing SMP alternatives memory: 20K
[    0.279420] smpboot: CPU0: Intel(R) Core(TM) i5-1035G4 CPU @ 1.10GHz (family: 0x6, model: 0x7e, stepping: 0x5)
[    0.284962] Performance Events: no PEBS fmt4+, generic architected perfmon, 
[    0.284965] ------------[ cut here ]------------
[    0.284968] hw perf events fixed 4 > max(3), clipping!
[    0.284978] WARNING: CPU: 0 PID: 1 at /build/surface-pro7/tmp/portage/sys-kernel/surface-kernel-4_19-4.19.139-r1/work/surface-kernel-4_19-4.19.139/arch/x86/events/intel/core.c:4516 intel_pmu_init+0xf5d/0x1142
[    0.284980] Modules linked in:
[    0.284984] CPU: 0 PID: 1 Comm: swapper/0 Not tainted 4.19.139-g63ea60542 #4
[    0.284986] Hardware name: Microsoft Corporation Surface Pro 7/Surface Pro 7, BIOS 7.159.140 10/08/2019
[    0.284990] RIP: 0010:intel_pmu_init+0xf5d/0x1142
[    0.284992] Code: 35 ee 70 de ff 48 d3 e0 48 ff c8 48 89 05 c1 71 de ff 83 fe 03 7e 1f ba 03 00 00 00 48 c7 c7 78 b0 fc 9f 31 c0 e8 74 aa 9e fe <0f> 0b c7 05 bd 70 de ff 03 00 00 00 8b 0d b7 70 de ff b8 01 00 00
[    0.284995] RSP: 0000:ffffaca30005fe20 EFLAGS: 00010296
[    0.284997] RAX: 0000000000000000 RBX: 0000000000000000 RCX: 0000000000000000
[    0.284999] RDX: 000000000000002a RSI: ffffffffa08b4b2c RDI: ffffffffa0264400
[    0.285001] RBP: ffffaca30005fe38 R08: 000000000000002a R09: ffffaca30005fdb0
[    0.285002] R10: 0000000000000000 R11: 0000000000000000 R12: 0000000000000005
[    0.285004] R13: 0000000000000000 R14: ffffffffa06e54b7 R15: 0000000000000000
[    0.285006] FS:  0000000000000000(0000) GS:ffff9919a2a00000(0000) knlGS:0000000000000000
[    0.285008] CS:  0010 DS: 0000 ES: 0000 CR0: 0000000080050033
[    0.285010] CR2: ffff991962e01000 CR3: 0000000222612001 CR4: 0000000000760ef0
[    0.285012] PKRU: 00000000
[    0.285013] Call Trace:
[    0.285021]  init_hw_perf_events+0x44/0x5c7
[    0.285025]  ? merge_attr+0x91/0x91
[    0.285029]  do_one_initcall+0xaa/0x1bc
[    0.285033]  ? _raw_read_unlock+0x17/0x20
[    0.285037]  ? proc_register+0xcc/0x114
[    0.285041]  kernel_init_freeable+0xf3/0x256
[    0.285044]  ? rest_init+0xc0/0xc0
[    0.285046]  kernel_init+0xe/0x102
[    0.285050]  ret_from_fork+0x1f/0x40
[    0.285055] ---[ end trace f2455fa0aa69b9f8 ]---
[    0.285057] full-width counters, Intel PMU driver.
[    0.285062] ... version:                5
[    0.285064] ... bit width:              48
[    0.285065] ... generic registers:      8
[    0.285066] ... value mask:             0000ffffffffffff
[    0.285068] ... max period:             00007fffffffffff
[    0.285069] ... fixed-purpose events:   3
[    0.285070] ... event mask:             00000007000000ff
[    0.286965] rcu: Hierarchical SRCU implementation.
[    0.290059] NMI watchdog: Enabled. Permanently consumes one hw-PMU counter.
[    0.291959] smp: Bringing up secondary CPUs ...
[    0.299973] x86: Booting SMP configuration:
[    0.299975] .... node  #0, CPUs:      #1
[    0.004848] x86/cpu: Activated the Intel User Mode Instruction Prevention (UMIP) CPU feature
[    0.308966]  #2
[    0.004848] x86/cpu: Activated the Intel User Mode Instruction Prevention (UMIP) CPU feature
[    0.317955]  #3
[    0.004848] x86/cpu: Activated the Intel User Mode Instruction Prevention (UMIP) CPU feature
[    0.326954]  #4
[    0.004848] x86/cpu: Activated the Intel User Mode Instruction Prevention (UMIP) CPU feature
[    0.335954]  #5
[    0.004848] x86/cpu: Activated the Intel User Mode Instruction Prevention (UMIP) CPU feature
[    0.344942]  #6
[    0.004848] x86/cpu: Activated the Intel User Mode Instruction Prevention (UMIP) CPU feature
[    0.353941]  #7
[    0.004848] x86/cpu: Activated the Intel User Mode Instruction Prevention (UMIP) CPU feature
[    0.354865] smp: Brought up 1 node, 8 CPUs
[    0.354967] smpboot: Max logical packages: 1
[    0.354969] smpboot: Total of 8 processors activated (23961.60 BogoMIPS)
[    0.356299] devtmpfs: initialized
[    0.357377] PM: Registering ACPI NVS region [mem 0x7aaeb000-0x7aaebfff] (4096 bytes)
[    0.357382] PM: Registering ACPI NVS region [mem 0x7bf8a000-0x7bfb3fff] (172032 bytes)
[    0.357504] clocksource: jiffies: mask: 0xffffffff max_cycles: 0xffffffff, max_idle_ns: 1911260446275000 ns
[    0.357504] futex hash table entries: 2048 (order: 5, 131072 bytes)
[    0.357504] pinctrl core: initialized pinctrl subsystem
[    0.358152] RTC time: 10:16:43, date: 10/09/19
[    0.358284] NET: Registered protocol family 16
[    0.358834] audit: initializing netlink subsys (disabled)
[    0.358845] audit: type=2000 audit(1570616203.100:1): state=initialized audit_enabled=0 res=1
[    0.359007] cpuidle: using governor ladder
[    0.360934] cpuidle: using governor menu
[    0.361391] ACPI: bus type PCI registered
[    0.361391] PCI: MMCONFIG for domain 0000 [bus 00-ff] at [mem 0xe0000000-0xefffffff] (base 0xe0000000)
[    0.361391] PCI: not using MMCONFIG
[    0.361391] PCI: Using configuration type 1 for base access
[    0.364960] cryptd: max_cpu_qlen set to 1000
[    0.365017] ACPI: Added _OSI(Module Device)
[    0.365020] ACPI: Added _OSI(Processor Device)
[    0.365022] ACPI: Added _OSI(3.0 _SCP Extensions)
[    0.365024] ACPI: Added _OSI(Processor Aggregator Device)
[    0.365026] ACPI: Added _OSI(Linux-Dell-Video)
[    0.365028] ACPI: Added _OSI(Linux-Lenovo-NV-HDMI-Audio)
[    0.411903] ACPI: 8 ACPI AML tables successfully acquired and loaded
[    0.423855] ACPI: Dynamic OEM Table Load:
[    0.423878] ACPI: SSDT 0xFFFF9919A1279700 0000F4 (v02 PmRef  Cpu0Psd  00003000 INTL 20181003)
[    0.424249] ACPI: \_SB_.PR00: _OSC native thermal LVT Acked
[    0.425261] ACPI: Dynamic OEM Table Load:
[    0.425271] ACPI: SSDT 0xFFFF9919A0C80800 000394 (v02 PmRef  Cpu0Cst  00003001 INTL 20181003)
[    0.425685] ACPI: Dynamic OEM Table Load:
[    0.425693] ACPI: SSDT 0xFFFF9919A1837000 000437 (v02 PmRef  Cpu0Ist  00003000 INTL 20181003)
[    0.426180] ACPI: Dynamic OEM Table Load:
[    0.426187] ACPI: SSDT 0xFFFF9919A0C3C400 00012C (v02 PmRef  Cpu0Hwp  00003000 INTL 20181003)
[    0.426514] ACPI: Dynamic OEM Table Load:
[    0.426523] ACPI: SSDT 0xFFFF9919A1837800 000724 (v02 PmRef  HwpLvt   00003000 INTL 20181003)
[    0.427168] ACPI: Dynamic OEM Table Load:
[    0.427177] ACPI: SSDT 0xFFFF9919A0C88000 0005FC (v02 PmRef  ApIst    00003000 INTL 20181003)
[    0.427722] ACPI: Dynamic OEM Table Load:
[    0.427730] ACPI: SSDT 0xFFFF9919A0C81400 000317 (v02 PmRef  ApHwp    00003000 INTL 20181003)
[    0.428238] ACPI: Dynamic OEM Table Load:
[    0.428248] ACPI: SSDT 0xFFFF9919A190B000 000AB0 (v02 PmRef  ApPsd    00003000 INTL 20181003)
[    0.429277] ACPI: Dynamic OEM Table Load:
[    0.429286] ACPI: SSDT 0xFFFF9919A0C81800 00030A (v02 PmRef  ApCst    00003000 INTL 20181003)
[    0.432950] ACPI: Interpreter enabled
[    0.432994] ACPI: (supports S0 S5)
[    0.432996] ACPI: Using IOAPIC for interrupt routing
[    0.433043] PCI: MMCONFIG for domain 0000 [bus 00-ff] at [mem 0xe0000000-0xefffffff] (base 0xe0000000)
[    0.433992] PCI: MMCONFIG at [mem 0xe0000000-0xefffffff] reserved in ACPI motherboard resources
[    0.434015] PCI: Using host bridge windows from ACPI; if necessary, use "pci=nocrs" and report a bug
[    0.434664] ACPI: Enabled 8 GPEs in block 00 to 7F
[    0.440009] ACPI: Power Resource [BTPR] (on)
[    0.450289] ACPI: Power Resource [V0PR] (on)
[    0.450531] ACPI: Power Resource [V1PR] (on)
[    0.450754] ACPI: Power Resource [V2PR] (on)
[    0.451655] ACPI: Power Resource [CAMP] (off)
[    0.453520] ACPI: Power Resource [WRST] (on)
[    0.453749] ACPI: Power Resource [TBT0] (on)
[    0.453787] ACPI: Power Resource [TBT1] (on)
[    0.453825] ACPI: Power Resource [D3C] (on)
[    0.463351] ACPI: Power Resource [PIN] (off)
[    0.464016] ACPI: PCI Root Bridge [PCI0] (domain 0000 [bus 00-fe])
[    0.464024] acpi PNP0A08:00: _OSC: OS supports [ExtendedConfig ASPM ClockPM Segments MSI]
[    0.473418] acpi PNP0A08:00: _OSC: OS now controls [PCIeHotplug PME AER PCIeCapability LTR]
[    0.473779] PCI host bridge to bus 0000:00
[    0.473783] pci_bus 0000:00: root bus resource [io  0x0000-0x0cf7 window]
[    0.473785] pci_bus 0000:00: root bus resource [io  0x0d00-0xffff window]
[    0.473788] pci_bus 0000:00: root bus resource [mem 0x000a0000-0x000bffff window]
[    0.473790] pci_bus 0000:00: root bus resource [mem 0x000c0000-0x000c3fff window]
[    0.473792] pci_bus 0000:00: root bus resource [mem 0x000c4000-0x000c7fff window]
[    0.473794] pci_bus 0000:00: root bus resource [mem 0x000c8000-0x000cbfff window]
[    0.473796] pci_bus 0000:00: root bus resource [mem 0x000cc000-0x000cffff window]
[    0.473799] pci_bus 0000:00: root bus resource [mem 0x000d0000-0x000d3fff window]
[    0.473801] pci_bus 0000:00: root bus resource [mem 0x000d4000-0x000d7fff window]
[    0.473803] pci_bus 0000:00: root bus resource [mem 0x000d8000-0x000dbfff window]
[    0.473805] pci_bus 0000:00: root bus resource [mem 0x000dc000-0x000dffff window]
[    0.473807] pci_bus 0000:00: root bus resource [mem 0x000e0000-0x000e3fff window]
[    0.473809] pci_bus 0000:00: root bus resource [mem 0x000e4000-0x000e7fff window]
[    0.473811] pci_bus 0000:00: root bus resource [mem 0x000e8000-0x000ebfff window]
[    0.473813] pci_bus 0000:00: root bus resource [mem 0x000ec000-0x000effff window]
[    0.473815] pci_bus 0000:00: root bus resource [mem 0x000f0000-0x000fffff window]
[    0.473818] pci_bus 0000:00: root bus resource [mem 0x95400000-0xdfffffff window]
[    0.473820] pci_bus 0000:00: root bus resource [mem 0x4000000000-0x7fffffffff window]
[    0.473823] pci_bus 0000:00: root bus resource [bus 00-fe]
[    0.473866] pci 0000:00:00.0: [8086:8a12] type 00 class 0x060000
[    0.475459] pci 0000:00:02.0: [8086:8a5a] type 00 class 0x030000
[    0.475479] pci 0000:00:02.0: reg 0x10: [mem 0x6001000000-0x6001ffffff 64bit]
[    0.475489] pci 0000:00:02.0: reg 0x18: [mem 0x4000000000-0x400fffffff 64bit pref]
[    0.475496] pci 0000:00:02.0: reg 0x20: [io  0x3000-0x303f]
[    0.476792] pci 0000:00:04.0: [8086:8a03] type 00 class 0x118000
[    0.476823] pci 0000:00:04.0: reg 0x10: [mem 0x6002120000-0x600212ffff 64bit]
[    0.478146] pci 0000:00:05.0: [8086:8a19] type 00 class 0x048000
[    0.478161] pci 0000:00:05.0: reg 0x10: [mem 0x6000000000-0x6000ffffff 64bit]
[    0.479465] pci 0000:00:0d.0: [8086:8a13] type 00 class 0x0c0330
[    0.479489] pci 0000:00:0d.0: reg 0x10: [mem 0x6002110000-0x600211ffff 64bit]
[    0.479563] pci 0000:00:0d.0: PME# supported from D3hot D3cold
[    0.480877] pci 0000:00:12.0: [8086:34fc] type 00 class 0x070000
[    0.480920] pci 0000:00:12.0: reg 0x10: [mem 0x600213a000-0x600213bfff 64bit]
[    0.481084] pci 0000:00:12.0: PME# supported from D0 D3hot
[    0.482402] pci 0000:00:14.0: [8086:34ed] type 00 class 0x0c0330
[    0.482439] pci 0000:00:14.0: reg 0x10: [mem 0x6002100000-0x600210ffff 64bit]
[    0.482562] pci 0000:00:14.0: PME# supported from D3hot D3cold
[    0.483837] pci 0000:00:14.2: [8086:34ef] type 00 class 0x050000
[    0.483874] pci 0000:00:14.2: reg 0x10: [mem 0x6002138000-0x6002139fff 64bit]
[    0.483895] pci 0000:00:14.2: reg 0x18: [mem 0x6002143000-0x6002143fff 64bit]
[    0.485247] pci 0000:00:14.3: [8086:34f0] type 00 class 0x028000
[    0.485303] pci 0000:00:14.3: reg 0x10: [mem 0x6002134000-0x6002137fff 64bit]
[    0.485488] pci 0000:00:14.3: PME# supported from D0 D3hot D3cold
[    0.486839] pci 0000:00:15.0: [8086:34e8] type 00 class 0x0c8000
[    0.486982] pci 0000:00:15.0: reg 0x10: [mem 0x00000000-0x00000fff 64bit]
[    0.488555] pci 0000:00:15.2: [8086:34ea] type 00 class 0x0c8000
[    0.488638] pci 0000:00:15.2: reg 0x10: [mem 0x00000000-0x00000fff 64bit]
[    0.490201] pci 0000:00:15.3: [8086:34eb] type 00 class 0x0c8000
[    0.490289] pci 0000:00:15.3: reg 0x10: [mem 0x00000000-0x00000fff 64bit]
[    0.491776] pci 0000:00:16.0: [8086:34e0] type 00 class 0x078000
[    0.491820] pci 0000:00:16.0: reg 0x10: [mem 0x600213f000-0x600213ffff 64bit]
[    0.491993] pci 0000:00:16.0: PME# supported from D3hot
[    0.493294] pci 0000:00:16.4: [8086:34e4] type 00 class 0x078000
[    0.493337] pci 0000:00:16.4: reg 0x10: [mem 0x600213e000-0x600213efff 64bit]
[    0.493472] pci 0000:00:16.4: PME# supported from D3hot
[    0.494783] pci 0000:00:19.0: [8086:34c5] type 00 class 0x0c8000
[    0.494907] pci 0000:00:19.0: reg 0x10: [mem 0x00000000-0x00000fff 64bit]
[    0.496492] pci 0000:00:1d.0: [8086:34b0] type 01 class 0x060400
[    0.496653] pci 0000:00:1d.0: PME# supported from D0 D3hot D3cold
[    0.498141] pci 0000:00:1e.0: [8086:34a8] type 00 class 0x078000
[    0.498229] pci 0000:00:1e.0: reg 0x10: [mem 0x00000000-0x00000fff 64bit]
[    0.499752] pci 0000:00:1f.0: [8086:3482] type 00 class 0x060100
[    0.501237] pci 0000:00:1f.3: [8086:34c8] type 00 class 0x040380
[    0.501327] pci 0000:00:1f.3: reg 0x10: [mem 0x6002130000-0x6002133fff 64bit]
[    0.501412] pci 0000:00:1f.3: reg 0x20: [mem 0x6002000000-0x60020fffff 64bit]
[    0.501600] pci 0000:00:1f.3: PME# supported from D3hot D3cold
[    0.502962] pci 0000:00:1f.5: [8086:34a4] type 00 class 0x0c8000
[    0.502993] pci 0000:00:1f.5: reg 0x10: [mem 0xfe010000-0xfe010fff]
[    0.504403] pci 0000:01:00.0: [1c5c:1327] type 00 class 0x010802
[    0.504453] pci 0000:01:00.0: reg 0x10: [mem 0x95400000-0x95403fff 64bit]
[    0.504628] pci 0000:01:00.0: supports D1
[    0.504629] pci 0000:01:00.0: PME# supported from D0 D1 D3hot
[    0.504830] pci 0000:00:1d.0: PCI bridge to [bus 01]
[    0.504838] pci 0000:00:1d.0:   bridge window [mem 0x95400000-0x954fffff]
[    0.504856] pci_bus 0000:00: on NUMA node 0
[    0.582228] SCSI subsystem initialized
[    0.582255] libata version 3.00 loaded.
[    0.582255] ACPI: bus type USB registered
[    0.582255] usbcore: registered new interface driver usbfs
[    0.582255] usbcore: registered new interface driver hub
[    0.582255] usbcore: registered new device driver usb
[    0.582255] media: Linux media interface: v0.10
[    0.582255] videodev: Linux video capture interface: v2.00
[    0.582255] Registered efivars operations
[    0.582255] chromeos_acpi: installed
[    0.582255] Advanced Linux Sound Architecture Driver Initialized.
[    0.582255] PCI: Using ACPI for IRQ routing
[    0.639500] PCI: pci_cache_line_size set to 64 bytes
[    0.639708] pci 0000:00:1f.5: can't claim BAR 0 [mem 0xfe010000-0xfe010fff]: no compatible bridge window
[    0.639877] e820: reserve RAM buffer [mem 0x78d00000-0x7bffffff]
[    0.639880] e820: reserve RAM buffer [mem 0x7aaeb000-0x7bffffff]
[    0.639882] e820: reserve RAM buffer [mem 0x7beee000-0x7bffffff]
[    0.639884] e820: reserve RAM buffer [mem 0x26ac00000-0x26bffffff]
[    0.640437] hpet0: at MMIO 0xfed00000, IRQs 2, 8, 0, 0, 0, 0, 0, 0
[    0.640443] hpet0: 8 comparators, 64-bit 19.200000 MHz counter
[    0.641972] clocksource: Switched to clocksource tsc-early
[    0.663481] VFS: Disk quotas dquot_6.6.0
[    0.663509] VFS: Dquot-cache hash table entries: 512 (order 0, 4096 bytes)
[    0.663564] pnp: PnP ACPI init
[    0.663851] system 00:00: [io  0x0680-0x069f] has been reserved
[    0.663854] system 00:00: [io  0x164e-0x164f] has been reserved
[    0.663861] system 00:00: Plug and Play ACPI device, IDs PNP0c02 (active)
[    0.663916] pnp 00:01: Plug and Play ACPI device, IDs PNP0b00 (active)
[    0.664041] system 00:02: [io  0x1854-0x1857] has been reserved
[    0.664047] system 00:02: Plug and Play ACPI device, IDs INT3f0d PNP0c02 (active)
[    0.664529] system 00:03: [mem 0xfed10000-0xfed17fff] has been reserved
[    0.664532] system 00:03: [mem 0xfeda0000-0xfeda0fff] has been reserved
[    0.664535] system 00:03: [mem 0xfeda1000-0xfeda1fff] has been reserved
[    0.664538] system 00:03: [mem 0xe0000000-0xefffffff] has been reserved
[    0.664541] system 00:03: [mem 0xfed20000-0xfed7ffff] could not be reserved
[    0.664543] system 00:03: [mem 0xfed90000-0xfed93fff] has been reserved
[    0.664546] system 00:03: [mem 0xfee00000-0xfeefffff] has been reserved
[    0.664551] system 00:03: Plug and Play ACPI device, IDs PNP0c02 (active)
[    0.664917] system 00:04: [io  0x1800-0x18fe] could not be reserved
[    0.664920] system 00:04: [mem 0xfd000000-0xfd68ffff] has been reserved
[    0.664923] system 00:04: [mem 0xfd6b0000-0xfd6cffff] has been reserved
[    0.664926] system 00:04: [mem 0xfd6f0000-0xfdffffff] has been reserved
[    0.664936] system 00:04: [mem 0xfe000000-0xfe01ffff] could not be reserved
[    0.664938] system 00:04: [mem 0xfe200000-0xfe7fffff] has been reserved
[    0.664941] system 00:04: [mem 0xff000000-0xffffffff] has been reserved
[    0.664947] system 00:04: Plug and Play ACPI device, IDs PNP0c02 (active)
[    0.665238] system 00:05: [io  0x2000-0x20fe] has been reserved
[    0.665243] system 00:05: Plug and Play ACPI device, IDs PNP0c02 (active)
[    0.665471] system 00:06: [mem 0xfe038000-0xfe038fff] has been reserved
[    0.665475] system 00:06: Plug and Play ACPI device, IDs PNP0c02 (active)
[    0.666006] pnp: PnP ACPI: found 7 devices
[    0.670851] clocksource: acpi_pm: mask: 0xffffff max_cycles: 0xffffff, max_idle_ns: 2085701024 ns
[    0.670922] pci 0000:00:15.0: BAR 0: assigned [mem 0x4010000000-0x4010000fff 64bit]
[    0.671027] pci 0000:00:15.2: BAR 0: assigned [mem 0x4010001000-0x4010001fff 64bit]
[    0.671090] pci 0000:00:15.3: BAR 0: assigned [mem 0x4010002000-0x4010002fff 64bit]
[    0.671152] pci 0000:00:19.0: BAR 0: assigned [mem 0x4010003000-0x4010003fff 64bit]
[    0.671213] pci 0000:00:1e.0: BAR 0: assigned [mem 0x4010004000-0x4010004fff 64bit]
[    0.671274] pci 0000:00:1f.5: BAR 0: assigned [mem 0x95500000-0x95500fff]
[    0.671294] pci 0000:00:1d.0: PCI bridge to [bus 01]
[    0.671301] pci 0000:00:1d.0:   bridge window [mem 0x95400000-0x954fffff]
[    0.671313] pci_bus 0000:00: resource 4 [io  0x0000-0x0cf7 window]
[    0.671315] pci_bus 0000:00: resource 5 [io  0x0d00-0xffff window]
[    0.671317] pci_bus 0000:00: resource 6 [mem 0x000a0000-0x000bffff window]
[    0.671318] pci_bus 0000:00: resource 7 [mem 0x000c0000-0x000c3fff window]
[    0.671320] pci_bus 0000:00: resource 8 [mem 0x000c4000-0x000c7fff window]
[    0.671321] pci_bus 0000:00: resource 9 [mem 0x000c8000-0x000cbfff window]
[    0.671323] pci_bus 0000:00: resource 10 [mem 0x000cc000-0x000cffff window]
[    0.671324] pci_bus 0000:00: resource 11 [mem 0x000d0000-0x000d3fff window]
[    0.671326] pci_bus 0000:00: resource 12 [mem 0x000d4000-0x000d7fff window]
[    0.671327] pci_bus 0000:00: resource 13 [mem 0x000d8000-0x000dbfff window]
[    0.671328] pci_bus 0000:00: resource 14 [mem 0x000dc000-0x000dffff window]
[    0.671330] pci_bus 0000:00: resource 15 [mem 0x000e0000-0x000e3fff window]
[    0.671331] pci_bus 0000:00: resource 16 [mem 0x000e4000-0x000e7fff window]
[    0.671333] pci_bus 0000:00: resource 17 [mem 0x000e8000-0x000ebfff window]
[    0.671334] pci_bus 0000:00: resource 18 [mem 0x000ec000-0x000effff window]
[    0.671335] pci_bus 0000:00: resource 19 [mem 0x000f0000-0x000fffff window]
[    0.671337] pci_bus 0000:00: resource 20 [mem 0x95400000-0xdfffffff window]
[    0.671339] pci_bus 0000:00: resource 21 [mem 0x4000000000-0x7fffffffff window]
[    0.671341] pci_bus 0000:01: resource 1 [mem 0x95400000-0x954fffff]
[    0.671543] NET: Registered protocol family 2
[    0.671745] tcp_listen_portaddr_hash hash table entries: 4096 (order: 5, 163840 bytes)
[    0.671779] TCP established hash table entries: 65536 (order: 7, 524288 bytes)
[    0.671882] TCP bind hash table entries: 65536 (order: 9, 2097152 bytes)
[    0.672292] TCP: Hash tables configured (established 65536 bind 65536)
[    0.672334] UDP hash table entries: 4096 (order: 6, 393216 bytes)
[    0.672416] UDP-Lite hash table entries: 4096 (order: 6, 393216 bytes)
[    0.672532] NET: Registered protocol family 1
[    0.672707] pci 0000:00:02.0: Video device with shadowed ROM at [mem 0x000c0000-0x000dffff]
[    0.673427] PCI: CLS 0 bytes, default 64
[    0.673507] DMAR: Host address width 39
[    0.673509] DMAR: DRHD base: 0x000000fed90000 flags: 0x0
[    0.673523] DMAR: dmar0: reg_base_addr fed90000 ver 4:0 cap 1c0000c40660462 ecap 49e2ff0505e
[    0.673526] DMAR: DRHD base: 0x000000fed92000 flags: 0x0
[    0.673532] DMAR: dmar1: reg_base_addr fed92000 ver 1:0 cap d2008c40660462 ecap f050da
[    0.673534] DMAR: DRHD base: 0x000000fed91000 flags: 0x1
[    0.673543] DMAR: dmar2: reg_base_addr fed91000 ver 1:0 cap d2008c40660462 ecap f050da
[    0.673545] DMAR: RMRR base: 0x00000091000000 end: 0x000000953fffff
[    0.673563] PCI-DMA: Using software bounce buffering for IO (SWIOTLB)
[    0.673565] software IO TLB: mapped [mem 0x71fd1000-0x75fd1000] (64MB)
[    0.674103] RAPL PMU: API unit is 2^-32 Joules, 5 fixed counters, 655360 ms ovfl timer
[    0.674106] RAPL PMU: hw unit of domain pp0-core 2^-14 Joules
[    0.674107] RAPL PMU: hw unit of domain package 2^-14 Joules
[    0.674109] RAPL PMU: hw unit of domain dram 2^-14 Joules
[    0.674111] RAPL PMU: hw unit of domain pp1-gpu 2^-14 Joules
[    0.674112] RAPL PMU: hw unit of domain psys 2^-14 Joules
[    0.674425] kvm: already loaded the other module
[    0.674429] clocksource: tsc: mask: 0xffffffffffffffff max_cycles: 0x159647815e3, max_idle_ns: 440795269835 ns
[    0.674452] clocksource: Switched to clocksource tsc
[    0.675366] Scanning for low memory corruption every 60 seconds
[    0.675958] Initialise system trusted keyrings
[    0.676004] workingset: timestamp_bits=61 max_order=21 bucket_order=0
[    0.678283] squashfs: version 4.0 (2009/01/31) Phillip Lougher
[    0.678448] Registering esdfs 0.2
[    0.678504] alt_syscall: table 'read_write_test' available.
[    0.678519] alt_syscall: table 'android' available.
[    0.678532] alt_syscall: table 'android_permissive' available.
[    0.678544] alt_syscall: table 'third_party' available.
[    0.678553] alt_syscall: table 'third_party_permissive' available.
[    0.678562] alt_syscall: table 'complete' available.
[    0.678572] alt_syscall: table 'complete_permissive' available.
[    0.679832] Key type asymmetric registered
[    0.679834] Asymmetric key parser 'x509' registered
[    0.679844] Block layer SCSI generic (bsg) driver version 0.4 loaded (major 248)
[    0.679847] io scheduler noop registered
[    0.679848] io scheduler deadline registered
[    0.679900] io scheduler cfq registered (default)
[    0.679902] io scheduler mq-deadline registered
[    0.679904] io scheduler kyber registered
[    0.680377] pcieport 0000:00:1d.0: Signaling PME with IRQ 120
[    0.680482] intel_idle: does not run on family 6 model 126
[    0.680670] input: Lid Switch as /devices/LNXSYSTM:00/LNXSYBUS:00/PNP0C0D:00/input/input0
[    0.680700] ACPI: Lid Switch [LID0]
[    0.680771] acpi-tad ACPI000E:00: Missing _PRW
[    0.681275] Monitor-Mwait will be used to enter C-1 state
[    0.681281] Monitor-Mwait will be used to enter C-2 state
[    0.681285] Monitor-Mwait will be used to enter C-3 state
[    0.684542] [Firmware Bug]: No valid trip found
[    0.684599] [Firmware Bug]: No valid trip found
[    0.684644] [Firmware Bug]: No valid trip found
[    0.684687] [Firmware Bug]: No valid trip found
[    0.684732] [Firmware Bug]: No valid trip found
[    0.684780] [Firmware Bug]: No valid trip found
[    0.684824] [Firmware Bug]: No valid trip found
[    0.684867] [Firmware Bug]: No valid trip found
[    0.684911] [Firmware Bug]: No valid trip found
[    0.685171] Serial: 8250/16550 driver, 4 ports, IRQ sharing disabled
[    0.687479] Non-volatile memory driver v1.3
[    0.687586] Linux agpgart interface v0.103
[    0.700743] loop: module loaded
[    0.700781] lkdtm: No crash points registered, enable through debugfs
[    0.700869] mei_me 0000:00:16.0: enabling device (0000 -> 0002)
[    0.701420] nvme nvme0: pci function 0000:01:00.0
[    0.701614] mdio_bus fixed-0: GPIO lookup for consumer reset
[    0.701616] mdio_bus fixed-0: using lookup tables for GPIO lookup
[    0.701618] mdio_bus fixed-0: No GPIO consumer reset found
[    0.701625] libphy: Fixed MDIO Bus: probed
[    0.701753] ehci_hcd: USB 2.0 'Enhanced' Host Controller (EHCI) Driver
[    0.701755] ehci-pci: EHCI PCI platform driver
[    0.701769] ohci_hcd: USB 1.1 'Open' Host Controller (OHCI) Driver
[    0.701773] ohci-pci: OHCI PCI platform driver
[    0.701785] uhci_hcd: USB Universal Host Controller Interface driver
[    0.701898] xhci_hcd 0000:00:0d.0: xHCI Host Controller
[    0.701986] xhci_hcd 0000:00:0d.0: new USB bus registered, assigned bus number 1
[    0.703086] xhci_hcd 0000:00:0d.0: hcc params 0x20007fc1 hci version 0x110 quirks 0x0000000000009810
[    0.703093] xhci_hcd 0000:00:0d.0: cache line size of 64 is not supported
[    0.703323] usb usb1: New USB device found, idVendor=1d6b, idProduct=0002, bcdDevice= 4.19
[    0.703326] usb usb1: New USB device strings: Mfr=3, Product=2, SerialNumber=1
[    0.703329] usb usb1: Product: xHCI Host Controller
[    0.703332] usb usb1: Manufacturer: Linux 4.19.139-g63ea60542 xhci-hcd
[    0.703334] usb usb1: SerialNumber: 0000:00:0d.0
[    0.703482] hub 1-0:1.0: USB hub found
[    0.703492] hub 1-0:1.0: 1 port detected
[    0.703693] xhci_hcd 0000:00:0d.0: xHCI Host Controller
[    0.703782] xhci_hcd 0000:00:0d.0: new USB bus registered, assigned bus number 2
[    0.703787] xhci_hcd 0000:00:0d.0: Host supports USB 3.1 Enhanced SuperSpeed
[    0.703837] usb usb2: New USB device found, idVendor=1d6b, idProduct=0003, bcdDevice= 4.19
[    0.703839] usb usb2: New USB device strings: Mfr=3, Product=2, SerialNumber=1
[    0.703842] usb usb2: Product: xHCI Host Controller
[    0.703844] usb usb2: Manufacturer: Linux 4.19.139-g63ea60542 xhci-hcd
[    0.703846] usb usb2: SerialNumber: 0000:00:0d.0
[    0.703981] hub 2-0:1.0: USB hub found
[    0.703992] hub 2-0:1.0: 4 ports detected
[    0.704890] xhci_hcd 0000:00:14.0: xHCI Host Controller
[    0.704968] xhci_hcd 0000:00:14.0: new USB bus registered, assigned bus number 3
[    0.706087] xhci_hcd 0000:00:14.0: hcc params 0x20007fc1 hci version 0x110 quirks 0x0000000000009810
[    0.706095] xhci_hcd 0000:00:14.0: cache line size of 64 is not supported
[    0.706368] usb usb3: New USB device found, idVendor=1d6b, idProduct=0002, bcdDevice= 4.19
[    0.706370] usb usb3: New USB device strings: Mfr=3, Product=2, SerialNumber=1
[    0.706373] usb usb3: Product: xHCI Host Controller
[    0.706375] usb usb3: Manufacturer: Linux 4.19.139-g63ea60542 xhci-hcd
[    0.706377] usb usb3: SerialNumber: 0000:00:14.0
[    0.706520] hub 3-0:1.0: USB hub found
[    0.706543] hub 3-0:1.0: 12 ports detected
[    0.708207] xhci_hcd 0000:00:14.0: xHCI Host Controller
[    0.708277] xhci_hcd 0000:00:14.0: new USB bus registered, assigned bus number 4
[    0.708281] xhci_hcd 0000:00:14.0: Host supports USB 3.1 Enhanced SuperSpeed
[    0.708337] usb usb4: New USB device found, idVendor=1d6b, idProduct=0003, bcdDevice= 4.19
[    0.708339] usb usb4: New USB device strings: Mfr=3, Product=2, SerialNumber=1
[    0.708341] usb usb4: Product: xHCI Host Controller
[    0.708343] usb usb4: Manufacturer: Linux 4.19.139-g63ea60542 xhci-hcd
[    0.708346] usb usb4: SerialNumber: 0000:00:14.0
[    0.708464] hub 4-0:1.0: USB hub found
[    0.708482] hub 4-0:1.0: 6 ports detected
[    0.709293] usbcore: registered new interface driver cdc_wdm
[    0.709403] usbcore: registered new interface driver uas
[    0.709430] usbcore: registered new interface driver usb-storage
[    0.709441] usbcore: registered new interface driver ums-realtek
[    0.709462] usbcore: registered new interface driver usbserial_generic
[    0.709469] usbserial: USB Serial support registered for generic
[    0.709479] usbcore: registered new interface driver pl2303
[    0.709484] usbserial: USB Serial support registered for pl2303
[    0.709496] usbcore: registered new interface driver usb_serial_simple
[    0.709502] usbserial: USB Serial support registered for carelink
[    0.709508] usbserial: USB Serial support registered for zio
[    0.709514] usbserial: USB Serial support registered for funsoft
[    0.709519] usbserial: USB Serial support registered for flashloader
[    0.709524] usbserial: USB Serial support registered for google
[    0.709530] usbserial: USB Serial support registered for libtransistor
[    0.709536] usbserial: USB Serial support registered for vivopay
[    0.709542] usbserial: USB Serial support registered for moto_modem
[    0.709547] usbserial: USB Serial support registered for motorola_tetra
[    0.709553] usbserial: USB Serial support registered for novatel_gps
[    0.709558] usbserial: USB Serial support registered for hp4x
[    0.709563] usbserial: USB Serial support registered for suunto
[    0.709569] usbserial: USB Serial support registered for siemens_mpi
[    0.709609] i8042: PNP: No PS/2 controller found.
[    0.709709] rtc_cmos 00:01: RTC can wake from S4
[    0.710464] rtc_cmos 00:01: registered as rtc0
[    0.710487] rtc_cmos 00:01: alarms up to one month, y3k, 242 bytes nvram
[    0.710521] i2c /dev entries driver
[    0.710632] gspca_main: v2.14.0 registered
[    0.710773] device-mapper: ioctl: 4.39.0-ioctl (2018-04-03) initialised: dm-devel@redhat.com
[    0.710846] device-mapper: verity-chromeos: dm-verity-chromeos registered
[    0.710851] intel_pstate: Intel P-state driver initializing
[    0.711359] intel_pstate: HWP enabled
[    0.711375] sdhci: Secure Digital Host Controller Interface driver
[    0.711376] sdhci: Copyright(c) Pierre Ossman
[    0.711409] EFI Variables Facility v0.08 2004-May-17
[    0.720785] pstore: Registered efi as persistent store backend
[    0.720791] hidraw: raw HID events driver (C) Jiri Kosina
[    0.720816] usbcore: registered new interface driver usbhid
[    0.720817] usbhid: USB HID core driver
[    0.720850] ashmem: initialized
[    0.720858] intel_telemetry_core Init
[    0.720896] intel_pmc_core INT33A1:00:  initialized
[    0.720974] intel_rapl: driver does not support CPU family 6 model 126
[    0.721101] GACT probability NOT on
[    0.721377] Initializing XFRM netlink socket
[    0.721435] NET: Registered protocol family 10
[    0.721592] Segment Routing with IPv6
[    0.721624] NET: Registered protocol family 17
[    0.722133] mce: Using 11 MCE banks
[    0.722158] microcode: sig=0x706e5, pf=0x80, revision=0x38
[    0.722206] microcode: Microcode Update Driver: v2.2.
[    0.722212] AVX2 version of gcm_enc/dec engaged.
[    0.722213] AES CTR mode by8 optimization enabled
[    0.722454] sched_clock: Marking stable (718603231, 3848423)->(739297667, -16846013)
[    0.722519] registered taskstats version 1
[    0.722520] Loading compiled-in X.509 certificates
[    0.722559] pstore: Using compression: deflate
[    0.722720] Key type encrypted registered
[    0.723096]   Magic number: 7:479:274
[    0.723125] acpi device:7c: hash matches
[    0.723175] cfg80211: Loading compiled-in X.509 certificates for regulatory database
[    0.723419] cfg80211: Loaded X.509 cert 'sforshee: 00b28ddf47aef9cea7'
[    0.723424] ALSA device list:
[    0.723435] platform regulatory.0: Direct firmware load for regulatory.db failed with error -2
[    0.723436] cfg80211: failed to load regulatory.db
[    0.723441]   No soundcards found.
[    0.723447] Warning: unable to open an initial console.
[    0.914713] nvme nvme0: missing or invalid SUBNQN field.
[    0.919428]  nvme0n1: p1 p2 p3 p4
[    0.920198] Waiting for root device PARTUUID=536A717E-24FC-6347-B9FA-28D55F5C09C1...
[    1.028041] usb 3-2: new full-speed USB device number 2 using xhci_hcd
[    1.155667] usb 3-2: New USB device found, idVendor=1a86, idProduct=7523, bcdDevice= 2.54
[    1.155673] usb 3-2: New USB device strings: Mfr=0, Product=2, SerialNumber=0
[    1.155677] usb 3-2: Product: USB2.0-Serial
[    1.270975] usb 3-4: new high-speed USB device number 3 using xhci_hcd
[    1.404364] usb 3-4: New USB device found, idVendor=2109, idProduct=0715, bcdDevice= 0.00
[    1.404371] usb 3-4: New USB device strings: Mfr=1, Product=2, SerialNumber=3
[    1.404374] usb 3-4: Product: PSSD
[    1.404377] usb 3-4: Manufacturer: Jiazhuo
[    1.404379] usb 3-4: SerialNumber: ABCDEFA75370
[    1.409275] scsi host0: uas
[    1.411414] scsi 0:0:0:0: Direct-Access     Jiazhuo  PSSD             2210 PQ: 0 ANSI: 6
[    1.415198] sd 0:0:0:0: [sda] 250069680 512-byte logical blocks: (128 GB/119 GiB)
[    1.415564] sd 0:0:0:0: [sda] Write Protect is off
[    1.415571] sd 0:0:0:0: [sda] Mode Sense: 2f 00 00 00
[    1.416184] sd 0:0:0:0: [sda] Write cache: enabled, read cache: enabled, doesn't support DPO or FUA
[    1.416833] sd 0:0:0:0: [sda] Optimal transfer size 33553920 bytes
[    1.426465]  sda: sda1 sda2 sda3 sda4 sda5 sda6 sda7 sda8 sda9 sda10 sda11 sda12
[    1.430443] sd 0:0:0:0: [sda] Attached SCSI disk
[    1.432307] EXT4-fs (sda3): mounting ext2 file system using the ext4 subsystem
[    1.438193] EXT4-fs (sda3): mounted filesystem without journal. Opts: (null)
[    1.438200] VFS: Mounted root (ext2 filesystem) readonly on device 8:3.
[    1.444039] devtmpfs: mounted
[    1.523038] usb 3-8: new full-speed USB device number 4 using xhci_hcd
[    1.651621] usb 3-8: New USB device found, idVendor=045e, idProduct=07e2, bcdDevice= 3.07
[    1.651623] usb 3-8: New USB device strings: Mfr=1, Product=2, SerialNumber=0
[    1.651624] usb 3-8: Product: Surface Type Cover
[    1.651625] usb 3-8: Manufacturer: Microsoft
[    1.657993] input: Microsoft Surface Type Cover Keyboard as /devices/pci0000:00/0000:00:14.0/usb3/3-8/3-8:1.0/0003:045E:07E2.0001/input/input1
[    1.710353] input: Microsoft Surface Type Cover Mouse as /devices/pci0000:00/0000:00:14.0/usb3/3-8/3-8:1.0/0003:045E:07E2.0001/input/input2
[    1.710577] input: Microsoft Surface Type Cover Consumer Control as /devices/pci0000:00/0000:00:14.0/usb3/3-8/3-8:1.0/0003:045E:07E2.0001/input/input3
[    1.710800] input: Microsoft Surface Type Cover Touchpad as /devices/pci0000:00/0000:00:14.0/usb3/3-8/3-8:1.0/0003:045E:07E2.0001/input/input5
[    1.711197] hid-multitouch 0003:045E:07E2.0001: input,hiddev0,hidraw0: USB HID v1.11 Keyboard [Microsoft Surface Type Cover] on usb-0000:00:14.0-8/input0
[    1.778970] Freeing unused kernel image memory: 1664K
[    1.778972] Write protecting the kernel read-only data: 18432k
[    1.780850] Freeing unused kernel image memory: 2000K
[    1.781032] Freeing unused kernel image memory: 892K
[    1.781033] Run /sbin/init as init process
[    1.825147] usb 3-10: new full-speed USB device number 5 using xhci_hcd
[    1.952745] usb 3-10: New USB device found, idVendor=8087, idProduct=0026, bcdDevice= 0.02
[    1.952753] usb 3-10: New USB device strings: Mfr=0, Product=0, SerialNumber=0
[    2.017729] SELinux:  policy capability network_peer_controls=1
[    2.017735] SELinux:  policy capability open_perms=1
[    2.017737] SELinux:  policy capability extended_socket_class=1
[    2.017738] SELinux:  policy capability always_check_network=0
[    2.017740] SELinux:  policy capability cgroup_seclabel=0
[    2.017742] SELinux:  policy capability nnp_nosuid_transition=1
[    2.056301] audit: type=1403 audit(1570616204.797:2): auid=4294967295 ses=4294967295 lsm=selinux res=1
[    2.461393] audit: type=1400 audit(1570616205.202:3): avc:  granted  { execute } for  pid=171 comm="sh" name="crash_reporter" dev="sda3" ino=26136 scontext=u:r:cros_init_scripts:s0 tcontext=u:object_r:cros_crash_reporter_exec:s0 tclass=file
[    2.842094] init: early-failure main process (172) terminated with status 124
[    2.893102] udevd[180]: starting version 225
[    2.911449] fyde_vdtb: loading out-of-tree module taints kernel.
[    2.911746] input: fyde-vdtb as /devices/virtual/misc/vdtb/input10
[    2.911768] misc vdtb: Inited vdtb device
[    3.059014] NMI watchdog: Enabled. Permanently consumes one hw-PMU counter.
[    3.181663] SafeSetID: insecure policy detected: uid 213 is constrained but transitively unconstrained through uid 307
[    3.181665] SafeSetID: insecure policy detected: uid 213 is constrained but transitively unconstrained through uid 300
[    3.181666] SafeSetID: insecure policy detected: uid 213 is constrained but transitively unconstrained through uid 305
[    3.181667] SafeSetID: insecure policy detected: uid 213 is constrained but transitively unconstrained through uid 309
[    3.181667] SafeSetID: insecure policy detected: uid 213 is constrained but transitively unconstrained through uid 308
[    3.181668] SafeSetID: insecure policy detected: uid 213 is constrained but transitively unconstrained through uid 302
[    3.181669] SafeSetID: insecure policy detected: uid 213 is constrained but transitively unconstrained through uid 1000
[    3.230573] mousedev: PS/2 mouse device common for all mice
[    3.346967] EXT4-fs (sda1): recovery complete
[    3.347996] EXT4-fs (sda1): mounted filesystem with ordered data mode. Opts: commit=600
[    3.438529] Setting dangerous option enable_guc - tainting kernel
[    3.438538] Setting dangerous option enable_psr - tainting kernel
[    3.439296] EXT4-fs (sda8): mounted filesystem with ordered data mode. Opts: (null)
[    3.439301] [drm] GuC: No firmware known for this platform!
[    3.439303] [drm] HuC: No firmware known for this platform!
[    3.439305] [drm] Incompatible option detected: enable_guc=2, no GuC firmware!
[    3.439308] [drm] Incompatible option detected: enable_guc=2, no HuC firmware!
[    3.442155] [drm] Supports vblank timestamp caching Rev 2 (21.10.2013).
[    3.442158] [drm] Driver supports precise vblank timestamp query.
[    3.443130] ------------[ cut here ]------------
[    3.443132] Missing case (cdclk == 172800)
[    3.443239] WARNING: CPU: 1 PID: 188 at /build/surface-pro7/tmp/portage/sys-kernel/surface-kernel-4_19-4.19.139-r1/work/surface-kernel-4_19-4.19.139/drivers/gpu/drm/i915/intel_cdclk.c:1901 icl_calc_voltage_level+0x61/0x6b [i915]
[    3.443240] Modules linked in: i915(+) mousedev joydev fyde_vdtb(O)
[    3.443245] CPU: 1 PID: 188 Comm: udevd Tainted: G     U  W  O      4.19.139-g63ea60542 #4
[    3.443246] Hardware name: Microsoft Corporation Surface Pro 7/Surface Pro 7, BIOS 7.159.140 10/08/2019
[    3.443277] RIP: 0010:icl_calc_voltage_level+0x61/0x6b [i915]
[    3.443278] Code: 00 f6 09 00 74 26 81 ff 00 7f 08 00 75 04 b0 01 eb 20 48 63 d7 48 c7 c6 aa 13 2f c0 48 c7 c7 b0 13 2f c0 31 c0 e8 73 32 e9 de <0f> 0b b0 02 eb 02 31 c0 5d c3 0f 1f 44 00 00 55 ba 01 00 00 00 48
[    3.443280] RSP: 0018:ffffaca30034fa58 EFLAGS: 00010282
[    3.443281] RAX: 0000000000000000 RBX: ffff99199c096204 RCX: 0000000000000000
[    3.443282] RDX: 0000000000000001 RSI: 0000000000000002 RDI: ffffffffa0264400
[    3.443283] RBP: ffffaca30034fa58 R08: 0000000000000002 R09: 0000000000000000
[    3.443284] R10: ffff99199c090a08 R11: 0000000000000400 R12: ffff99199c090000
[    3.443285] R13: 0000000000000000 R14: 000000000006c014 R15: 000000000006c100
[    3.443286] FS:  00007fa8e8136040(0000) GS:ffff9919a2a40000(0000) knlGS:0000000000000000
[    3.443287] CS:  0010 DS: 0000 ES: 0000 CR0: 0000000080050033
[    3.443287] CR2: 00007ffe07ef4070 CR3: 000000025e4ec003 CR4: 0000000000760ee0
[    3.443288] PKRU: 55555554
[    3.443288] Call Trace:
[    3.443309]  icl_get_cdclk+0xfe/0x106 [i915]
[    3.443326]  intel_update_cdclk+0x20/0x5d [i915]
[    3.443345]  icl_init_cdclk+0x27/0xef [i915]
[    3.443368]  intel_power_domains_init_hw+0x181/0x7ab [i915]
[    3.443390]  i915_driver_load+0xe12/0x107f [i915]
[    3.443395]  pci_device_probe+0xd3/0x148
[    3.443398]  really_probe+0x158/0x2a9
[    3.443400]  driver_probe_device+0xa4/0xd8
[    3.443401]  __driver_attach+0x92/0xc4
[    3.443403]  ? driver_probe_device+0xd8/0xd8
[    3.443404]  bus_for_each_dev+0x7b/0xaf
[    3.443406]  bus_add_driver+0xf1/0x1e0
[    3.443407]  ? 0xffffffffc0367000
[    3.443408]  driver_register+0xab/0xe7
[    3.443410]  do_one_initcall+0xaa/0x1bc
[    3.443413]  ? slab_pre_alloc_hook+0x39/0x49
[    3.443414]  ? kmem_cache_alloc_trace+0xc3/0xd2
[    3.443416]  do_init_module+0x5f/0x208
[    3.443417]  load_module+0x1c37/0x1ede
[    3.443420]  ? kernel_read_file+0x108/0x174
[    3.443421]  ? __do_sys_finit_module+0xae/0xd6
[    3.443422]  __do_sys_finit_module+0xae/0xd6
[    3.443424]  do_syscall_64+0x54/0x64
[    3.443426]  entry_SYSCALL_64_after_hwframe+0x44/0xa9
[    3.443427] RIP: 0033:0x7fa8e78a3e59
[    3.443429] Code: 00 f3 c3 66 2e 0f 1f 84 00 00 00 00 00 0f 1f 40 00 48 89 f8 48 89 f7 48 89 d6 48 89 ca 4d 89 c2 4d 89 c8 4c 8b 4c 24 08 0f 05 <48> 3d 01 f0 ff ff 73 01 c3 48 8b 0d df 9f 2b 00 f7 d8 64 89 01 48
[    3.443429] RSP: 002b:00007ffe07ef3128 EFLAGS: 00000246 ORIG_RAX: 0000000000000139
[    3.443430] RAX: ffffffffffffffda RBX: 0000586fb06cac50 RCX: 00007fa8e78a3e59
[    3.443431] RDX: 0000000000000000 RSI: 0000586fb06f62e0 RDI: 0000000000000007
[    3.443431] RBP: 00007ffe07ef3170 R08: 0000000000000000 R09: 0000586fb06c5100
[    3.443432] R10: 0000000000000007 R11: 0000000000000246 R12: 0000000000000000
[    3.443433] R13: 0000586fb06e57f0 R14: 0000000000000000 R15: 0000586fb06f62e0
[    3.443434] ---[ end trace f2455fa0aa69b9fa ]---
[    3.443454] ------------[ cut here ]------------
[    3.443455] Missing case (cdclk == 172800)
[    3.443480] WARNING: CPU: 1 PID: 188 at /build/surface-pro7/tmp/portage/sys-kernel/surface-kernel-4_19-4.19.139-r1/work/surface-kernel-4_19-4.19.139/drivers/gpu/drm/i915/intel_cdclk.c:1901 icl_calc_voltage_level+0x61/0x6b [i915]
[    3.443481] Modules linked in: i915(+) mousedev joydev fyde_vdtb(O)
[    3.443483] CPU: 1 PID: 188 Comm: udevd Tainted: G     U  W  O      4.19.139-g63ea60542 #4
[    3.443483] Hardware name: Microsoft Corporation Surface Pro 7/Surface Pro 7, BIOS 7.159.140 10/08/2019
[    3.443499] RIP: 0010:icl_calc_voltage_level+0x61/0x6b [i915]
[    3.443500] Code: 00 f6 09 00 74 26 81 ff 00 7f 08 00 75 04 b0 01 eb 20 48 63 d7 48 c7 c6 aa 13 2f c0 48 c7 c7 b0 13 2f c0 31 c0 e8 73 32 e9 de <0f> 0b b0 02 eb 02 31 c0 5d c3 0f 1f 44 00 00 55 ba 01 00 00 00 48
[    3.443501] RSP: 0018:ffffaca30034fa00 EFLAGS: 00010292
[    3.443501] RAX: 0000000000000000 RBX: ffffaca30034fa34 RCX: 0000000000000000
[    3.443502] RDX: 0000000000000001 RSI: 0000000000000002 RDI: ffffffffa0264400
[    3.443502] RBP: ffffaca30034fa00 R08: 0000000000000002 R09: 0000000000000000
[    3.443503] R10: ffff99199c090a08 R11: 0000000000000000 R12: ffff99199c090000
[    3.443504] R13: 000000000000002c R14: 0000100000000000 R15: 000000000006c100
[    3.443505] FS:  00007fa8e8136040(0000) GS:ffff9919a2a40000(0000) knlGS:0000000000000000
[    3.443505] CS:  0010 DS: 0000 ES: 0000 CR0: 0000000080050033
[    3.443506] CR2: 00007ffe07ef4070 CR3: 000000025e4ec003 CR4: 0000000000760ee0
[    3.443506] PKRU: 55555554
[    3.443507] Call Trace:
[    3.443522]  icl_get_cdclk+0xfe/0x106 [i915]
[    3.443543]  gen9_dc_off_power_well_enable+0x48/0x147 [i915]
[    3.443562]  intel_power_well_enable+0x41/0x4a [i915]
[    3.443578]  __intel_display_power_get_domain+0x66/0x7d [i915]
[    3.443596]  intel_display_power_get+0x32/0x3f [i915]
[    3.443626]  ? gen11_fwtable_read8+0xc3/0xc3 [i915]
[    3.443651]  intel_power_domains_init_hw+0x713/0x7ab [i915]
[    3.443679]  i915_driver_load+0xe12/0x107f [i915]
[    3.443682]  pci_device_probe+0xd3/0x148
[    3.443684]  really_probe+0x158/0x2a9
[    3.443686]  driver_probe_device+0xa4/0xd8
[    3.443688]  __driver_attach+0x92/0xc4
[    3.443690]  ? driver_probe_device+0xd8/0xd8
[    3.443692]  bus_for_each_dev+0x7b/0xaf
[    3.443694]  bus_add_driver+0xf1/0x1e0
[    3.443695]  ? 0xffffffffc0367000
[    3.443696]  driver_register+0xab/0xe7
[    3.443698]  do_one_initcall+0xaa/0x1bc
[    3.443699]  ? slab_pre_alloc_hook+0x39/0x49
[    3.443701]  ? kmem_cache_alloc_trace+0xc3/0xd2
[    3.443703]  do_init_module+0x5f/0x208
[    3.443704]  load_module+0x1c37/0x1ede
[    3.443707]  ? kernel_read_file+0x108/0x174
[    3.443708]  ? __do_sys_finit_module+0xae/0xd6
[    3.443710]  __do_sys_finit_module+0xae/0xd6
[    3.443712]  do_syscall_64+0x54/0x64
[    3.443714]  entry_SYSCALL_64_after_hwframe+0x44/0xa9
[    3.443715] RIP: 0033:0x7fa8e78a3e59
[    3.443716] Code: 00 f3 c3 66 2e 0f 1f 84 00 00 00 00 00 0f 1f 40 00 48 89 f8 48 89 f7 48 89 d6 48 89 ca 4d 89 c2 4d 89 c8 4c 8b 4c 24 08 0f 05 <48> 3d 01 f0 ff ff 73 01 c3 48 8b 0d df 9f 2b 00 f7 d8 64 89 01 48
[    3.443718] RSP: 002b:00007ffe07ef3128 EFLAGS: 00000246 ORIG_RAX: 0000000000000139
[    3.443719] RAX: ffffffffffffffda RBX: 0000586fb06cac50 RCX: 00007fa8e78a3e59
[    3.443720] RDX: 0000000000000000 RSI: 0000586fb06f62e0 RDI: 0000000000000007
[    3.443721] RBP: 00007ffe07ef3170 R08: 0000000000000000 R09: 0000586fb06c5100
[    3.443722] R10: 0000000000000007 R11: 0000000000000246 R12: 0000000000000000
[    3.443723] R13: 0000586fb06e57f0 R14: 0000000000000000 R15: 0000586fb06f62e0
[    3.443724] ---[ end trace f2455fa0aa69b9fb ]---
[    3.445162] ------------[ cut here ]------------
[    3.445166] Missing case (cdclk == 172800)
[    3.445254] WARNING: CPU: 2 PID: 188 at /build/surface-pro7/tmp/portage/sys-kernel/surface-kernel-4_19-4.19.139-r1/work/surface-kernel-4_19-4.19.139/drivers/gpu/drm/i915/intel_cdclk.c:1901 icl_calc_voltage_level+0x61/0x6b [i915]
[    3.445256] Modules linked in: i915(+) mousedev joydev fyde_vdtb(O)
[    3.445262] CPU: 2 PID: 188 Comm: udevd Tainted: G     U  W  O      4.19.139-g63ea60542 #4
[    3.445264] Hardware name: Microsoft Corporation Surface Pro 7/Surface Pro 7, BIOS 7.159.140 10/08/2019
[    3.445322] RIP: 0010:icl_calc_voltage_level+0x61/0x6b [i915]
[    3.445324] Code: 00 f6 09 00 74 26 81 ff 00 7f 08 00 75 04 b0 01 eb 20 48 63 d7 48 c7 c6 aa 13 2f c0 48 c7 c7 b0 13 2f c0 31 c0 e8 73 32 e9 de <0f> 0b b0 02 eb 02 31 c0 5d c3 0f 1f 44 00 00 55 ba 01 00 00 00 48
[    3.445327] RSP: 0018:ffffaca30034fa18 EFLAGS: 00010282
[    3.445329] RAX: 0000000000000000 RBX: ffff99199c096204 RCX: 0000000000000000
[    3.445330] RDX: 0000000000000001 RSI: 0000000000000002 RDI: ffffffffa0264400
[    3.445332] RBP: ffffaca30034fa18 R08: 0000000000000002 R09: 0000000000000000
[    3.445333] R10: ffffaca30034f9e0 R11: 0000000000000000 R12: ffff99199c090000
[    3.445335] R13: ffff9919a1bd8000 R14: ffff9919a1bdc800 R15: 0000000000000000
[    3.445337] FS:  00007fa8e8136040(0000) GS:ffff9919a2a80000(0000) knlGS:0000000000000000
[    3.445339] CS:  0010 DS: 0000 ES: 0000 CR0: 0000000080050033
[    3.445340] CR2: 00005d3977369b38 CR3: 000000025e4ec005 CR4: 0000000000760ee0
[    3.445342] PKRU: 55555554
[    3.445343] Call Trace:
[    3.445392]  icl_get_cdclk+0xfe/0x106 [i915]
[    3.445436]  intel_update_cdclk+0x20/0x5d [i915]
[    3.445491]  intel_modeset_init_hw+0x1b/0x52 [i915]
[    3.445535]  intel_modeset_init+0xaed/0x1785 [i915]
[    3.445601]  ? intel_i2c_reset+0x4e/0x51 [i915]
[    3.445651]  ? intel_setup_gmbus+0xe2/0x2ad [i915]
[    3.445713]  ? gen11_irq_postinstall+0x28f/0x296 [i915]
[    3.445735]  i915_driver_load+0xe54/0x107f [i915]
[    3.445738]  pci_device_probe+0xd3/0x148
[    3.445741]  really_probe+0x158/0x2a9
[    3.445742]  driver_probe_device+0xa4/0xd8
[    3.445744]  __driver_attach+0x92/0xc4
[    3.445745]  ? driver_probe_device+0xd8/0xd8
[    3.445747]  bus_for_each_dev+0x7b/0xaf
[    3.445748]  bus_add_driver+0xf1/0x1e0
[    3.445749]  ? 0xffffffffc0367000
[    3.445750]  driver_register+0xab/0xe7
[    3.445752]  do_one_initcall+0xaa/0x1bc
[    3.445753]  ? slab_pre_alloc_hook+0x39/0x49
[    3.445755]  ? kmem_cache_alloc_trace+0xc3/0xd2
[    3.445756]  do_init_module+0x5f/0x208
[    3.445757]  load_module+0x1c37/0x1ede
[    3.445759]  ? kernel_read_file+0x108/0x174
[    3.445761]  ? __do_sys_finit_module+0xae/0xd6
[    3.445762]  __do_sys_finit_module+0xae/0xd6
[    3.445763]  do_syscall_64+0x54/0x64
[    3.445765]  entry_SYSCALL_64_after_hwframe+0x44/0xa9
[    3.445766] RIP: 0033:0x7fa8e78a3e59
[    3.445767] Code: 00 f3 c3 66 2e 0f 1f 84 00 00 00 00 00 0f 1f 40 00 48 89 f8 48 89 f7 48 89 d6 48 89 ca 4d 89 c2 4d 89 c8 4c 8b 4c 24 08 0f 05 <48> 3d 01 f0 ff ff 73 01 c3 48 8b 0d df 9f 2b 00 f7 d8 64 89 01 48
[    3.445768] RSP: 002b:00007ffe07ef3128 EFLAGS: 00000246 ORIG_RAX: 0000000000000139
[    3.445769] RAX: ffffffffffffffda RBX: 0000586fb06cac50 RCX: 00007fa8e78a3e59
[    3.445770] RDX: 0000000000000000 RSI: 0000586fb06f62e0 RDI: 0000000000000007
[    3.445771] RBP: 00007ffe07ef3170 R08: 0000000000000000 R09: 0000586fb06c5100
[    3.445771] R10: 0000000000000007 R11: 0000000000000246 R12: 0000000000000000
[    3.445772] R13: 0000586fb06e57f0 R14: 0000000000000000 R15: 0000586fb06f62e0
[    3.445773] ---[ end trace f2455fa0aa69b9fc ]---
[    3.446256] [drm] Finished loading DMC firmware i915/icl_dmc_ver1_07.bin (v1.7)
[    3.462630] i915 0000:00:02.0: [drm:intel_acpi_device_id_update [i915]] Checking connector ACPI node at _ADR=80010400
[    3.475812] ------------[ cut here ]------------
[    3.475815] WARN_ON_ONCE(((dev_priv)->info.gen) >= 11)
[    3.475857] WARNING: CPU: 3 PID: 188 at /build/surface-pro7/tmp/portage/sys-kernel/surface-kernel-4_19-4.19.139-r1/work/surface-kernel-4_19-4.19.139/drivers/gpu/drm/i915/i915_irq.c:366 gen6_pm_iir+0x3b/0x53 [i915]
[    3.475858] Modules linked in: i915(+) mousedev joydev fyde_vdtb(O)
[    3.475862] CPU: 3 PID: 188 Comm: udevd Tainted: G     U  W  O      4.19.139-g63ea60542 #4
[    3.475863] Hardware name: Microsoft Corporation Surface Pro 7/Surface Pro 7, BIOS 7.159.140 10/08/2019
[    3.475885] RIP: 0010:gen6_pm_iir+0x3b/0x53 [i915]
[    3.475887] Code: 48 89 fb 76 27 80 3d fa dc 15 00 00 75 1e 48 c7 c6 c7 db 2d c0 48 c7 c7 e4 da 2d c0 31 c0 c6 05 e1 dc 15 00 01 e8 5e 5b ef de <0f> 0b 80 bb b4 08 00 00 08 5b 5d 19 c0 25 00 fd ff ff 05 28 43 04
[    3.475888] RSP: 0018:ffffaca30034fa00 EFLAGS: 00010092
[    3.475889] RAX: 0000000000000000 RBX: ffff99199c090000 RCX: 0000000000000000
[    3.475890] RDX: 000000000000002a RSI: ffffffffa08b4b2a RDI: ffffffffa0264400
[    3.475890] RBP: ffffaca30034fa08 R08: 000000000000002a R09: ffffaca30034f900
[    3.475891] R10: 0000000000000003 R11: 0000000000000000 R12: ffff99199c095410
[    3.475892] R13: 0000000080000000 R14: ffff99199c090e40 R15: ffff99199c090df8
[    3.475893] FS:  00007fa8e8136040(0000) GS:ffff9919a2ac0000(0000) knlGS:0000000000000000
[    3.475894] CS:  0010 DS: 0000 ES: 0000 CR0: 0000000080050033
[    3.475894] CR2: 00007ebf4683ce70 CR3: 000000025e4ec004 CR4: 0000000000760ee0
[    3.475895] PKRU: 55555554
[    3.475895] Call Trace:
[    3.475917]  gen6_reset_pm_iir+0x19/0x6b [i915]
[    3.475940]  gen9_reset_guc_interrupts+0x31/0x3d [i915]
[    3.475972]  intel_uc_init_hw+0x39/0x253 [i915]
[    3.476001]  i915_gem_init_hw+0x211/0x2b0 [i915]
[    3.476025]  i915_gem_init+0x130/0x49b [i915]
[    3.476047]  i915_driver_load+0xe67/0x107f [i915]
[    3.476053]  pci_device_probe+0xd3/0x148
[    3.476057]  really_probe+0x158/0x2a9
[    3.476060]  driver_probe_device+0xa4/0xd8
[    3.476061]  __driver_attach+0x92/0xc4
[    3.476063]  ? driver_probe_device+0xd8/0xd8
[    3.476064]  bus_for_each_dev+0x7b/0xaf
[    3.476066]  bus_add_driver+0xf1/0x1e0
[    3.476068]  ? 0xffffffffc0367000
[    3.476069]  driver_register+0xab/0xe7
[    3.476071]  do_one_initcall+0xaa/0x1bc
[    3.476073]  ? slab_pre_alloc_hook+0x39/0x49
[    3.476074]  ? kmem_cache_alloc_trace+0xc3/0xd2
[    3.476077]  do_init_module+0x5f/0x208
[    3.476078]  load_module+0x1c37/0x1ede
[    3.476081]  ? kernel_read_file+0x108/0x174
[    3.476082]  ? __do_sys_finit_module+0xae/0xd6
[    3.476083]  __do_sys_finit_module+0xae/0xd6
[    3.476085]  do_syscall_64+0x54/0x64
[    3.476088]  entry_SYSCALL_64_after_hwframe+0x44/0xa9
[    3.476089] RIP: 0033:0x7fa8e78a3e59
[    3.476091] Code: 00 f3 c3 66 2e 0f 1f 84 00 00 00 00 00 0f 1f 40 00 48 89 f8 48 89 f7 48 89 d6 48 89 ca 4d 89 c2 4d 89 c8 4c 8b 4c 24 08 0f 05 <48> 3d 01 f0 ff ff 73 01 c3 48 8b 0d df 9f 2b 00 f7 d8 64 89 01 48
[    3.476092] RSP: 002b:00007ffe07ef3128 EFLAGS: 00000246 ORIG_RAX: 0000000000000139
[    3.476093] RAX: ffffffffffffffda RBX: 0000586fb06cac50 RCX: 00007fa8e78a3e59
[    3.476093] RDX: 0000000000000000 RSI: 0000586fb06f62e0 RDI: 0000000000000007
[    3.476094] RBP: 00007ffe07ef3170 R08: 0000000000000000 R09: 0000586fb06c5100
[    3.476095] R10: 0000000000000007 R11: 0000000000000246 R12: 0000000000000000
[    3.476095] R13: 0000586fb06e57f0 R14: 0000000000000000 R15: 0000586fb06f62e0
[    3.476097] ---[ end trace f2455fa0aa69b9fd ]---
[    3.476116] i915 0000:00:02.0: GuC initialization failed -8
[    3.476137] [drm:i915_gem_init_hw [i915]] *ERROR* Enabling uc failed (-8)
[    3.484110] ------------[ cut here ]------------
[    3.484121] WARNING: CPU: 3 PID: 188 at /build/surface-pro7/tmp/portage/sys-kernel/surface-kernel-4_19-4.19.139-r1/work/surface-kernel-4_19-4.19.139/drivers/gpu/drm/drm_irq.c:197 drm_irq_uninstall+0xa7/0x12f
[    3.484122] Modules linked in: i915(+) mousedev joydev fyde_vdtb(O)
[    3.484125] CPU: 3 PID: 188 Comm: udevd Tainted: G     U  W  O      4.19.139-g63ea60542 #4
[    3.484126] Hardware name: Microsoft Corporation Surface Pro 7/Surface Pro 7, BIOS 7.159.140 10/08/2019
[    3.484128] RIP: 0010:drm_irq_uninstall+0xa7/0x12f
[    3.484129] Code: 80 bc 24 98 01 00 00 00 74 43 48 8b 43 20 8b 80 78 01 00 00 23 43 50 f6 c4 20 74 10 48 c7 c7 02 a7 fc 9f 31 c0 e8 a0 5d c8 ff <0f> 0b 44 89 fe 48 89 df e8 2c 93 01 00 49 8d 7c 24 08 31 c9 ba 01
[    3.484130] RSP: 0018:ffffaca30034fa88 EFLAGS: 00010082
[    3.484131] RAX: 0000000000000024 RBX: ffff99199c090000 RCX: 0000000000000000
[    3.484131] RDX: 0000000000000000 RSI: 0000000000000002 RDI: ffffffffa0264400
[    3.484132] RBP: ffffaca30034fab8 R08: 0000000000000002 R09: 0000000000000000
[    3.484133] R10: ffffaca30034fae0 R11: 0000000000000000 R12: ffff99199f22f000
[    3.484133] R13: ffff99199c090288 R14: ffff9919a190d001 R15: 0000000000000000
[    3.484134] FS:  00007fa8e8136040(0000) GS:ffff9919a2ac0000(0000) knlGS:0000000000000000
[    3.484135] CS:  0010 DS: 0000 ES: 0000 CR0: 0000000080050033
[    3.484136] CR2: 00007ebf4683ce70 CR3: 000000025e4ec004 CR4: 0000000000760ee0
[    3.484136] PKRU: 55555554
[    3.484137] Call Trace:
[    3.484168]  intel_irq_uninstall+0x12/0x24 [i915]
[    3.484198]  intel_modeset_cleanup+0x65/0x12c [i915]
[    3.484220]  i915_driver_load+0xee6/0x107f [i915]
[    3.484223]  pci_device_probe+0xd3/0x148
[    3.484226]  really_probe+0x158/0x2a9
[    3.484227]  driver_probe_device+0xa4/0xd8
[    3.484229]  __driver_attach+0x92/0xc4
[    3.484230]  ? driver_probe_device+0xd8/0xd8
[    3.484232]  bus_for_each_dev+0x7b/0xaf
[    3.484233]  bus_add_driver+0xf1/0x1e0
[    3.484234]  ? 0xffffffffc0367000
[    3.484235]  driver_register+0xab/0xe7
[    3.484237]  do_one_initcall+0xaa/0x1bc
[    3.484239]  ? slab_pre_alloc_hook+0x39/0x49
[    3.484240]  ? kmem_cache_alloc_trace+0xc3/0xd2
[    3.484243]  do_init_module+0x5f/0x208
[    3.484244]  load_module+0x1c37/0x1ede
[    3.484246]  ? kernel_read_file+0x108/0x174
[    3.484247]  ? __do_sys_finit_module+0xae/0xd6
[    3.484248]  __do_sys_finit_module+0xae/0xd6
[    3.484250]  do_syscall_64+0x54/0x64
[    3.484252]  entry_SYSCALL_64_after_hwframe+0x44/0xa9
[    3.484253] RIP: 0033:0x7fa8e78a3e59
[    3.484254] Code: 00 f3 c3 66 2e 0f 1f 84 00 00 00 00 00 0f 1f 40 00 48 89 f8 48 89 f7 48 89 d6 48 89 ca 4d 89 c2 4d 89 c8 4c 8b 4c 24 08 0f 05 <48> 3d 01 f0 ff ff 73 01 c3 48 8b 0d df 9f 2b 00 f7 d8 64 89 01 48
[    3.484255] RSP: 002b:00007ffe07ef3128 EFLAGS: 00000246 ORIG_RAX: 0000000000000139
[    3.484256] RAX: ffffffffffffffda RBX: 0000586fb06cac50 RCX: 00007fa8e78a3e59
[    3.484257] RDX: 0000000000000000 RSI: 0000586fb06f62e0 RDI: 0000000000000007
[    3.484257] RBP: 00007ffe07ef3170 R08: 0000000000000000 R09: 0000586fb06c5100
[    3.484258] R10: 0000000000000007 R11: 0000000000000246 R12: 0000000000000000
[    3.484258] R13: 0000586fb06e57f0 R14: 0000000000000000 R15: 0000586fb06f62e0
[    3.484260] ---[ end trace f2455fa0aa69b9fe ]---
[    3.484372] ------------[ cut here ]------------
[    3.484373] WARN_ON(fbc->crtc->active)
[    3.484409] WARNING: CPU: 3 PID: 188 at /build/surface-pro7/tmp/portage/sys-kernel/surface-kernel-4_19-4.19.139-r1/work/surface-kernel-4_19-4.19.139/drivers/gpu/drm/i915/intel_fbc.c:1144 intel_fbc_global_disable+0x55/0x6c [i915]
[    3.484410] Modules linked in: i915(+) mousedev joydev fyde_vdtb(O)
[    3.484412] CPU: 3 PID: 188 Comm: udevd Tainted: G     U  W  O      4.19.139-g63ea60542 #4
[    3.484413] Hardware name: Microsoft Corporation Surface Pro 7/Surface Pro 7, BIOS 7.159.140 10/08/2019
[    3.484432] RIP: 0010:intel_fbc_global_disable+0x55/0x6c [i915]
[    3.484433] Code: 00 00 00 74 2f 48 8b 83 18 57 00 00 80 b8 34 05 00 00 00 74 17 48 c7 c6 ec 72 2f c0 48 c7 c7 00 6d 2f c0 31 c0 e8 04 e3 e6 de <0f> 0b 48 89 df e8 6c ed ff ff 5b 4c 89 e7 41 5c 5d e9 51 0f 5d df
[    3.484434] RSP: 0018:ffffaca30034fac0 EFLAGS: 00010296
[    3.484435] RAX: 0000000000000000 RBX: ffff99199c090000 RCX: 0000000000000000
[    3.484435] RDX: 000000000000001a RSI: ffffffffa08b4b1a RDI: ffffffffa0264400
[    3.484436] RBP: ffffaca30034fad0 R08: 000000000000001a R09: ffffaca30034fa00
[    3.484437] R10: 0000000000000010 R11: 0000000000000400 R12: ffff99199c0956d0
[    3.484437] R13: ffff9919a190d000 R14: ffff9919a190d000 R15: 0000000000000000
[    3.484438] FS:  00007fa8e8136040(0000) GS:ffff9919a2ac0000(0000) knlGS:0000000000000000
[    3.484439] CS:  0010 DS: 0000 ES: 0000 CR0: 0000000080050033
[    3.484440] CR2: 00007ebf4683ce70 CR3: 000000025e4ec004 CR4: 0000000000760ee0
[    3.484440] PKRU: 55555554
[    3.484441] Call Trace:
[    3.484462]  intel_modeset_cleanup+0xdf/0x12c [i915]
[    3.484483]  i915_driver_load+0xee6/0x107f [i915]
[    3.484484]  pci_device_probe+0xd3/0x148
[    3.484486]  really_probe+0x158/0x2a9
[    3.484487]  driver_probe_device+0xa4/0xd8
[    3.484489]  __driver_attach+0x92/0xc4
[    3.484490]  ? driver_probe_device+0xd8/0xd8
[    3.484491]  bus_for_each_dev+0x7b/0xaf
[    3.484493]  bus_add_driver+0xf1/0x1e0
[    3.484494]  ? 0xffffffffc0367000
[    3.484495]  driver_register+0xab/0xe7
[    3.484496]  do_one_initcall+0xaa/0x1bc
[    3.484497]  ? slab_pre_alloc_hook+0x39/0x49
[    3.484498]  ? kmem_cache_alloc_trace+0xc3/0xd2
[    3.484499]  do_init_module+0x5f/0x208
[    3.484500]  load_module+0x1c37/0x1ede
[    3.484502]  ? kernel_read_file+0x108/0x174
[    3.484503]  ? __do_sys_finit_module+0xae/0xd6
[    3.484504]  __do_sys_finit_module+0xae/0xd6
[    3.484505]  do_syscall_64+0x54/0x64
[    3.484507]  entry_SYSCALL_64_after_hwframe+0x44/0xa9
[    3.484507] RIP: 0033:0x7fa8e78a3e59
[    3.484508] Code: 00 f3 c3 66 2e 0f 1f 84 00 00 00 00 00 0f 1f 40 00 48 89 f8 48 89 f7 48 89 d6 48 89 ca 4d 89 c2 4d 89 c8 4c 8b 4c 24 08 0f 05 <48> 3d 01 f0 ff ff 73 01 c3 48 8b 0d df 9f 2b 00 f7 d8 64 89 01 48
[    3.484509] RSP: 002b:00007ffe07ef3128 EFLAGS: 00000246 ORIG_RAX: 0000000000000139
[    3.484510] RAX: ffffffffffffffda RBX: 0000586fb06cac50 RCX: 00007fa8e78a3e59
[    3.484510] RDX: 0000000000000000 RSI: 0000586fb06f62e0 RDI: 0000000000000007
[    3.484511] RBP: 00007ffe07ef3170 R08: 0000000000000000 R09: 0000586fb06c5100
[    3.484511] R10: 0000000000000007 R11: 0000000000000246 R12: 0000000000000000
[    3.484512] R13: 0000586fb06e57f0 R14: 0000000000000000 R15: 0000586fb06f62e0
[    3.484513] ---[ end trace f2455fa0aa69b9ff ]---
[    3.484697] ------------[ cut here ]------------
[    3.484701] WARNING: CPU: 3 PID: 188 at /build/surface-pro7/tmp/portage/sys-kernel/surface-kernel-4_19-4.19.139-r1/work/surface-kernel-4_19-4.19.139/drivers/gpu/drm/drm_mode_config.c:444 drm_mode_config_cleanup+0xc0/0x2e1
[    3.484702] Modules linked in: i915(+) mousedev joydev fyde_vdtb(O)
[    3.484703] CPU: 3 PID: 188 Comm: udevd Tainted: G     U  W  O      4.19.139-g63ea60542 #4
[    3.484704] Hardware name: Microsoft Corporation Surface Pro 7/Surface Pro 7, BIOS 7.159.140 10/08/2019
[    3.484705] RIP: 0010:drm_mode_config_cleanup+0xc0/0x2e1
[    3.484706] Code: e8 04 00 00 e8 00 74 c3 ff 48 8b 93 d0 04 00 00 48 8d 83 d0 04 00 00 48 39 c2 74 47 48 c7 c7 02 a7 fc 9f 31 c0 e8 4f e8 c6 ff <0f> 0b 48 8d 75 80 48 89 df e8 89 95 ff ff 48 8d 7d 80 e8 47 97 ff
[    3.484706] RSP: 0018:ffffaca30034fa50 EFLAGS: 00010282
[    3.484707] RAX: 0000000000000024 RBX: ffff99199c090000 RCX: 0000000000000000
[    3.484708] RDX: 0000000000000000 RSI: 0000000000000002 RDI: ffffffffa0264400
[    3.484708] RBP: ffffaca30034fad0 R08: 0000000000000002 R09: 0000000000000000
[    3.484709] R10: ffffaca30034f7b0 R11: 0000000000000400 R12: ffff99199c090508
[    3.484710] R13: ffff99199c090510 R14: ffff9919a190d000 R15: 0000000000000000
[    3.484710] FS:  00007fa8e8136040(0000) GS:ffff9919a2ac0000(0000) knlGS:0000000000000000
[    3.484711] CS:  0010 DS: 0000 ES: 0000 CR0: 0000000080050033
[    3.484712] CR2: 00007ebf4683ce70 CR3: 000000025e4ec004 CR4: 0000000000760ee0
[    3.484712] PKRU: 55555554
[    3.484713] Call Trace:
[    3.484733]  intel_modeset_cleanup+0xf3/0x12c [i915]
[    3.484753]  i915_driver_load+0xee6/0x107f [i915]
[    3.484754]  pci_device_probe+0xd3/0x148
[    3.484756]  really_probe+0x158/0x2a9
[    3.484757]  driver_probe_device+0xa4/0xd8
[    3.484758]  __driver_attach+0x92/0xc4
[    3.484760]  ? driver_probe_device+0xd8/0xd8
[    3.484761]  bus_for_each_dev+0x7b/0xaf
[    3.484762]  bus_add_driver+0xf1/0x1e0
[    3.484763]  ? 0xffffffffc0367000
[    3.484764]  driver_register+0xab/0xe7
[    3.484765]  do_one_initcall+0xaa/0x1bc
[    3.484766]  ? slab_pre_alloc_hook+0x39/0x49
[    3.484767]  ? kmem_cache_alloc_trace+0xc3/0xd2
[    3.484768]  do_init_module+0x5f/0x208
[    3.484769]  load_module+0x1c37/0x1ede
[    3.484771]  ? kernel_read_file+0x108/0x174
[    3.484772]  ? __do_sys_finit_module+0xae/0xd6
[    3.484773]  __do_sys_finit_module+0xae/0xd6
[    3.484774]  do_syscall_64+0x54/0x64
[    3.484775]  entry_SYSCALL_64_after_hwframe+0x44/0xa9
[    3.484776] RIP: 0033:0x7fa8e78a3e59
[    3.484777] Code: 00 f3 c3 66 2e 0f 1f 84 00 00 00 00 00 0f 1f 40 00 48 89 f8 48 89 f7 48 89 d6 48 89 ca 4d 89 c2 4d 89 c8 4c 8b 4c 24 08 0f 05 <48> 3d 01 f0 ff ff 73 01 c3 48 8b 0d df 9f 2b 00 f7 d8 64 89 01 48
[    3.484778] RSP: 002b:00007ffe07ef3128 EFLAGS: 00000246 ORIG_RAX: 0000000000000139
[    3.484778] RAX: ffffffffffffffda RBX: 0000586fb06cac50 RCX: 00007fa8e78a3e59
[    3.484779] RDX: 0000000000000000 RSI: 0000586fb06f62e0 RDI: 0000000000000007
[    3.484780] RBP: 00007ffe07ef3170 R08: 0000000000000000 R09: 0000586fb06c5100
[    3.484780] R10: 0000000000000007 R11: 0000000000000246 R12: 0000000000000000
[    3.484781] R13: 0000586fb06e57f0 R14: 0000000000000000 R15: 0000586fb06f62e0
[    3.484782] ---[ end trace f2455fa0aa69ba00 ]---
[    3.484783] [drm:drm_mode_config_cleanup] *ERROR* connector eDP-1 leaked!
[    3.484795] ------------[ cut here ]------------
[    3.484796] WARN_ON(({ void *__mptr = (void *)(state); do { extern void __compiletime_assert_256(void) __attribute__((error("pointer type mismatch in container_of()"))); if (!(!(!__builtin_types_compatible_p(typeof(*(state)), typeof(((struct intel_plane_state *)0)->base)) && !__builtin_types_compatible_p(typeof(*(state)), typeof(void))))) __compiletime_assert_256(); } while (0); ((struct intel_plane_state *)(__mptr - __builtin_offsetof(struct intel_plane_state, base))); })->vma)
[    3.484825] WARNING: CPU: 3 PID: 188 at /build/surface-pro7/tmp/portage/sys-kernel/surface-kernel-4_19-4.19.139-r1/work/surface-kernel-4_19-4.19.139/drivers/gpu/drm/i915/intel_atomic_plane.c:105 intel_plane_destroy_state+0x31/0x42 [i915]
[    3.484826] Modules linked in: i915(+) mousedev joydev fyde_vdtb(O)
[    3.484827] CPU: 3 PID: 188 Comm: udevd Tainted: G     U  W  O      4.19.139-g63ea60542 #4
[    3.484828] Hardware name: Microsoft Corporation Surface Pro 7/Surface Pro 7, BIOS 7.159.140 10/08/2019
[    3.484846] RIP: 0010:intel_plane_destroy_state+0x31/0x42 [i915]
[    3.484847] Code: 89 e5 41 54 53 48 83 be b8 00 00 00 00 49 89 fc 48 89 f3 74 17 48 c7 c6 7a 01 2f c0 48 c7 c7 52 03 2f c0 31 c0 e8 07 68 e9 de <0f> 0b 48 89 de 4c 89 e7 5b 41 5c 5d e9 3a 43 25 df 0f 1f 44 00 00
[    3.484848] RSP: 0018:ffffaca30034f9f8 EFLAGS: 00010286
[    3.484849] RAX: 0000000000000000 RBX: ffff9919a1337800 RCX: 0000000000000000
[    3.484849] RDX: 00000000000001d7 RSI: ffffffffa08b4cd7 RDI: ffffffffa0264400
[    3.484850] RBP: ffffaca30034fa08 R08: 00000000000001d7 R09: ffffaca30034f900
[    3.484851] R10: ffff99199c81ca29 R11: 0000000000000000 R12: ffff99199f1d6800
[    3.484851] R13: ffff99199c090528 R14: ffff9919a190d000 R15: 0000000000000000
[    3.484852] FS:  00007fa8e8136040(0000) GS:ffff9919a2ac0000(0000) knlGS:0000000000000000
[    3.484853] CS:  0010 DS: 0000 ES: 0000 CR0: 0000000080050033
[    3.484853] CR2: 00007ebf4683ce70 CR3: 000000025e4ec004 CR4: 0000000000760ee0
[    3.484854] PKRU: 55555554
[    3.484854] Call Trace:
[    3.484857]  drm_plane_cleanup+0xcb/0xf7
[    3.484877]  intel_plane_destroy+0x12/0x1c [i915]
[    3.484878]  drm_mode_config_cleanup+0x152/0x2e1
[    3.484897]  intel_modeset_cleanup+0xf3/0x12c [i915]
[    3.484916]  i915_driver_load+0xee6/0x107f [i915]
[    3.484918]  pci_device_probe+0xd3/0x148
[    3.484919]  really_probe+0x158/0x2a9
[    3.484921]  driver_probe_device+0xa4/0xd8
[    3.484922]  __driver_attach+0x92/0xc4
[    3.484923]  ? driver_probe_device+0xd8/0xd8
[    3.484924]  bus_for_each_dev+0x7b/0xaf
[    3.484926]  bus_add_driver+0xf1/0x1e0
[    3.484927]  ? 0xffffffffc0367000
[    3.484928]  driver_register+0xab/0xe7
[    3.484930]  do_one_initcall+0xaa/0x1bc
[    3.484932]  ? slab_pre_alloc_hook+0x39/0x49
[    3.484933]  ? kmem_cache_alloc_trace+0xc3/0xd2
[    3.484935]  do_init_module+0x5f/0x208
[    3.484936]  load_module+0x1c37/0x1ede
[    3.484937]  ? kernel_read_file+0x108/0x174
[    3.484938]  ? __do_sys_finit_module+0xae/0xd6
[    3.484939]  __do_sys_finit_module+0xae/0xd6
[    3.484941]  do_syscall_64+0x54/0x64
[    3.484982]  entry_SYSCALL_64_after_hwframe+0x44/0xa9
[    3.484983] RIP: 0033:0x7fa8e78a3e59
[    3.484984] Code: 00 f3 c3 66 2e 0f 1f 84 00 00 00 00 00 0f 1f 40 00 48 89 f8 48 89 f7 48 89 d6 48 89 ca 4d 89 c2 4d 89 c8 4c 8b 4c 24 08 0f 05 <48> 3d 01 f0 ff ff 73 01 c3 48 8b 0d df 9f 2b 00 f7 d8 64 89 01 48
[    3.484984] RSP: 002b:00007ffe07ef3128 EFLAGS: 00000246 ORIG_RAX: 0000000000000139
[    3.484985] RAX: ffffffffffffffda RBX: 0000586fb06cac50 RCX: 00007fa8e78a3e59
[    3.484986] RDX: 0000000000000000 RSI: 0000586fb06f62e0 RDI: 0000000000000007
[    3.484987] RBP: 00007ffe07ef3170 R08: 0000000000000000 R09: 0000586fb06c5100
[    3.484988] R10: 0000000000000007 R11: 0000000000000246 R12: 0000000000000000
[    3.484988] R13: 0000586fb06e57f0 R14: 0000000000000000 R15: 0000586fb06f62e0
[    3.484989] ---[ end trace f2455fa0aa69ba01 ]---
[    3.485451] ------------[ cut here ]------------
[    3.485453] WARN_ON(i915_vma_unbind(vma))
[    3.485500] WARNING: CPU: 3 PID: 188 at /build/surface-pro7/tmp/portage/sys-kernel/surface-kernel-4_19-4.19.139-r1/work/surface-kernel-4_19-4.19.139/drivers/gpu/drm/i915/i915_gem_gtt.c:2995 i915_ggtt_cleanup_hw+0x77/0x155 [i915]
[    3.485502] Modules linked in: i915(+) mousedev joydev fyde_vdtb(O)
[    3.485506] CPU: 3 PID: 188 Comm: udevd Tainted: G     U  W  O      4.19.139-g63ea60542 #4
[    3.485507] Hardware name: Microsoft Corporation Surface Pro 7/Surface Pro 7, BIOS 7.159.140 10/08/2019
[    3.485542] RIP: 0010:i915_ggtt_cleanup_hw+0x77/0x155 [i915]
[    3.485544] Code: 48 8d 87 88 01 00 00 4c 39 f0 74 34 e8 35 36 01 00 85 c0 74 17 48 c7 c6 0d 7c 2e c0 48 c7 c7 bf 7a 2e c0 31 c0 e8 b1 e9 eb de <0f> 0b 49 8b 84 24 88 01 00 00 4c 89 e7 4c 8d a0 78 fe ff ff eb c0
[    3.485546] RSP: 0018:ffffaca30034fae8 EFLAGS: 00010282
[    3.485547] RAX: 0000000000000000 RBX: ffff99199c090000 RCX: 0000000000000000
[    3.485548] RDX: 000000000000001d RSI: ffffffffa08b4b1d RDI: ffffffffa0264400
[    3.485549] RBP: ffffaca30034fb08 R08: 000000000000001d R09: ffffaca30034fa00
[    3.485550] R10: ffffd7298970ac00 R11: 0000000000000000 R12: ffff99199c096340
[    3.485551] R13: ffff99199c090068 R14: ffff99199c0964c8 R15: 0000000000000000
[    3.485553] FS:  00007fa8e8136040(0000) GS:ffff9919a2ac0000(0000) knlGS:0000000000000000
[    3.485554] CS:  0010 DS: 0000 ES: 0000 CR0: 0000000080050033
[    3.485555] CR2: 00007ebf4683ce70 CR3: 000000025e4ec004 CR4: 0000000000760ee0
[    3.485555] PKRU: 55555554
[    3.485556] Call Trace:
[    3.485581]  i915_driver_load+0xff9/0x107f [i915]
[    3.485584]  pci_device_probe+0xd3/0x148
[    3.485586]  really_probe+0x158/0x2a9
[    3.485587]  driver_probe_device+0xa4/0xd8
[    3.485589]  __driver_attach+0x92/0xc4
[    3.485590]  ? driver_probe_device+0xd8/0xd8
[    3.485592]  bus_for_each_dev+0x7b/0xaf
[    3.485593]  bus_add_driver+0xf1/0x1e0
[    3.485594]  ? 0xffffffffc0367000
[    3.485595]  driver_register+0xab/0xe7
[    3.485597]  do_one_initcall+0xaa/0x1bc
[    3.485598]  ? slab_pre_alloc_hook+0x39/0x49
[    3.485599]  ? kmem_cache_alloc_trace+0xc3/0xd2
[    3.485601]  do_init_module+0x5f/0x208
[    3.485602]  load_module+0x1c37/0x1ede
[    3.485604]  ? kernel_read_file+0x108/0x174
[    3.485605]  ? __do_sys_finit_module+0xae/0xd6
[    3.485606]  __do_sys_finit_module+0xae/0xd6
[    3.485607]  do_syscall_64+0x54/0x64
[    3.485609]  entry_SYSCALL_64_after_hwframe+0x44/0xa9
[    3.485610] RIP: 0033:0x7fa8e78a3e59
[    3.485611] Code: 00 f3 c3 66 2e 0f 1f 84 00 00 00 00 00 0f 1f 40 00 48 89 f8 48 89 f7 48 89 d6 48 89 ca 4d 89 c2 4d 89 c8 4c 8b 4c 24 08 0f 05 <48> 3d 01 f0 ff ff 73 01 c3 48 8b 0d df 9f 2b 00 f7 d8 64 89 01 48
[    3.485612] RSP: 002b:00007ffe07ef3128 EFLAGS: 00000246 ORIG_RAX: 0000000000000139
[    3.485613] RAX: ffffffffffffffda RBX: 0000586fb06cac50 RCX: 00007fa8e78a3e59
[    3.485614] RDX: 0000000000000000 RSI: 0000586fb06f62e0 RDI: 0000000000000007
[    3.485614] RBP: 00007ffe07ef3170 R08: 0000000000000000 R09: 0000586fb06c5100
[    3.485615] R10: 0000000000000007 R11: 0000000000000246 R12: 0000000000000000
[    3.485616] R13: 0000586fb06e57f0 R14: 0000000000000000 R15: 0000586fb06f62e0
[    3.485617] ---[ end trace f2455fa0aa69ba02 ]---
[    3.485619] ------------[ cut here ]------------
[    3.485619] Memory manager not clean during takedown.
[    3.485624] WARNING: CPU: 3 PID: 188 at /build/surface-pro7/tmp/portage/sys-kernel/surface-kernel-4_19-4.19.139-r1/work/surface-kernel-4_19-4.19.139/drivers/gpu/drm/drm_mm.c:950 drm_mm_takedown+0x24/0x28
[    3.485624] Modules linked in: i915(+) mousedev joydev fyde_vdtb(O)
[    3.485626] CPU: 3 PID: 188 Comm: udevd Tainted: G     U  W  O      4.19.139-g63ea60542 #4
[    3.485627] Hardware name: Microsoft Corporation Surface Pro 7/Surface Pro 7, BIOS 7.159.140 10/08/2019
[    3.485628] RIP: 0010:drm_mm_takedown+0x24/0x28
[    3.485629] Code: 7f 08 eb d5 5d c3 0f 1f 44 00 00 48 8b 47 38 48 83 c7 38 48 39 f8 74 15 55 48 c7 c7 2e 6a 04 a0 31 c0 48 89 e5 e8 06 27 c3 ff <0f> 0b 5d c3 0f 1f 44 00 00 55 48 8b 46 10 48 03 46 08 48 8b 4f 18
[    3.485630] RSP: 0018:ffffaca30034fad8 EFLAGS: 00010286
[    3.485631] RAX: 0000000000000000 RBX: ffff99199c090000 RCX: 0000000000000000
[    3.485631] RDX: 0000000000000001 RSI: 0000000000000002 RDI: ffffffffa0264400
[    3.485632] RBP: ffffaca30034fad8 R08: 0000000000000002 R09: 0000000000000000
[    3.485633] R10: ffffd7298970ac00 R11: 0000000000000400 R12: ffff99199c096338
[    3.485633] R13: ffff99199c090068 R14: ffff99199c0964e8 R15: 0000000000000000
[    3.485634] FS:  00007fa8e8136040(0000) GS:ffff9919a2ac0000(0000) knlGS:0000000000000000
[    3.485635] CS:  0010 DS: 0000 ES: 0000 CR0: 0000000080050033
[    3.485636] CR2: 00007ebf4683ce70 CR3: 000000025e4ec004 CR4: 0000000000760ee0
[    3.485636] PKRU: 55555554
[    3.485637] Call Trace:
[    3.485659]  i915_ggtt_cleanup_hw+0xf0/0x155 [i915]
[    3.485681]  i915_driver_load+0xff9/0x107f [i915]
[    3.485683]  pci_device_probe+0xd3/0x148
[    3.485685]  really_probe+0x158/0x2a9
[    3.485686]  driver_probe_device+0xa4/0xd8
[    3.485688]  __driver_attach+0x92/0xc4
[    3.485689]  ? driver_probe_device+0xd8/0xd8
[    3.485690]  bus_for_each_dev+0x7b/0xaf
[    3.485692]  bus_add_driver+0xf1/0x1e0
[    3.485693]  ? 0xffffffffc0367000
[    3.485694]  driver_register+0xab/0xe7
[    3.485695]  do_one_initcall+0xaa/0x1bc
[    3.485696]  ? slab_pre_alloc_hook+0x39/0x49
[    3.485697]  ? kmem_cache_alloc_trace+0xc3/0xd2
[    3.485699]  do_init_module+0x5f/0x208
[    3.485700]  load_module+0x1c37/0x1ede
[    3.485701]  ? kernel_read_file+0x108/0x174
[    3.485703]  ? __do_sys_finit_module+0xae/0xd6
[    3.485704]  __do_sys_finit_module+0xae/0xd6
[    3.485705]  do_syscall_64+0x54/0x64
[    3.485707]  entry_SYSCALL_64_after_hwframe+0x44/0xa9
[    3.485708] RIP: 0033:0x7fa8e78a3e59
[    3.485709] Code: 00 f3 c3 66 2e 0f 1f 84 00 00 00 00 00 0f 1f 40 00 48 89 f8 48 89 f7 48 89 d6 48 89 ca 4d 89 c2 4d 89 c8 4c 8b 4c 24 08 0f 05 <48> 3d 01 f0 ff ff 73 01 c3 48 8b 0d df 9f 2b 00 f7 d8 64 89 01 48
[    3.485709] RSP: 002b:00007ffe07ef3128 EFLAGS: 00000246 ORIG_RAX: 0000000000000139
[    3.485710] RAX: ffffffffffffffda RBX: 0000586fb06cac50 RCX: 00007fa8e78a3e59
[    3.485711] RDX: 0000000000000000 RSI: 0000586fb06f62e0 RDI: 0000000000000007
[    3.485711] RBP: 00007ffe07ef3170 R08: 0000000000000000 R09: 0000586fb06c5100
[    3.485712] R10: 0000000000000007 R11: 0000000000000246 R12: 0000000000000000
[    3.485713] R13: 0000586fb06e57f0 R14: 0000000000000000 R15: 0000586fb06f62e0
[    3.485714] ---[ end trace f2455fa0aa69ba03 ]---
[    3.485809] ------------[ cut here ]------------
[    3.485810] Memory manager not clean during takedown.
[    3.485814] WARNING: CPU: 3 PID: 188 at /build/surface-pro7/tmp/portage/sys-kernel/surface-kernel-4_19-4.19.139-r1/work/surface-kernel-4_19-4.19.139/drivers/gpu/drm/drm_mm.c:950 drm_mm_takedown+0x24/0x28
[    3.485814] Modules linked in: i915(+) mousedev joydev fyde_vdtb(O)
[    3.485816] CPU: 3 PID: 188 Comm: udevd Tainted: G     U  W  O      4.19.139-g63ea60542 #4
[    3.485817] Hardware name: Microsoft Corporation Surface Pro 7/Surface Pro 7, BIOS 7.159.140 10/08/2019
[    3.485818] RIP: 0010:drm_mm_takedown+0x24/0x28
[    3.485819] Code: 7f 08 eb d5 5d c3 0f 1f 44 00 00 48 8b 47 38 48 83 c7 38 48 39 f8 74 15 55 48 c7 c7 2e 6a 04 a0 31 c0 48 89 e5 e8 06 27 c3 ff <0f> 0b 5d c3 0f 1f 44 00 00 55 48 8b 46 10 48 03 46 08 48 8b 4f 18
[    3.485820] RSP: 0018:ffffaca30034fb08 EFLAGS: 00010286
[    3.485820] RAX: 0000000000000000 RBX: ffff99199c090000 RCX: 0000000000000000
[    3.485821] RDX: 0000000000000001 RSI: 0000000000000002 RDI: ffffffffa0264400
[    3.485822] RBP: ffffaca30034fb08 R08: 0000000000000002 R09: 0000000000000000
[    3.485823] R10: ffffaca30034fa00 R11: 0000000000000400 R12: 00000000fffffff8
[    3.485823] R13: ffff9919a190d000 R14: ffff9919a190d000 R15: 0000000000000000
[    3.485824] FS:  00007fa8e8136040(0000) GS:ffff9919a2ac0000(0000) knlGS:0000000000000000
[    3.485825] CS:  0010 DS: 0000 ES: 0000 CR0: 0000000080050033
[    3.485825] CR2: 00007ebf4683ce70 CR3: 000000025e4ec004 CR4: 0000000000760ee0
[    3.485826] PKRU: 55555554
[    3.485827] Call Trace:
[    3.485847]  i915_driver_load+0xff9/0x107f [i915]
[    3.485849]  pci_device_probe+0xd3/0x148
[    3.485851]  really_probe+0x158/0x2a9
[    3.485852]  driver_probe_device+0xa4/0xd8
[    3.485853]  __driver_attach+0x92/0xc4
[    3.485855]  ? driver_probe_device+0xd8/0xd8
[    3.485856]  bus_for_each_dev+0x7b/0xaf
[    3.485858]  bus_add_driver+0xf1/0x1e0
[    3.485859]  ? 0xffffffffc0367000
[    3.485859]  driver_register+0xab/0xe7
[    3.485861]  do_one_initcall+0xaa/0x1bc
[    3.485862]  ? slab_pre_alloc_hook+0x39/0x49
[    3.485863]  ? kmem_cache_alloc_trace+0xc3/0xd2
[    3.485864]  do_init_module+0x5f/0x208
[    3.485865]  load_module+0x1c37/0x1ede
[    3.485867]  ? kernel_read_file+0x108/0x174
[    3.485868]  ? __do_sys_finit_module+0xae/0xd6
[    3.485869]  __do_sys_finit_module+0xae/0xd6
[    3.485870]  do_syscall_64+0x54/0x64
[    3.485872]  entry_SYSCALL_64_after_hwframe+0x44/0xa9
[    3.485873] RIP: 0033:0x7fa8e78a3e59
[    3.485873] Code: 00 f3 c3 66 2e 0f 1f 84 00 00 00 00 00 0f 1f 40 00 48 89 f8 48 89 f7 48 89 d6 48 89 ca 4d 89 c2 4d 89 c8 4c 8b 4c 24 08 0f 05 <48> 3d 01 f0 ff ff 73 01 c3 48 8b 0d df 9f 2b 00 f7 d8 64 89 01 48
[    3.485874] RSP: 002b:00007ffe07ef3128 EFLAGS: 00000246 ORIG_RAX: 0000000000000139
[    3.485875] RAX: ffffffffffffffda RBX: 0000586fb06cac50 RCX: 00007fa8e78a3e59
[    3.485876] RDX: 0000000000000000 RSI: 0000586fb06f62e0 RDI: 0000000000000007
[    3.485876] RBP: 00007ffe07ef3170 R08: 0000000000000000 R09: 0000586fb06c5100
[    3.485877] R10: 0000000000000007 R11: 0000000000000246 R12: 0000000000000000
[    3.485878] R13: 0000586fb06e57f0 R14: 0000000000000000 R15: 0000586fb06f62e0
[    3.485879] ---[ end trace f2455fa0aa69ba04 ]---
[    3.486161] ------------[ cut here ]------------
[    3.486162] WARN_ON(dev_priv->mm.object_count)
[    3.486191] WARNING: CPU: 3 PID: 188 at /build/surface-pro7/tmp/portage/sys-kernel/surface-kernel-4_19-4.19.139-r1/work/surface-kernel-4_19-4.19.139/drivers/gpu/drm/i915/i915_gem.c:5868 i915_gem_cleanup_early+0x30/0xb3 [i915]
[    3.486192] Modules linked in: i915(+) mousedev joydev fyde_vdtb(O)
[    3.486194] CPU: 3 PID: 188 Comm: udevd Tainted: G     U  W  O      4.19.139-g63ea60542 #4
[    3.486195] Hardware name: Microsoft Corporation Surface Pro 7/Surface Pro 7, BIOS 7.159.140 10/08/2019
[    3.486215] RIP: 0010:i915_gem_cleanup_early+0x30/0xb3 [i915]
[    3.486216] Code: 48 89 e5 53 48 89 fb e8 3f a2 ff ff 83 bb 10 6a 00 00 00 74 17 48 c7 c6 4f 89 2e c0 48 c7 c7 57 82 2e c0 31 c0 e8 1e 73 eb de <0f> 0b 48 8b 93 e8 81 00 00 48 8d 83 e8 81 00 00 48 39 c2 74 17 48
[    3.486216] RSP: 0018:ffffaca30034fae0 EFLAGS: 00010296
[    3.486217] RAX: 0000000000000000 RBX: ffff99199c090000 RCX: 0000000000000000
[    3.486218] RDX: 0000000000000022 RSI: ffffffffa08b4b22 RDI: ffffffffa0264400
[    3.486224] RBP: ffffaca30034fae8 R08: 0000000000000022 R09: ffffaca30034fa00
[    3.486225] R10: 00000000ffffffff R11: 0000000000000000 R12: 0000000000000000
[    3.486225] R13: ffff9919a190d000 R14: ffff9919a190d000 R15: 0000000000000000
[    3.486226] FS:  00007fa8e8136040(0000) GS:ffff9919a2ac0000(0000) knlGS:0000000000000000
[    3.486227] CS:  0010 DS: 0000 ES: 0000 CR0: 0000000080050033
[    3.486228] CR2: 00007ebf4683ce70 CR3: 000000025e4ec004 CR4: 0000000000760ee0
[    3.486228] PKRU: 55555554
[    3.486229] Call Trace:
[    3.486250]  i915_driver_cleanup_early+0x2f/0x68 [i915]
[    3.486269]  i915_driver_load+0x4a4/0x107f [i915]
[    3.486271]  pci_device_probe+0xd3/0x148
[    3.486273]  really_probe+0x158/0x2a9
[    3.486274]  driver_probe_device+0xa4/0xd8
[    3.486276]  __driver_attach+0x92/0xc4
[    3.486277]  ? driver_probe_device+0xd8/0xd8
[    3.486278]  bus_for_each_dev+0x7b/0xaf
[    3.486280]  bus_add_driver+0xf1/0x1e0
[    3.486281]  ? 0xffffffffc0367000
[    3.486281]  driver_register+0xab/0xe7
[    3.486283]  do_one_initcall+0xaa/0x1bc
[    3.486284]  ? slab_pre_alloc_hook+0x39/0x49
[    3.486285]  ? kmem_cache_alloc_trace+0xc3/0xd2
[    3.486286]  do_init_module+0x5f/0x208
[    3.486287]  load_module+0x1c37/0x1ede
[    3.486289]  ? kernel_read_file+0x108/0x174
[    3.486290]  ? __do_sys_finit_module+0xae/0xd6
[    3.486291]  __do_sys_finit_module+0xae/0xd6
[    3.486292]  do_syscall_64+0x54/0x64
[    3.486294]  entry_SYSCALL_64_after_hwframe+0x44/0xa9
[    3.486295] RIP: 0033:0x7fa8e78a3e59
[    3.486296] Code: 00 f3 c3 66 2e 0f 1f 84 00 00 00 00 00 0f 1f 40 00 48 89 f8 48 89 f7 48 89 d6 48 89 ca 4d 89 c2 4d 89 c8 4c 8b 4c 24 08 0f 05 <48> 3d 01 f0 ff ff 73 01 c3 48 8b 0d df 9f 2b 00 f7 d8 64 89 01 48
[    3.486296] RSP: 002b:00007ffe07ef3128 EFLAGS: 00000246 ORIG_RAX: 0000000000000139
[    3.486297] RAX: ffffffffffffffda RBX: 0000586fb06cac50 RCX: 00007fa8e78a3e59
[    3.486298] RDX: 0000000000000000 RSI: 0000586fb06f62e0 RDI: 0000000000000007
[    3.486298] RBP: 00007ffe07ef3170 R08: 0000000000000000 R09: 0000586fb06c5100
[    3.486299] R10: 0000000000000007 R11: 0000000000000246 R12: 0000000000000000
[    3.486300] R13: 0000586fb06e57f0 R14: 0000000000000000 R15: 0000586fb06f62e0
[    3.486301] ---[ end trace f2455fa0aa69ba05 ]---
[    3.486443] =============================================================================
[    3.486444] BUG drm_i915_gem_object (Tainted: G     U  W  O     ): Objects remaining in drm_i915_gem_object on __kmem_cache_shutdown()
[    3.486445] -----------------------------------------------------------------------------

[    3.486446] Disabling lock debugging due to kernel taint
[    3.486448] INFO: Slab 0x000000003b7aa4af objects=34 used=1 fp=0x00000000afc09a03 flags=0x8000000000010200
[    3.486449] CPU: 3 PID: 188 Comm: udevd Tainted: G    BU  W  O      4.19.139-g63ea60542 #4
[    3.486450] Hardware name: Microsoft Corporation Surface Pro 7/Surface Pro 7, BIOS 7.159.140 10/08/2019
[    3.486450] Call Trace:
[    3.486454]  dump_stack+0x57/0x6d
[    3.486455]  slab_err+0xb1/0xd3
[    3.486457]  ? kfree+0x96/0x143
[    3.486459]  ? on_each_cpu_cond+0xd4/0x151
[    3.486461]  ? on_each_cpu_cond+0xd4/0x151
[    3.486462]  __kmem_cache_shutdown+0x134/0x262
[    3.486463]  ? preempt_schedule+0x34/0x45
[    3.486466]  kmem_cache_destroy+0x3a/0xef
[    3.486488]  i915_gem_cleanup_early+0xa4/0xb3 [i915]
[    3.486508]  i915_driver_cleanup_early+0x2f/0x68 [i915]
[    3.486526]  i915_driver_load+0x4a4/0x107f [i915]
[    3.486528]  pci_device_probe+0xd3/0x148
[    3.486530]  really_probe+0x158/0x2a9
[    3.486532]  driver_probe_device+0xa4/0xd8
[    3.486533]  __driver_attach+0x92/0xc4
[    3.486535]  ? driver_probe_device+0xd8/0xd8
[    3.486536]  bus_for_each_dev+0x7b/0xaf
[    3.486537]  bus_add_driver+0xf1/0x1e0
[    3.486538]  ? 0xffffffffc0367000
[    3.486539]  driver_register+0xab/0xe7
[    3.486541]  do_one_initcall+0xaa/0x1bc
[    3.486542]  ? slab_pre_alloc_hook+0x39/0x49
[    3.486544]  ? kmem_cache_alloc_trace+0xc3/0xd2
[    3.486545]  do_init_module+0x5f/0x208
[    3.486547]  load_module+0x1c37/0x1ede
[    3.486549]  ? kernel_read_file+0x108/0x174
[    3.486551]  ? __do_sys_finit_module+0xae/0xd6
[    3.486553]  __do_sys_finit_module+0xae/0xd6
[    3.486555]  do_syscall_64+0x54/0x64
[    3.486557]  entry_SYSCALL_64_after_hwframe+0x44/0xa9
[    3.486558] RIP: 0033:0x7fa8e78a3e59
[    3.486559] Code: 00 f3 c3 66 2e 0f 1f 84 00 00 00 00 00 0f 1f 40 00 48 89 f8 48 89 f7 48 89 d6 48 89 ca 4d 89 c2 4d 89 c8 4c 8b 4c 24 08 0f 05 <48> 3d 01 f0 ff ff 73 01 c3 48 8b 0d df 9f 2b 00 f7 d8 64 89 01 48
[    3.486560] RSP: 002b:00007ffe07ef3128 EFLAGS: 00000246 ORIG_RAX: 0000000000000139
[    3.486561] RAX: ffffffffffffffda RBX: 0000586fb06cac50 RCX: 00007fa8e78a3e59
[    3.486562] RDX: 0000000000000000 RSI: 0000586fb06f62e0 RDI: 0000000000000007
[    3.486562] RBP: 00007ffe07ef3170 R08: 0000000000000000 R09: 0000586fb06c5100
[    3.486563] R10: 0000000000000007 R11: 0000000000000246 R12: 0000000000000000
[    3.486563] R13: 0000586fb06e57f0 R14: 0000000000000000 R15: 0000586fb06f62e0
[    3.486566] INFO: Object 0x00000000746544e9 @offset=0
[    3.486567] kmem_cache_destroy drm_i915_gem_object: Slab cache still has objects
[    3.486568] CPU: 3 PID: 188 Comm: udevd Tainted: G    BU  W  O      4.19.139-g63ea60542 #4
[    3.486568] Hardware name: Microsoft Corporation Surface Pro 7/Surface Pro 7, BIOS 7.159.140 10/08/2019
[    3.486569] Call Trace:
[    3.486571]  dump_stack+0x57/0x6d
[    3.486572]  kmem_cache_destroy+0xec/0xef
[    3.486593]  i915_gem_cleanup_early+0xa4/0xb3 [i915]
[    3.486612]  i915_driver_cleanup_early+0x2f/0x68 [i915]
[    3.486630]  i915_driver_load+0x4a4/0x107f [i915]
[    3.486631]  pci_device_probe+0xd3/0x148
[    3.486633]  really_probe+0x158/0x2a9
[    3.486634]  driver_probe_device+0xa4/0xd8
[    3.486636]  __driver_attach+0x92/0xc4
[    3.486637]  ? driver_probe_device+0xd8/0xd8
[    3.486638]  bus_for_each_dev+0x7b/0xaf
[    3.486640]  bus_add_driver+0xf1/0x1e0
[    3.486641]  ? 0xffffffffc0367000
[    3.486642]  driver_register+0xab/0xe7
[    3.486643]  do_one_initcall+0xaa/0x1bc
[    3.486644]  ? slab_pre_alloc_hook+0x39/0x49
[    3.486645]  ? kmem_cache_alloc_trace+0xc3/0xd2
[    3.486646]  do_init_module+0x5f/0x208
[    3.486647]  load_module+0x1c37/0x1ede
[    3.486649]  ? kernel_read_file+0x108/0x174
[    3.486650]  ? __do_sys_finit_module+0xae/0xd6
[    3.486651]  __do_sys_finit_module+0xae/0xd6
[    3.486652]  do_syscall_64+0x54/0x64
[    3.486654]  entry_SYSCALL_64_after_hwframe+0x44/0xa9
[    3.486655] RIP: 0033:0x7fa8e78a3e59
[    3.486655] Code: 00 f3 c3 66 2e 0f 1f 84 00 00 00 00 00 0f 1f 40 00 48 89 f8 48 89 f7 48 89 d6 48 89 ca 4d 89 c2 4d 89 c8 4c 8b 4c 24 08 0f 05 <48> 3d 01 f0 ff ff 73 01 c3 48 8b 0d df 9f 2b 00 f7 d8 64 89 01 48
[    3.486656] RSP: 002b:00007ffe07ef3128 EFLAGS: 00000246 ORIG_RAX: 0000000000000139
[    3.486657] RAX: ffffffffffffffda RBX: 0000586fb06cac50 RCX: 00007fa8e78a3e59
[    3.486658] RDX: 0000000000000000 RSI: 0000586fb06f62e0 RDI: 0000000000000007
[    3.486658] RBP: 00007ffe07ef3170 R08: 0000000000000000 R09: 0000586fb06c5100
[    3.486659] R10: 0000000000000007 R11: 0000000000000246 R12: 0000000000000000
[    3.486660] R13: 0000586fb06e57f0 R14: 0000000000000000 R15: 0000586fb06f62e0
[    3.509154] i915 0000:00:02.0: Device initialization failed (-8)
[    3.509171] i915: probe of 0000:00:02.0 failed with error -8
[    3.587094] frecon[347]: No monitor available, running headless!
[    3.587205] frecon[347]: tsm_screen: new screen
[    3.587219] frecon[347]: tsm_vte: new vte object
[    3.588461] frecon[347]: No monitor available, running headless!
[    3.588606] frecon[347]: tsm_screen: new screen
[    3.588619] frecon[347]: tsm_vte: new vte object
[    3.589749] frecon[347]: No monitor available, running headless!
[    3.589896] frecon[347]: tsm_screen: new screen
[    3.589913] frecon[347]: tsm_vte: new vte object
[    3.591012] frecon[347]: No monitor available, running headless!
[    3.838918] EXT4-fs (dm-0): mounted filesystem with ordered data mode. Opts: discard,commit=600
[    3.998979] audit: type=1400 audit(1577923200.793:4): avc:  granted  { execute } for  pid=391 comm="chromeos_startu" name="crash_reporter" dev="sda3" ino=26136 scontext=u:r:chromeos_startup:s0 tcontext=u:object_r:cros_crash_reporter_exec:s0 tclass=file
[    4.201440] EXT4-fs (sda1): re-mounted. Opts: resgid=20119,commit=600
[    4.357771] low_mem: threshold[0] 393 MB
