2020-01-02T00:00:01.506733Z NOTICE kernel: [    0.000000] Linux version 4.19.139-g63ea60542 (yang@fyder) (gcc version 4.9.x 20150123 (prerelease) (4.9.2_cos_gg_4.9.2-r278-ac6128e0a17a52f011797f33ac3e7d6273a9368d_4.9.2-r278)) #4 SMP PREEMPT Fri Mar 26 12:22:08 CST 2021
2020-01-02T00:00:01.506843Z INFO kernel: [    0.000000] Command line: BOOT_IMAGE=/syslinux/vmlinuz.A init=/sbin/init boot=local rootwait ro noresume noswap loglevel=7 noinitrd console= tpm_tis.force=0 i915.enable_guc=3 i915.enable_psr=0 i915.modeset=1 cros_efi cros_debug root=PARTUUID=536A717E-24FC-6347-B9FA-28D55F5C09C1 console=ttyUSB0,115200n8 earlyprintk=efi
2020-01-02T00:00:01.506858Z INFO kernel: [    0.000000] KERNEL supported cpus:
2020-01-02T00:00:01.506860Z INFO kernel: [    0.000000]   Intel GenuineIntel
2020-01-02T00:00:01.506861Z INFO kernel: [    0.000000] x86/fpu: Supporting XSAVE feature 0x001: 'x87 floating point registers'
2020-01-02T00:00:01.506862Z INFO kernel: [    0.000000] x86/fpu: Supporting XSAVE feature 0x002: 'SSE registers'
2020-01-02T00:00:01.506866Z INFO kernel: [    0.000000] x86/fpu: Supporting XSAVE feature 0x004: 'AVX registers'
2020-01-02T00:00:01.506867Z INFO kernel: [    0.000000] x86/fpu: Supporting XSAVE feature 0x020: 'AVX-512 opmask'
2020-01-02T00:00:01.506869Z INFO kernel: [    0.000000] x86/fpu: Supporting XSAVE feature 0x040: 'AVX-512 Hi256'
2020-01-02T00:00:01.506870Z INFO kernel: [    0.000000] x86/fpu: Supporting XSAVE feature 0x080: 'AVX-512 ZMM_Hi256'
2020-01-02T00:00:01.506871Z INFO kernel: [    0.000000] x86/fpu: Supporting XSAVE feature 0x200: 'Protection Keys User registers'
2020-01-02T00:00:01.506872Z INFO kernel: [    0.000000] x86/fpu: xstate_offset[2]:  576, xstate_sizes[2]:  256
2020-01-02T00:00:01.506873Z INFO kernel: [    0.000000] x86/fpu: xstate_offset[5]:  832, xstate_sizes[5]:   64
2020-01-02T00:00:01.506877Z INFO kernel: [    0.000000] x86/fpu: xstate_offset[6]:  896, xstate_sizes[6]:  512
2020-01-02T00:00:01.506878Z INFO kernel: [    0.000000] x86/fpu: xstate_offset[7]: 1408, xstate_sizes[7]: 1024
2020-01-02T00:00:01.506879Z INFO kernel: [    0.000000] x86/fpu: xstate_offset[9]: 2432, xstate_sizes[9]:    8
2020-01-02T00:00:01.506880Z INFO kernel: [    0.000000] x86/fpu: Enabled xstate features 0x2e7, context size is 2440 bytes, using 'compacted' format.
2020-01-02T00:00:01.506882Z INFO kernel: [    0.000000] BIOS-provided physical RAM map:
2020-01-02T00:00:01.506883Z INFO kernel: [    0.000000] BIOS-e820: [mem 0x0000000000000000-0x000000000009ffff] usable
2020-01-02T00:00:01.506886Z INFO kernel: [    0.000000] BIOS-e820: [mem 0x00000000000a0000-0x00000000000fffff] reserved
2020-01-02T00:00:01.506887Z INFO kernel: [    0.000000] BIOS-e820: [mem 0x0000000000100000-0x000000007aaeafff] usable
2020-01-02T00:00:01.506888Z INFO kernel: [    0.000000] BIOS-e820: [mem 0x000000007aaeb000-0x000000007aaebfff] ACPI NVS
2020-01-02T00:00:01.506890Z INFO kernel: [    0.000000] BIOS-e820: [mem 0x000000007aaec000-0x000000007aaecfff] reserved
2020-01-02T00:00:01.506891Z INFO kernel: [    0.000000] BIOS-e820: [mem 0x000000007aaed000-0x000000007beedfff] usable
2020-01-02T00:00:01.506892Z INFO kernel: [    0.000000] BIOS-e820: [mem 0x000000007beee000-0x000000007bf47fff] type 20
2020-01-02T00:00:01.506895Z INFO kernel: [    0.000000] BIOS-e820: [mem 0x000000007bf48000-0x000000007bf89fff] reserved
2020-01-02T00:00:01.506896Z INFO kernel: [    0.000000] BIOS-e820: [mem 0x000000007bf8a000-0x000000007bfb3fff] ACPI NVS
2020-01-02T00:00:01.506897Z INFO kernel: [    0.000000] BIOS-e820: [mem 0x000000007bfb4000-0x000000007bffefff] ACPI data
2020-01-02T00:00:01.506898Z INFO kernel: [    0.000000] BIOS-e820: [mem 0x000000007bfff000-0x000000007bffffff] usable
2020-01-02T00:00:01.506899Z INFO kernel: [    0.000000] BIOS-e820: [mem 0x000000007c000000-0x00000000953fffff] reserved
2020-01-02T00:00:01.506900Z INFO kernel: [    0.000000] BIOS-e820: [mem 0x00000000fe010000-0x00000000fe010fff] reserved
2020-01-02T00:00:01.506901Z INFO kernel: [    0.000000] BIOS-e820: [mem 0x00000000fed20000-0x00000000fed7ffff] reserved
2020-01-02T00:00:01.506905Z INFO kernel: [    0.000000] BIOS-e820: [mem 0x0000000100000000-0x000000026abfffff] usable
2020-01-02T00:00:01.506906Z INFO kernel: [    0.000000] NX (Execute Disable) protection: active
2020-01-02T00:00:01.506907Z INFO kernel: [    0.000000] efi: EFI v2.70 by MSFT
2020-01-02T00:00:01.506908Z INFO kernel: [    0.000000] efi:  ACPI=0x7bffe000  ACPI 2.0=0x7bffe014  SMBIOS=0x7bf51000  SMBIOS 3.0=0x7bf4f000  MEMATTR=0x77691018  ESRT=0x78d00298 
2020-01-02T00:00:01.506909Z INFO kernel: [    0.000000] SMBIOS 3.2.0 present.
2020-01-02T00:00:01.506910Z INFO kernel: [    0.000000] DMI: Microsoft Corporation Surface Pro 7/Surface Pro 7, BIOS 7.159.140 10/08/2019
2020-01-02T00:00:01.506917Z INFO kernel: [    0.000000] tsc: Initial usec timer 7708598
2020-01-02T00:00:01.506918Z INFO kernel: [    0.000000] tsc: Detected 1500.000 MHz processor
2020-01-02T00:00:01.506919Z INFO kernel: [    0.001534] tsc: Detected 1497.600 MHz TSC
2020-01-02T00:00:01.506920Z DEBUG kernel: [    0.001534] e820: update [mem 0x00000000-0x00000fff] usable ==> reserved
2020-01-02T00:00:01.506921Z DEBUG kernel: [    0.001562] e820: remove [mem 0x000a0000-0x000fffff] usable
2020-01-02T00:00:01.506923Z INFO kernel: [    0.001571] last_pfn = 0x26ac00 max_arch_pfn = 0x400000000
2020-01-02T00:00:01.506926Z DEBUG kernel: [    0.001577] MTRR default type: write-back
2020-01-02T00:00:01.506927Z DEBUG kernel: [    0.001578] MTRR fixed ranges enabled:
2020-01-02T00:00:01.506928Z DEBUG kernel: [    0.001580]   00000-9FFFF write-back
2020-01-02T00:00:01.506929Z DEBUG kernel: [    0.001581]   A0000-BFFFF uncachable
2020-01-02T00:00:01.506930Z DEBUG kernel: [    0.001582]   C0000-FFFFF write-protect
2020-01-02T00:00:01.506932Z DEBUG kernel: [    0.001583] MTRR variable ranges enabled:
2020-01-02T00:00:01.506933Z DEBUG kernel: [    0.001585]   0 base 00C0000000 mask 7FC0000000 uncachable
2020-01-02T00:00:01.506936Z DEBUG kernel: [    0.001587]   1 base 00A0000000 mask 7FE0000000 uncachable
2020-01-02T00:00:01.506937Z DEBUG kernel: [    0.001588]   2 base 0098000000 mask 7FF8000000 uncachable
2020-01-02T00:00:01.506938Z DEBUG kernel: [    0.001589]   3 base 0094000000 mask 7FFC000000 uncachable
2020-01-02T00:00:01.506939Z DEBUG kernel: [    0.001590]   4 base 0092000000 mask 7FFE000000 uncachable
2020-01-02T00:00:01.506941Z DEBUG kernel: [    0.001591]   5 base 0091000000 mask 7FFF000000 uncachable
2020-01-02T00:00:01.506942Z DEBUG kernel: [    0.001593]   6 base 6000000000 mask 6000000000 uncachable
2020-01-02T00:00:01.506945Z DEBUG kernel: [    0.001594]   7 base 4000000000 mask 6000000000 write-combining
2020-01-02T00:00:01.506946Z DEBUG kernel: [    0.001595]   8 disabled
2020-01-02T00:00:01.506947Z DEBUG kernel: [    0.001596]   9 disabled
2020-01-02T00:00:01.506949Z INFO kernel: [    0.003759] x86/PAT: Configuration [0-7]: WB  WC  UC- UC  WB  WP  UC- WT  
2020-01-02T00:00:01.506950Z INFO kernel: [    0.005393] last_pfn = 0x7c000 max_arch_pfn = 0x400000000
2020-01-02T00:00:01.506951Z INFO kernel: [    0.031595] esrt: Reserving ESRT space from 0x0000000078d00298 to 0x0000000078d00370.
2020-01-02T00:00:01.506952Z DEBUG kernel: [    0.031607] e820: update [mem 0x78d00000-0x78d00fff] usable ==> reserved
2020-01-02T00:00:01.506955Z INFO kernel: [    0.031655] Scanning 1 areas for low memory corruption
2020-01-02T00:00:01.506956Z INFO kernel: [    0.031663] Using GB pages for direct mapping
2020-01-02T00:00:01.506957Z INFO kernel: [    0.032543] Secure boot could not be determined
2020-01-02T00:00:01.506958Z INFO kernel: [    0.032573] ACPI: Early table checksum verification disabled
2020-01-02T00:00:01.506960Z INFO kernel: [    0.032577] ACPI: RSDP 0x000000007BFFE014 000024 (v02 MSFT  )
2020-01-02T00:00:01.506961Z INFO kernel: [    0.032583] ACPI: XSDT 0x000000007BFFD0E8 0000BC (v01 MSFT   MSFT     00000002 MSFT 20160422)
2020-01-02T00:00:01.506964Z INFO kernel: [    0.032591] ACPI: FACP 0x000000007BFE7000 000114 (v06 MSFT   MSFT     00000002 MSFT 20160422)
2020-01-02T00:00:01.506965Z INFO kernel: [    0.032599] ACPI: DSDT 0x000000007BFC6000 01CB6D (v02 MSFT   MSFT     00000002 MSFT 20160422)
2020-01-02T00:00:01.506966Z INFO kernel: [    0.032604] ACPI: FACS 0x000000007BF92000 000040
2020-01-02T00:00:01.506967Z INFO kernel: [    0.032608] ACPI: SSDT 0x000000007BFFB000 001B61 (v02 CpuRef CpuSsdt  00003000 INTL 20181003)
2020-01-02T00:00:01.506969Z INFO kernel: [    0.032613] ACPI: MSDM 0x000000007BFFA000 000055 (v01 MSFT            00000001 MSFT 00000001)
2020-01-02T00:00:01.506970Z INFO kernel: [    0.032617] ACPI: SSDT 0x000000007BFF3000 006245 (v02 OEMID  DptfTabl 00001000 INTL 20181003)
2020-01-02T00:00:01.506973Z INFO kernel: [    0.032622] ACPI: SSDT 0x000000007BFEF000 0033E3 (v02 SaSsdt SaSsdt   00003000 INTL 20181003)
2020-01-02T00:00:01.506974Z INFO kernel: [    0.032626] ACPI: SSDT 0x000000007BFE8000 0066EF (v02 INTEL  TcssSsdt 00001000 INTL 20181003)
2020-01-02T00:00:01.506975Z INFO kernel: [    0.032631] ACPI: HPET 0x000000007BFE6000 000038 (v01 MSFT   MSFT     00000002 MSFT 20160422)
2020-01-02T00:00:01.506977Z INFO kernel: [    0.032635] ACPI: LPIT 0x000000007BFE5000 000094 (v01 MSFT   MSFT     00000002 MSFT 20160422)
2020-01-02T00:00:01.506978Z INFO kernel: [    0.032639] ACPI: APIC 0x000000007BFE4000 00012C (v03 MSFT   MSFT     00000002 MSFT 20160422)
2020-01-02T00:00:01.506979Z INFO kernel: [    0.032644] ACPI: MCFG 0x000000007BFE3000 00003C (v01 MSFT   MSFT     00000002 MSFT 20160422)
2020-01-02T00:00:01.506980Z INFO kernel: [    0.032648] ACPI: SSDT 0x000000007BFC5000 000DB4 (v02 MSFT   RTD3_JL  00001000 INTL 20181003)
2020-01-02T00:00:01.506983Z INFO kernel: [    0.032653] ACPI: SSDT 0x000000007BFC4000 0009E3 (v02 MSFT   xh_jl000 00000000 INTL 20181003)
2020-01-02T00:00:01.506984Z INFO kernel: [    0.032657] ACPI: NHLT 0x000000007BFC3000 00002D (v00 MSFT   MSFT     00000002 MSFT 20160422)
2020-01-02T00:00:01.506985Z INFO kernel: [    0.032661] ACPI: SSDT 0x000000007BFC2000 000574 (v02 MSFT   Tpm2Tabl 00001000 INTL 20181003)
2020-01-02T00:00:01.506987Z INFO kernel: [    0.032666] ACPI: TPM2 0x000000007BFC1000 000034 (v03 MSFT   MSFT     00000002 MSFT 20160422)
2020-01-02T00:00:01.506988Z INFO kernel: [    0.032670] ACPI: DMAR 0x000000007BFC0000 0000A0 (v01 MSFT   MSFT     00000002 MSFT 20160422)
2020-01-02T00:00:01.506989Z INFO kernel: [    0.032675] ACPI: BGRT 0x000000007BFBF000 000038 (v01 MSFT   MSFT     00000002 MSFT 20160422)
2020-01-02T00:00:01.506992Z INFO kernel: [    0.032679] ACPI: WSMT 0x000000007BFBE000 000028 (v01 MSFT   MSFT     00000002 MSFT 20160422)
2020-01-02T00:00:01.506993Z INFO kernel: [    0.032683] ACPI: FPDT 0x000000007BFBD000 000034 (v01 MSFT   MSFT     00000002 MSFT 20160422)
2020-01-02T00:00:01.506994Z DEBUG kernel: [    0.032697] ACPI: Local APIC address 0xfee00000
2020-01-02T00:00:01.506996Z INFO kernel: [    0.032724] Zone ranges:
2020-01-02T00:00:01.506997Z INFO kernel: [    0.032726]   DMA      [mem 0x0000000000001000-0x0000000000ffffff]
2020-01-02T00:00:01.506998Z INFO kernel: [    0.032728]   DMA32    [mem 0x0000000001000000-0x00000000ffffffff]
2020-01-02T00:00:01.506999Z INFO kernel: [    0.032731]   Normal   [mem 0x0000000100000000-0x000000026abfffff]
2020-01-02T00:00:01.507002Z INFO kernel: [    0.032732] Movable zone start for each node
2020-01-02T00:00:01.507003Z INFO kernel: [    0.032734] Early memory node ranges
2020-01-02T00:00:01.507005Z INFO kernel: [    0.032736]   node   0: [mem 0x0000000000001000-0x000000000009ffff]
2020-01-02T00:00:01.507006Z INFO kernel: [    0.032737]   node   0: [mem 0x0000000000100000-0x000000007aaeafff]
2020-01-02T00:00:01.507007Z INFO kernel: [    0.032739]   node   0: [mem 0x000000007aaed000-0x000000007beedfff]
2020-01-02T00:00:01.507041Z INFO kernel: [    0.032740]   node   0: [mem 0x000000007bfff000-0x000000007bffffff]
2020-01-02T00:00:01.507047Z INFO kernel: [    0.032742]   node   0: [mem 0x0000000100000000-0x000000026abfffff]
2020-01-02T00:00:01.507134Z INFO kernel: [    0.033919] Zeroed struct page in unavailable ranges: 38260 pages
2020-01-02T00:00:01.507135Z INFO kernel: [    0.033921] Initmem setup node 0 [mem 0x0000000000001000-0x000000026abfffff]
2020-01-02T00:00:01.507136Z DEBUG kernel: [    0.033925] On node 0 totalpages: 1993356
2020-01-02T00:00:01.507138Z DEBUG kernel: [    0.033926]   DMA zone: 64 pages used for memmap
2020-01-02T00:00:01.507008Z WARNING rsyslogd[771]: warning: ~ action is deprecated, consider using the 'stop' statement instead [v8.1904.0 try https://www.rsyslog.com/e/2307 ]
2020-01-02T00:00:01.507139Z DEBUG kernel: [    0.033927]   DMA zone: 26 pages reserved
2020-01-02T00:00:01.507130Z WARNING rsyslogd[771]:  message repeated 5 times: [warning: ~ action is deprecated, consider using the 'stop' statement instead [v8.1904.0 try https://www.rsyslog.com/e/2307 ]]
2020-01-02T00:00:01.507160Z DEBUG kernel: [    0.033928]   DMA zone: 3999 pages, LIFO batch:0
2020-01-02T00:00:01.507165Z DEBUG kernel: [    0.034063]   DMA32 zone: 7868 pages used for memmap
2020-01-02T00:00:01.507166Z DEBUG kernel: [    0.034064]   DMA32 zone: 503533 pages, LIFO batch:63
2020-01-02T00:00:01.507167Z DEBUG kernel: [    0.054678]   Normal zone: 23216 pages used for memmap
2020-01-02T00:00:01.507168Z DEBUG kernel: [    0.054679]   Normal zone: 1485824 pages, LIFO batch:63
2020-01-02T00:00:01.507169Z INFO kernel: [    0.103265] Reserving Intel graphics memory at [mem 0x91800000-0x953fffff]
2020-01-02T00:00:01.507170Z INFO kernel: [    0.103727] ACPI: PM-Timer IO Port: 0x1808
2020-01-02T00:00:01.507174Z DEBUG kernel: [    0.103729] ACPI: Local APIC address 0xfee00000
2020-01-02T00:00:01.507175Z INFO kernel: [    0.103739] ACPI: LAPIC_NMI (acpi_id[0x01] high edge lint[0x1])
2020-01-02T00:00:01.507176Z INFO kernel: [    0.103740] ACPI: LAPIC_NMI (acpi_id[0x02] high edge lint[0x1])
2020-01-02T00:00:01.507177Z INFO kernel: [    0.103742] ACPI: LAPIC_NMI (acpi_id[0x03] high edge lint[0x1])
2020-01-02T00:00:01.507178Z INFO kernel: [    0.103744] ACPI: LAPIC_NMI (acpi_id[0x04] high edge lint[0x1])
2020-01-02T00:00:01.507180Z INFO kernel: [    0.103745] ACPI: LAPIC_NMI (acpi_id[0x05] high edge lint[0x1])
2020-01-02T00:00:01.507183Z INFO kernel: [    0.103747] ACPI: LAPIC_NMI (acpi_id[0x06] high edge lint[0x1])
2020-01-02T00:00:01.507184Z INFO kernel: [    0.103748] ACPI: LAPIC_NMI (acpi_id[0x07] high edge lint[0x1])
2020-01-02T00:00:01.507185Z INFO kernel: [    0.103750] ACPI: LAPIC_NMI (acpi_id[0x08] high edge lint[0x1])
2020-01-02T00:00:01.507186Z INFO kernel: [    0.103751] ACPI: LAPIC_NMI (acpi_id[0x09] high edge lint[0x1])
2020-01-02T00:00:01.507187Z INFO kernel: [    0.103753] ACPI: LAPIC_NMI (acpi_id[0x0a] high edge lint[0x1])
2020-01-02T00:00:01.507189Z INFO kernel: [    0.103754] ACPI: LAPIC_NMI (acpi_id[0x0b] high edge lint[0x1])
2020-01-02T00:00:01.507190Z INFO kernel: [    0.103756] ACPI: LAPIC_NMI (acpi_id[0x0c] high edge lint[0x1])
2020-01-02T00:00:01.507193Z INFO kernel: [    0.103757] ACPI: LAPIC_NMI (acpi_id[0x0d] high edge lint[0x1])
2020-01-02T00:00:01.507194Z INFO kernel: [    0.103759] ACPI: LAPIC_NMI (acpi_id[0x0e] high edge lint[0x1])
2020-01-02T00:00:01.507197Z INFO kernel: [    0.103760] ACPI: LAPIC_NMI (acpi_id[0x0f] high edge lint[0x1])
2020-01-02T00:00:01.507198Z INFO kernel: [    0.103762] ACPI: LAPIC_NMI (acpi_id[0x10] high edge lint[0x1])
2020-01-02T00:00:01.507199Z INFO kernel: [    0.103800] IOAPIC[0]: apic_id 2, version 32, address 0xfec00000, GSI 0-119
2020-01-02T00:00:01.507200Z INFO kernel: [    0.103804] ACPI: INT_SRC_OVR (bus 0 bus_irq 0 global_irq 2 dfl dfl)
2020-01-02T00:00:01.507175Z INFO rsyslogd[771]: rsyslogd's groupid changed to 202
2020-01-02T00:00:01.507206Z INFO kernel: [    0.103807] ACPI: INT_SRC_OVR (bus 0 bus_irq 9 global_irq 9 high level)
2020-01-02T00:00:01.507217Z DEBUG kernel: [    0.103810] ACPI: IRQ0 used by override.
2020-01-02T00:00:01.507219Z DEBUG kernel: [    0.103812] ACPI: IRQ9 used by override.
2020-01-02T00:00:01.507220Z INFO kernel: [    0.103815] Using ACPI (MADT) for SMP configuration information
2020-01-02T00:00:01.507221Z INFO kernel: [    0.103818] ACPI: HPET id: 0x8086a201 base: 0xfed00000
2020-01-02T00:00:01.507222Z INFO kernel: [    0.103823] TSC deadline timer available
2020-01-02T00:00:01.507225Z INFO kernel: [    0.103826] smpboot: Allowing 8 CPUs, 0 hotplug CPUs
2020-01-02T00:00:01.507216Z INFO rsyslogd[771]: rsyslogd's userid changed to 202
2020-01-02T00:00:01.507229Z INFO kernel: [    0.103850] [mem 0x95400000-0xfe00ffff] available for PCI devices
2020-01-02T00:00:01.507231Z INFO kernel: [    0.103855] clocksource: refined-jiffies: mask: 0xffffffff max_cycles: 0xffffffff, max_idle_ns: 1910969940391419 ns
2020-01-02T00:00:01.507232Z INFO kernel: [    0.197772] setup_percpu: NR_CPUS:8192 nr_cpumask_bits:8 nr_cpu_ids:8 nr_node_ids:1
2020-01-02T00:00:01.507233Z INFO kernel: [    0.198043] percpu: Embedded 43 pages/cpu s139176 r8192 d28760 u262144
2020-01-02T00:00:01.507234Z DEBUG kernel: [    0.198051] pcpu-alloc: s139176 r8192 d28760 u262144 alloc=1*2097152
2020-01-02T00:00:01.507235Z DEBUG kernel: [    0.198052] pcpu-alloc: [0] 0 1 2 3 4 5 6 7 
2020-01-02T00:00:01.507238Z INFO kernel: [    0.198082] Built 1 zonelists, mobility grouping on.  Total pages: 1962182
2020-01-02T00:00:01.507240Z NOTICE kernel: [    0.198086] Kernel command line: BOOT_IMAGE=/syslinux/vmlinuz.A init=/sbin/init boot=local rootwait ro noresume noswap loglevel=7 noinitrd console= tpm_tis.force=0 i915.enable_guc=3 i915.enable_psr=0 i915.modeset=1 cros_efi cros_debug root=PARTUUID=536A717E-24FC-6347-B9FA-28D55F5C09C1 console=ttyUSB0,115200n8 earlyprintk=efi
2020-01-02T00:00:01.507241Z INFO kernel: [    0.199395] Dentry cache hash table entries: 1048576 (order: 11, 8388608 bytes)
2020-01-02T00:00:01.507243Z INFO kernel: [    0.199711] Inode-cache hash table entries: 524288 (order: 10, 4194304 bytes)
2020-01-02T00:00:01.507244Z INFO kernel: [    0.226452] Memory: 7661896K/7973424K available (12312K kernel code, 2934K rwdata, 3204K rodata, 1664K init, 1644K bss, 311528K reserved, 0K cma-reserved)
2020-01-02T00:00:01.507247Z INFO kernel: [    0.226522] SLUB: HWalign=64, Order=0-3, MinObjects=0, CPUs=8, Nodes=1
2020-01-02T00:00:01.507249Z INFO kernel: [    0.226533] ftrace: allocating 39373 entries in 154 pages
2020-01-02T00:00:01.507251Z INFO kernel: [    0.250168] rcu: Preemptible hierarchical RCU implementation.
2020-01-02T00:00:01.507252Z INFO kernel: [    0.250172] rcu: 	RCU restricting CPUs from NR_CPUS=8192 to nr_cpu_ids=8.
2020-01-02T00:00:01.507253Z INFO kernel: [    0.250174] 	Tasks RCU enabled.
2020-01-02T00:00:01.507254Z INFO kernel: [    0.250176] rcu: Adjusting geometry for rcu_fanout_leaf=16, nr_cpu_ids=8
2020-01-02T00:00:01.507255Z INFO kernel: [    0.253917] NR_IRQS: 524544, nr_irqs: 2048, preallocated irqs: 16
2020-01-02T00:00:01.507258Z NOTICE kernel: [    0.254498] random: crng done (trusting CPU's manufacturer)
2020-01-02T00:00:01.507259Z INFO kernel: [    0.254545] ACPI: Core revision 20180810
2020-01-02T00:00:01.507260Z INFO kernel: [    0.255111] clocksource: hpet: mask: 0xffffffff max_cycles: 0xffffffff, max_idle_ns: 99544814920 ns
2020-01-02T00:00:01.507262Z DEBUG kernel: [    0.255169] hpet clockevent registered
2020-01-02T00:00:01.507263Z INFO kernel: [    0.255275] APIC: Switch to symmetric I/O mode setup
2020-01-02T00:00:01.507264Z INFO kernel: [    0.260051] ..TIMER: vector=0x30 apic1=0 pin1=2 apic2=-1 pin2=-1
2020-01-02T00:00:01.507267Z INFO kernel: [    0.264206] clocksource: tsc-early: mask: 0xffffffffffffffff max_cycles: 0x159647815e3, max_idle_ns: 440795269835 ns
2020-01-02T00:00:01.507269Z INFO kernel: [    0.264210] Calibrating delay loop (skipped), value calculated using timer frequency.. 2995.20 BogoMIPS (lpj=1497600)
2020-01-02T00:00:01.507270Z INFO kernel: [    0.264214] pid_max: default: 32768 minimum: 301
2020-01-02T00:00:01.507271Z INFO kernel: [    0.264857] Security Framework initialized
2020-01-02T00:00:01.507272Z INFO kernel: [    0.264860] Yama: becoming mindful.
2020-01-02T00:00:01.507273Z INFO kernel: [    0.264868] Chromium OS LSM: enabled
2020-01-02T00:00:01.507276Z INFO kernel: [    0.264869] SELinux:  Initializing.
2020-01-02T00:00:01.507277Z INFO kernel: [    0.264916] Mount-cache hash table entries: 16384 (order: 5, 131072 bytes)
2020-01-02T00:00:01.507278Z INFO kernel: [    0.264934] Mountpoint-cache hash table entries: 16384 (order: 5, 131072 bytes)
2020-01-02T00:00:01.507281Z WARNING kernel: [    0.265259] ENERGY_PERF_BIAS: Set to 'normal', was 'performance'
2020-01-02T00:00:01.507282Z WARNING kernel: [    0.265261] ENERGY_PERF_BIAS: View and update with x86_energy_perf_policy(8)
2020-01-02T00:00:01.507283Z INFO kernel: [    0.265268] x86/cpu: Activated the Intel User Mode Instruction Prevention (UMIP) CPU feature
2020-01-02T00:00:01.507286Z INFO kernel: [    0.265299] CPU0: Thermal monitoring enabled (TM1)
2020-01-02T00:00:01.507287Z INFO kernel: [    0.265355] process: using mwait in idle threads
2020-01-02T00:00:01.507288Z INFO kernel: [    0.265359] Last level iTLB entries: 4KB 0, 2MB 0, 4MB 0
2020-01-02T00:00:01.507290Z INFO kernel: [    0.265361] Last level dTLB entries: 4KB 0, 2MB 0, 4MB 0, 1GB 0
2020-01-02T00:00:01.507291Z INFO kernel: [    0.265364] Spectre V1 : Mitigation: usercopy/swapgs barriers and __user pointer sanitization
2020-01-02T00:00:01.507292Z INFO kernel: [    0.265369] Spectre V2 : Mitigation: Enhanced IBRS
2020-01-02T00:00:01.507293Z INFO kernel: [    0.265371] Spectre V2 : Spectre v2 / SpectreRSB mitigation: Filling RSB on context switch
2020-01-02T00:00:01.507296Z INFO kernel: [    0.265374] Spectre V2 : mitigation: Enabling conditional Indirect Branch Prediction Barrier
2020-01-02T00:00:01.507298Z INFO kernel: [    0.265379] Speculative Store Bypass: Mitigation: Speculative Store Bypass disabled via prctl and seccomp
2020-01-02T00:00:01.507299Z INFO kernel: [    0.276571] Freeing SMP alternatives memory: 20K
2020-01-02T00:00:01.507300Z INFO kernel: [    0.279890] smpboot: CPU0: Intel(R) Core(TM) i5-1035G4 CPU @ 1.10GHz (family: 0x6, model: 0x7e, stepping: 0x5)
2020-01-02T00:00:01.507301Z INFO kernel: [    0.285244] Performance Events: no PEBS fmt4+, generic architected perfmon, 
2020-01-02T00:00:01.507302Z WARNING kernel: [    0.285248] ------------[ cut here ]------------
2020-01-02T00:00:01.507306Z ERR kernel: [    0.285250] hw perf events fixed 4 > max(3), clipping!
2020-01-02T00:00:01.507308Z WARNING kernel: [    0.285260] WARNING: CPU: 0 PID: 1 at /build/surface-pro7/tmp/portage/sys-kernel/surface-kernel-4_19-4.19.139-r1/work/surface-kernel-4_19-4.19.139/arch/x86/events/intel/core.c:4516 intel_pmu_init+0xf5d/0x1142
2020-01-02T00:00:01.507310Z WARNING kernel: [    0.285263] Modules linked in:
2020-01-02T00:00:01.507311Z WARNING kernel: [    0.285267] CPU: 0 PID: 1 Comm: swapper/0 Not tainted 4.19.139-g63ea60542 #4
2020-01-02T00:00:01.507312Z WARNING kernel: [    0.285269] Hardware name: Microsoft Corporation Surface Pro 7/Surface Pro 7, BIOS 7.159.140 10/08/2019
2020-01-02T00:00:01.507315Z WARNING kernel: [    0.285273] RIP: 0010:intel_pmu_init+0xf5d/0x1142
2020-01-02T00:00:01.507316Z WARNING kernel: [    0.285276] Code: 35 ee 70 de ff 48 d3 e0 48 ff c8 48 89 05 c1 71 de ff 83 fe 03 7e 1f ba 03 00 00 00 48 c7 c7 78 b0 bc 99 31 c0 e8 74 aa 9e fe <0f> 0b c7 05 bd 70 de ff 03 00 00 00 8b 0d b7 70 de ff b8 01 00 00
2020-01-02T00:00:01.507318Z WARNING kernel: [    0.285278] RSP: 0000:ffffb8670005fe20 EFLAGS: 00010296
2020-01-02T00:00:01.507319Z WARNING kernel: [    0.285280] RAX: 0000000000000000 RBX: 0000000000000000 RCX: 0000000000000000
2020-01-02T00:00:01.507320Z WARNING kernel: [    0.285282] RDX: 000000000000002a RSI: ffffffff9a4b4b2c RDI: ffffffff99e64400
2020-01-02T00:00:01.507321Z WARNING kernel: [    0.285284] RBP: ffffb8670005fe38 R08: 000000000000002a R09: ffffb8670005fdb0
2020-01-02T00:00:01.507329Z WARNING kernel: [    0.285285] R10: 0000000000000000 R11: 0000000000000000 R12: 0000000000000005
2020-01-02T00:00:01.507330Z WARNING kernel: [    0.285287] R13: 0000000000000000 R14: ffffffff9a2e54b7 R15: 0000000000000000
2020-01-02T00:00:01.507331Z WARNING kernel: [    0.285289] FS:  0000000000000000(0000) GS:ffff9c86a2a00000(0000) knlGS:0000000000000000
2020-01-02T00:00:01.507333Z WARNING kernel: [    0.285291] CS:  0010 DS: 0000 ES: 0000 CR0: 0000000080050033
2020-01-02T00:00:01.507334Z WARNING kernel: [    0.285293] CR2: ffff9c8554801000 CR3: 0000000114012001 CR4: 0000000000760ef0
2020-01-02T00:00:01.507335Z WARNING kernel: [    0.285295] PKRU: 00000000
2020-01-02T00:00:01.507336Z WARNING kernel: [    0.285296] Call Trace:
2020-01-02T00:00:01.507271Z INFO rsyslogd[771]:  [origin software="rsyslogd" swVersion="8.1904.0" x-pid="771" x-info="https://www.rsyslog.com"] start
2020-01-02T00:00:01.507433Z WARNING kernel: [    0.285303]  init_hw_perf_events+0x44/0x5c7
2020-01-02T00:00:01.507435Z WARNING kernel: [    0.285307]  ? merge_attr+0x91/0x91
2020-01-02T00:00:01.507436Z WARNING kernel: [    0.285311]  do_one_initcall+0xaa/0x1bc
2020-01-02T00:00:01.507437Z WARNING kernel: [    0.285315]  ? _raw_read_unlock+0x17/0x20
2020-01-02T00:00:01.507438Z WARNING kernel: [    0.285319]  ? proc_register+0xcc/0x114
2020-01-02T00:00:01.507440Z WARNING kernel: [    0.285322]  kernel_init_freeable+0xf3/0x256
2020-01-02T00:00:01.507444Z WARNING kernel: [    0.285325]  ? rest_init+0xc0/0xc0
2020-01-02T00:00:01.507445Z WARNING kernel: [    0.285328]  kernel_init+0xe/0x102
2020-01-02T00:00:01.507446Z WARNING kernel: [    0.285331]  ret_from_fork+0x1f/0x40
2020-01-02T00:00:01.507447Z WARNING kernel: [    0.285336] ---[ end trace a98a1a2ef49c6633 ]---
2020-01-02T00:00:01.507449Z WARNING kernel: [    0.285338] full-width counters, Intel PMU driver.
2020-01-02T00:00:01.507450Z INFO kernel: [    0.285343] ... version:                5
2020-01-02T00:00:01.507451Z INFO kernel: [    0.285345] ... bit width:              48
2020-01-02T00:00:01.507455Z INFO kernel: [    0.285346] ... generic registers:      8
2020-01-02T00:00:01.507456Z INFO kernel: [    0.285348] ... value mask:             0000ffffffffffff
2020-01-02T00:00:01.507457Z INFO kernel: [    0.285349] ... max period:             00007fffffffffff
2020-01-02T00:00:01.507459Z INFO kernel: [    0.285350] ... fixed-purpose events:   3
2020-01-02T00:00:01.507460Z INFO kernel: [    0.285352] ... event mask:             00000007000000ff
2020-01-02T00:00:01.507461Z INFO kernel: [    0.287241] rcu: Hierarchical SRCU implementation.
2020-01-02T00:00:01.507467Z INFO kernel: [    0.290342] NMI watchdog: Enabled. Permanently consumes one hw-PMU counter.
2020-01-02T00:00:01.507469Z INFO kernel: [    0.292249] smp: Bringing up secondary CPUs ...
2020-01-02T00:00:01.507470Z INFO kernel: [    0.300253] x86: Booting SMP configuration:
2020-01-02T00:00:01.507471Z INFO kernel: [    0.300255] .... node  #0, CPUs:      #1
2020-01-02T00:00:01.507472Z INFO kernel: [    0.004857] x86/cpu: Activated the Intel User Mode Instruction Prevention (UMIP) CPU feature
2020-01-02T00:00:01.507473Z WARNING kernel: [    0.309247]  #2
2020-01-02T00:00:01.507478Z INFO kernel: [    0.004857] x86/cpu: Activated the Intel User Mode Instruction Prevention (UMIP) CPU feature
2020-01-02T00:00:01.507479Z WARNING kernel: [    0.318235]  #3
2020-01-02T00:00:01.507480Z INFO kernel: [    0.004857] x86/cpu: Activated the Intel User Mode Instruction Prevention (UMIP) CPU feature
2020-01-02T00:00:01.507481Z WARNING kernel: [    0.327236]  #4
2020-01-02T00:00:01.507483Z INFO kernel: [    0.004857] x86/cpu: Activated the Intel User Mode Instruction Prevention (UMIP) CPU feature
2020-01-02T00:00:01.507484Z WARNING kernel: [    0.336238]  #5
2020-01-02T00:00:01.507485Z INFO kernel: [    0.004857] x86/cpu: Activated the Intel User Mode Instruction Prevention (UMIP) CPU feature
2020-01-02T00:00:01.507489Z WARNING kernel: [    0.344226]  #6
2020-01-02T00:00:01.507490Z INFO kernel: [    0.004857] x86/cpu: Activated the Intel User Mode Instruction Prevention (UMIP) CPU feature
2020-01-02T00:00:01.507491Z WARNING kernel: [    0.353224]  #7
2020-01-02T00:00:01.507493Z INFO kernel: [    0.004857] x86/cpu: Activated the Intel User Mode Instruction Prevention (UMIP) CPU feature
2020-01-02T00:00:01.507494Z INFO kernel: [    0.354106] smp: Brought up 1 node, 8 CPUs
2020-01-02T00:00:01.507495Z INFO kernel: [    0.354106] smpboot: Max logical packages: 1
2020-01-02T00:00:01.507499Z INFO kernel: [    0.354106] smpboot: Total of 8 processors activated (23961.60 BogoMIPS)
2020-01-02T00:00:01.507501Z INFO kernel: [    0.354622] devtmpfs: initialized
2020-01-02T00:00:01.507502Z INFO kernel: [    0.355672] PM: Registering ACPI NVS region [mem 0x7aaeb000-0x7aaebfff] (4096 bytes)
2020-01-02T00:00:01.507503Z INFO kernel: [    0.355676] PM: Registering ACPI NVS region [mem 0x7bf8a000-0x7bfb3fff] (172032 bytes)
2020-01-02T00:00:01.507504Z INFO kernel: [    0.355802] clocksource: jiffies: mask: 0xffffffff max_cycles: 0xffffffff, max_idle_ns: 1911260446275000 ns
2020-01-02T00:00:01.507505Z INFO kernel: [    0.355802] futex hash table entries: 2048 (order: 5, 131072 bytes)
2020-01-02T00:00:01.507509Z INFO kernel: [    0.356255] pinctrl core: initialized pinctrl subsystem
2020-01-02T00:00:01.507511Z INFO kernel: [    0.356487] RTC time: 10:11:36, date: 10/09/19
2020-01-02T00:00:01.507512Z INFO kernel: [    0.356619] NET: Registered protocol family 16
2020-01-02T00:00:01.507513Z INFO kernel: [    0.357172] audit: initializing netlink subsys (disabled)
2020-01-02T00:00:01.507514Z NOTICE kernel: [    0.357233] audit: type=2000 audit(1570615896.099:1): state=initialized audit_enabled=0 res=1
2020-01-02T00:00:01.507515Z INFO kernel: [    0.357329] cpuidle: using governor ladder
2020-01-02T00:00:01.507516Z INFO kernel: [    0.358246] cpuidle: using governor menu
2020-01-02T00:00:01.507521Z INFO kernel: [    0.358658] ACPI: bus type PCI registered
2020-01-02T00:00:01.507523Z INFO kernel: [    0.358658] PCI: MMCONFIG for domain 0000 [bus 00-ff] at [mem 0xe0000000-0xefffffff] (base 0xe0000000)
2020-01-02T00:00:01.507525Z INFO kernel: [    0.358658] PCI: not using MMCONFIG
2020-01-02T00:00:01.507526Z INFO kernel: [    0.358658] PCI: Using configuration type 1 for base access
2020-01-02T00:00:01.507527Z INFO kernel: [    0.362242] cryptd: max_cpu_qlen set to 1000
2020-01-02T00:00:01.507528Z INFO kernel: [    0.362300] ACPI: Added _OSI(Module Device)
2020-01-02T00:00:01.507532Z INFO kernel: [    0.362302] ACPI: Added _OSI(Processor Device)
2020-01-02T00:00:01.507533Z INFO kernel: [    0.362304] ACPI: Added _OSI(3.0 _SCP Extensions)
2020-01-02T00:00:01.507534Z INFO kernel: [    0.362306] ACPI: Added _OSI(Processor Aggregator Device)
2020-01-02T00:00:01.507536Z INFO kernel: [    0.362308] ACPI: Added _OSI(Linux-Dell-Video)
2020-01-02T00:00:01.507537Z INFO kernel: [    0.362310] ACPI: Added _OSI(Linux-Lenovo-NV-HDMI-Audio)
2020-01-02T00:00:01.507538Z INFO kernel: [    0.408346] ACPI: 8 ACPI AML tables successfully acquired and loaded
2020-01-02T00:00:01.507542Z INFO kernel: [    0.420319] ACPI: Dynamic OEM Table Load:
2020-01-02T00:00:01.507543Z INFO kernel: [    0.420360] ACPI: SSDT 0xFFFF9C86A127B800 0000F4 (v02 PmRef  Cpu0Psd  00003000 INTL 20181003)
2020-01-02T00:00:01.507544Z INFO kernel: [    0.422244] ACPI: \_SB_.PR00: _OSC native thermal LVT Acked
2020-01-02T00:00:01.507545Z INFO kernel: [    0.423287] ACPI: Dynamic OEM Table Load:
2020-01-02T00:00:01.507546Z INFO kernel: [    0.423298] ACPI: SSDT 0xFFFF9C86A1361800 000394 (v02 PmRef  Cpu0Cst  00003001 INTL 20181003)
2020-01-02T00:00:01.507547Z INFO kernel: [    0.423717] ACPI: Dynamic OEM Table Load:
2020-01-02T00:00:01.507548Z INFO kernel: [    0.423726] ACPI: SSDT 0xFFFF9C86A1129000 000437 (v02 PmRef  Cpu0Ist  00003000 INTL 20181003)
2020-01-02T00:00:01.507553Z INFO kernel: [    0.424229] ACPI: Dynamic OEM Table Load:
2020-01-02T00:00:01.507554Z INFO kernel: [    0.424236] ACPI: SSDT 0xFFFF9C86A1354C00 00012C (v02 PmRef  Cpu0Hwp  00003000 INTL 20181003)
2020-01-02T00:00:01.507555Z INFO kernel: [    0.424557] ACPI: Dynamic OEM Table Load:
2020-01-02T00:00:01.507556Z INFO kernel: [    0.424567] ACPI: SSDT 0xFFFF9C86A1129800 000724 (v02 PmRef  HwpLvt   00003000 INTL 20181003)
2020-01-02T00:00:01.507557Z INFO kernel: [    0.425228] ACPI: Dynamic OEM Table Load:
2020-01-02T00:00:01.507558Z INFO kernel: [    0.425238] ACPI: SSDT 0xFFFF9C86A112A000 0005FC (v02 PmRef  ApIst    00003000 INTL 20181003)
2020-01-02T00:00:01.507562Z INFO kernel: [    0.426395] ACPI: Dynamic OEM Table Load:
2020-01-02T00:00:01.507564Z INFO kernel: [    0.426404] ACPI: SSDT 0xFFFF9C86A132A000 000317 (v02 PmRef  ApHwp    00003000 INTL 20181003)
2020-01-02T00:00:01.507565Z INFO kernel: [    0.426663] ACPI: Dynamic OEM Table Load:
2020-01-02T00:00:01.507566Z INFO kernel: [    0.426663] ACPI: SSDT 0xFFFF9C86A12A1000 000AB0 (v02 PmRef  ApPsd    00003000 INTL 20181003)
2020-01-02T00:00:01.507567Z INFO kernel: [    0.427389] ACPI: Dynamic OEM Table Load:
2020-01-02T00:00:01.507568Z INFO kernel: [    0.427398] ACPI: SSDT 0xFFFF9C86A132A400 00030A (v02 PmRef  ApCst    00003000 INTL 20181003)
2020-01-02T00:00:01.507569Z INFO kernel: [    0.431102] ACPI: Interpreter enabled
2020-01-02T00:00:01.507573Z INFO kernel: [    0.431146] ACPI: (supports S0 S5)
2020-01-02T00:00:01.507574Z INFO kernel: [    0.431148] ACPI: Using IOAPIC for interrupt routing
2020-01-02T00:00:01.507575Z INFO kernel: [    0.431193] PCI: MMCONFIG for domain 0000 [bus 00-ff] at [mem 0xe0000000-0xefffffff] (base 0xe0000000)
2020-01-02T00:00:01.507577Z INFO kernel: [    0.432133] PCI: MMCONFIG at [mem 0xe0000000-0xefffffff] reserved in ACPI motherboard resources
2020-01-02T00:00:01.507578Z INFO kernel: [    0.432155] PCI: Using host bridge windows from ACPI; if necessary, use "pci=nocrs" and report a bug
2020-01-02T00:00:01.507579Z INFO kernel: [    0.432809] ACPI: Enabled 8 GPEs in block 00 to 7F
2020-01-02T00:00:01.507583Z INFO kernel: [    0.438115] ACPI: Power Resource [BTPR] (on)
2020-01-02T00:00:01.507585Z INFO kernel: [    0.448427] ACPI: Power Resource [V0PR] (on)
2020-01-02T00:00:01.507586Z INFO kernel: [    0.448667] ACPI: Power Resource [V1PR] (on)
2020-01-02T00:00:01.507587Z INFO kernel: [    0.448891] ACPI: Power Resource [V2PR] (on)
2020-01-02T00:00:01.507588Z INFO kernel: [    0.449804] ACPI: Power Resource [CAMP] (off)
2020-01-02T00:00:01.507589Z INFO kernel: [    0.451656] ACPI: Power Resource [WRST] (on)
2020-01-02T00:00:01.507593Z INFO kernel: [    0.451887] ACPI: Power Resource [TBT0] (on)
2020-01-02T00:00:01.507595Z INFO kernel: [    0.451924] ACPI: Power Resource [TBT1] (on)
2020-01-02T00:00:01.507596Z INFO kernel: [    0.451962] ACPI: Power Resource [D3C] (on)
2020-01-02T00:00:01.507597Z INFO kernel: [    0.461493] ACPI: Power Resource [PIN] (off)
2020-01-02T00:00:01.507598Z INFO kernel: [    0.462169] ACPI: PCI Root Bridge [PCI0] (domain 0000 [bus 00-fe])
2020-01-02T00:00:01.507600Z INFO kernel: [    0.462176] acpi PNP0A08:00: _OSC: OS supports [ExtendedConfig ASPM ClockPM Segments MSI]
2020-01-02T00:00:01.507604Z INFO kernel: [    0.471670] acpi PNP0A08:00: _OSC: OS now controls [PCIeHotplug PME AER PCIeCapability LTR]
2020-01-02T00:00:01.507605Z INFO kernel: [    0.472030] PCI host bridge to bus 0000:00
2020-01-02T00:00:01.507606Z INFO kernel: [    0.472034] pci_bus 0000:00: root bus resource [io  0x0000-0x0cf7 window]
2020-01-02T00:00:01.507608Z INFO kernel: [    0.472036] pci_bus 0000:00: root bus resource [io  0x0d00-0xffff window]
2020-01-02T00:00:01.507610Z INFO kernel: [    0.472039] pci_bus 0000:00: root bus resource [mem 0x000a0000-0x000bffff window]
2020-01-02T00:00:01.507611Z INFO kernel: [    0.472041] pci_bus 0000:00: root bus resource [mem 0x000c0000-0x000c3fff window]
2020-01-02T00:00:01.507612Z INFO kernel: [    0.472043] pci_bus 0000:00: root bus resource [mem 0x000c4000-0x000c7fff window]
2020-01-02T00:00:01.507617Z INFO kernel: [    0.472045] pci_bus 0000:00: root bus resource [mem 0x000c8000-0x000cbfff window]
2020-01-02T00:00:01.507618Z INFO kernel: [    0.472047] pci_bus 0000:00: root bus resource [mem 0x000cc000-0x000cffff window]
2020-01-02T00:00:01.507620Z INFO kernel: [    0.472049] pci_bus 0000:00: root bus resource [mem 0x000d0000-0x000d3fff window]
2020-01-02T00:00:01.507621Z INFO kernel: [    0.472051] pci_bus 0000:00: root bus resource [mem 0x000d4000-0x000d7fff window]
2020-01-02T00:00:01.507622Z INFO kernel: [    0.472053] pci_bus 0000:00: root bus resource [mem 0x000d8000-0x000dbfff window]
2020-01-02T00:00:01.507623Z INFO kernel: [    0.472055] pci_bus 0000:00: root bus resource [mem 0x000dc000-0x000dffff window]
2020-01-02T00:00:01.507630Z INFO kernel: [    0.472057] pci_bus 0000:00: root bus resource [mem 0x000e0000-0x000e3fff window]
2020-01-02T00:00:01.507632Z INFO kernel: [    0.472059] pci_bus 0000:00: root bus resource [mem 0x000e4000-0x000e7fff window]
2020-01-02T00:00:01.507633Z INFO kernel: [    0.472061] pci_bus 0000:00: root bus resource [mem 0x000e8000-0x000ebfff window]
2020-01-02T00:00:01.507634Z INFO kernel: [    0.472063] pci_bus 0000:00: root bus resource [mem 0x000ec000-0x000effff window]
2020-01-02T00:00:01.507635Z INFO kernel: [    0.472065] pci_bus 0000:00: root bus resource [mem 0x000f0000-0x000fffff window]
2020-01-02T00:00:01.507636Z INFO kernel: [    0.472067] pci_bus 0000:00: root bus resource [mem 0x95400000-0xdfffffff window]
2020-01-02T00:00:01.507638Z INFO kernel: [    0.472070] pci_bus 0000:00: root bus resource [mem 0x4000000000-0x7fffffffff window]
2020-01-02T00:00:01.507727Z INFO kernel: [    0.472072] pci_bus 0000:00: root bus resource [bus 00-fe]
2020-01-02T00:00:01.507728Z DEBUG kernel: [    0.472116] pci 0000:00:00.0: [8086:8a12] type 00 class 0x060000
2020-01-02T00:00:01.507729Z DEBUG kernel: [    0.473717] pci 0000:00:02.0: [8086:8a5a] type 00 class 0x030000
2020-01-02T00:00:01.507730Z DEBUG kernel: [    0.473735] pci 0000:00:02.0: reg 0x10: [mem 0x6001000000-0x6001ffffff 64bit]
2020-01-02T00:00:01.507731Z DEBUG kernel: [    0.473745] pci 0000:00:02.0: reg 0x18: [mem 0x4000000000-0x400fffffff 64bit pref]
2020-01-02T00:00:01.507733Z DEBUG kernel: [    0.473752] pci 0000:00:02.0: reg 0x20: [io  0x3000-0x303f]
2020-01-02T00:00:01.507737Z DEBUG kernel: [    0.475055] pci 0000:00:04.0: [8086:8a03] type 00 class 0x118000
2020-01-02T00:00:01.507738Z DEBUG kernel: [    0.475087] pci 0000:00:04.0: reg 0x10: [mem 0x6002120000-0x600212ffff 64bit]
2020-01-02T00:00:01.507739Z DEBUG kernel: [    0.476403] pci 0000:00:05.0: [8086:8a19] type 00 class 0x048000
2020-01-02T00:00:01.507741Z DEBUG kernel: [    0.476418] pci 0000:00:05.0: reg 0x10: [mem 0x6000000000-0x6000ffffff 64bit]
2020-01-02T00:00:01.507742Z DEBUG kernel: [    0.477713] pci 0000:00:0d.0: [8086:8a13] type 00 class 0x0c0330
2020-01-02T00:00:01.507743Z DEBUG kernel: [    0.477738] pci 0000:00:0d.0: reg 0x10: [mem 0x6002110000-0x600211ffff 64bit]
2020-01-02T00:00:01.507747Z DEBUG kernel: [    0.477812] pci 0000:00:0d.0: PME# supported from D3hot D3cold
2020-01-02T00:00:01.507748Z DEBUG kernel: [    0.479125] pci 0000:00:12.0: [8086:34fc] type 00 class 0x070000
2020-01-02T00:00:01.507750Z DEBUG kernel: [    0.479166] pci 0000:00:12.0: reg 0x10: [mem 0x600213a000-0x600213bfff 64bit]
2020-01-02T00:00:01.507751Z DEBUG kernel: [    0.479307] pci 0000:00:12.0: PME# supported from D0 D3hot
2020-01-02T00:00:01.507752Z DEBUG kernel: [    0.480618] pci 0000:00:14.0: [8086:34ed] type 00 class 0x0c0330
2020-01-02T00:00:01.507753Z DEBUG kernel: [    0.480656] pci 0000:00:14.0: reg 0x10: [mem 0x6002100000-0x600210ffff 64bit]
2020-01-02T00:00:01.507754Z DEBUG kernel: [    0.480780] pci 0000:00:14.0: PME# supported from D3hot D3cold
2020-01-02T00:00:01.507759Z DEBUG kernel: [    0.482062] pci 0000:00:14.2: [8086:34ef] type 00 class 0x050000
2020-01-02T00:00:01.507761Z DEBUG kernel: [    0.482099] pci 0000:00:14.2: reg 0x10: [mem 0x6002138000-0x6002139fff 64bit]
2020-01-02T00:00:01.507762Z DEBUG kernel: [    0.482119] pci 0000:00:14.2: reg 0x18: [mem 0x6002143000-0x6002143fff 64bit]
2020-01-02T00:00:01.507763Z DEBUG kernel: [    0.483466] pci 0000:00:14.3: [8086:34f0] type 00 class 0x028000
2020-01-02T00:00:01.507764Z DEBUG kernel: [    0.483522] pci 0000:00:14.3: reg 0x10: [mem 0x6002134000-0x6002137fff 64bit]
2020-01-02T00:00:01.507765Z DEBUG kernel: [    0.483705] pci 0000:00:14.3: PME# supported from D0 D3hot D3cold
2020-01-02T00:00:01.507769Z DEBUG kernel: [    0.485118] pci 0000:00:15.0: [8086:34e8] type 00 class 0x0c8000
2020-01-02T00:00:01.507771Z DEBUG kernel: [    0.485205] pci 0000:00:15.0: reg 0x10: [mem 0x00000000-0x00000fff 64bit]
2020-01-02T00:00:01.507772Z DEBUG kernel: [    0.486805] pci 0000:00:15.2: [8086:34ea] type 00 class 0x0c8000
2020-01-02T00:00:01.507773Z DEBUG kernel: [    0.486954] pci 0000:00:15.2: reg 0x10: [mem 0x00000000-0x00000fff 64bit]
2020-01-02T00:00:01.507774Z DEBUG kernel: [    0.488508] pci 0000:00:15.3: [8086:34eb] type 00 class 0x0c8000
2020-01-02T00:00:01.507775Z DEBUG kernel: [    0.488596] pci 0000:00:15.3: reg 0x10: [mem 0x00000000-0x00000fff 64bit]
2020-01-02T00:00:01.507776Z DEBUG kernel: [    0.490146] pci 0000:00:16.0: [8086:34e0] type 00 class 0x078000
2020-01-02T00:00:01.507781Z DEBUG kernel: [    0.490190] pci 0000:00:16.0: reg 0x10: [mem 0x600213f000-0x600213ffff 64bit]
2020-01-02T00:00:01.507782Z DEBUG kernel: [    0.490342] pci 0000:00:16.0: PME# supported from D3hot
2020-01-02T00:00:01.507783Z DEBUG kernel: [    0.491645] pci 0000:00:16.4: [8086:34e4] type 00 class 0x078000
2020-01-02T00:00:01.507784Z DEBUG kernel: [    0.491689] pci 0000:00:16.4: reg 0x10: [mem 0x600213e000-0x600213efff 64bit]
2020-01-02T00:00:01.507785Z DEBUG kernel: [    0.491824] pci 0000:00:16.4: PME# supported from D3hot
2020-01-02T00:00:01.507787Z DEBUG kernel: [    0.493169] pci 0000:00:19.0: [8086:34c5] type 00 class 0x0c8000
2020-01-02T00:00:01.507791Z DEBUG kernel: [    0.493346] pci 0000:00:19.0: reg 0x10: [mem 0x00000000-0x00000fff 64bit]
2020-01-02T00:00:01.507792Z DEBUG kernel: [    0.494922] pci 0000:00:1d.0: [8086:34b0] type 01 class 0x060400
2020-01-02T00:00:01.507793Z DEBUG kernel: [    0.495082] pci 0000:00:1d.0: PME# supported from D0 D3hot D3cold
2020-01-02T00:00:01.507794Z DEBUG kernel: [    0.496541] pci 0000:00:1e.0: [8086:34a8] type 00 class 0x078000
2020-01-02T00:00:01.507795Z DEBUG kernel: [    0.496630] pci 0000:00:1e.0: reg 0x10: [mem 0x00000000-0x00000fff 64bit]
2020-01-02T00:00:01.507796Z DEBUG kernel: [    0.498209] pci 0000:00:1f.0: [8086:3482] type 00 class 0x060100
2020-01-02T00:00:01.507800Z DEBUG kernel: [    0.499644] pci 0000:00:1f.3: [8086:34c8] type 00 class 0x040380
2020-01-02T00:00:01.507802Z DEBUG kernel: [    0.499734] pci 0000:00:1f.3: reg 0x10: [mem 0x6002130000-0x6002133fff 64bit]
2020-01-02T00:00:01.507815Z DEBUG kernel: [    0.499859] pci 0000:00:1f.3: reg 0x20: [mem 0x6002000000-0x60020fffff 64bit]
2020-01-02T00:00:01.507817Z DEBUG kernel: [    0.500047] pci 0000:00:1f.3: PME# supported from D3hot D3cold
2020-01-02T00:00:01.507818Z DEBUG kernel: [    0.501400] pci 0000:00:1f.5: [8086:34a4] type 00 class 0x0c8000
2020-01-02T00:00:01.507819Z DEBUG kernel: [    0.501432] pci 0000:00:1f.5: reg 0x10: [mem 0xfe010000-0xfe010fff]
2020-01-02T00:00:01.507820Z DEBUG kernel: [    0.502838] pci 0000:01:00.0: [1c5c:1327] type 00 class 0x010802
2020-01-02T00:00:01.507825Z DEBUG kernel: [    0.502888] pci 0000:01:00.0: reg 0x10: [mem 0x95400000-0x95403fff 64bit]
2020-01-02T00:00:01.507827Z DEBUG kernel: [    0.503063] pci 0000:01:00.0: supports D1
2020-01-02T00:00:01.507828Z DEBUG kernel: [    0.503064] pci 0000:01:00.0: PME# supported from D0 D1 D3hot
2020-01-02T00:00:01.507829Z INFO kernel: [    0.503256] pci 0000:00:1d.0: PCI bridge to [bus 01]
2020-01-02T00:00:01.507830Z DEBUG kernel: [    0.503265] pci 0000:00:1d.0:   bridge window [mem 0x95400000-0x954fffff]
2020-01-02T00:00:01.507831Z DEBUG kernel: [    0.503282] pci_bus 0000:00: on NUMA node 0
2020-01-02T00:00:01.507835Z NOTICE kernel: [    0.580745] SCSI subsystem initialized
2020-01-02T00:00:01.507836Z DEBUG kernel: [    0.581224] libata version 3.00 loaded.
2020-01-02T00:00:01.507838Z INFO kernel: [    0.581261] ACPI: bus type USB registered
2020-01-02T00:00:01.507839Z INFO kernel: [    0.581283] usbcore: registered new interface driver usbfs
2020-01-02T00:00:01.507840Z INFO kernel: [    0.581293] usbcore: registered new interface driver hub
2020-01-02T00:00:01.507841Z INFO kernel: [    0.581329] usbcore: registered new device driver usb
2020-01-02T00:00:01.507842Z INFO kernel: [    0.581358] media: Linux media interface: v0.10
2020-01-02T00:00:01.507846Z INFO kernel: [    0.581365] videodev: Linux video capture interface: v2.00
2020-01-02T00:00:01.507847Z INFO kernel: [    0.581413] Registered efivars operations
2020-01-02T00:00:01.507848Z INFO kernel: [    0.581440] chromeos_acpi: installed
2020-01-02T00:00:01.507850Z INFO kernel: [    0.581440] Advanced Linux Sound Architecture Driver Initialized.
2020-01-02T00:00:01.507851Z INFO kernel: [    0.581440] PCI: Using ACPI for IRQ routing
2020-01-02T00:00:01.507852Z DEBUG kernel: [    0.638033] PCI: pci_cache_line_size set to 64 bytes
2020-01-02T00:00:01.507856Z INFO kernel: [    0.638225] pci 0000:00:1f.5: can't claim BAR 0 [mem 0xfe010000-0xfe010fff]: no compatible bridge window
2020-01-02T00:00:01.507857Z DEBUG kernel: [    0.638395] e820: reserve RAM buffer [mem 0x78d00000-0x7bffffff]
2020-01-02T00:00:01.507858Z DEBUG kernel: [    0.638397] e820: reserve RAM buffer [mem 0x7aaeb000-0x7bffffff]
2020-01-02T00:00:01.507859Z DEBUG kernel: [    0.638399] e820: reserve RAM buffer [mem 0x7beee000-0x7bffffff]
2020-01-02T00:00:01.507861Z DEBUG kernel: [    0.638401] e820: reserve RAM buffer [mem 0x26ac00000-0x26bffffff]
2020-01-02T00:00:01.507862Z INFO kernel: [    0.638720] hpet0: at MMIO 0xfed00000, IRQs 2, 8, 0, 0, 0, 0, 0, 0
2020-01-02T00:00:01.507866Z INFO kernel: [    0.638727] hpet0: 8 comparators, 64-bit 19.200000 MHz counter
2020-01-02T00:00:01.507867Z INFO kernel: [    0.641251] clocksource: Switched to clocksource tsc-early
2020-01-02T00:00:01.507868Z NOTICE kernel: [    0.662801] VFS: Disk quotas dquot_6.6.0
2020-01-02T00:00:01.507869Z INFO kernel: [    0.662827] VFS: Dquot-cache hash table entries: 512 (order 0, 4096 bytes)
2020-01-02T00:00:01.507976Z INFO kernel: [    0.662886] pnp: PnP ACPI init
2020-01-02T00:00:01.507983Z INFO kernel: [    0.663173] system 00:00: [io  0x0680-0x069f] has been reserved
2020-01-02T00:00:01.507984Z INFO kernel: [    0.663176] system 00:00: [io  0x164e-0x164f] has been reserved
2020-01-02T00:00:01.507985Z DEBUG kernel: [    0.663183] system 00:00: Plug and Play ACPI device, IDs PNP0c02 (active)
2020-01-02T00:00:01.507986Z DEBUG kernel: [    0.663256] pnp 00:01: Plug and Play ACPI device, IDs PNP0b00 (active)
2020-01-02T00:00:01.507988Z INFO kernel: [    0.663371] system 00:02: [io  0x1854-0x1857] has been reserved
2020-01-02T00:00:01.507989Z DEBUG kernel: [    0.663377] system 00:02: Plug and Play ACPI device, IDs INT3f0d PNP0c02 (active)
2020-01-02T00:00:01.507990Z INFO kernel: [    0.663852] system 00:03: [mem 0xfed10000-0xfed17fff] has been reserved
2020-01-02T00:00:01.507992Z INFO kernel: [    0.663855] system 00:03: [mem 0xfeda0000-0xfeda0fff] has been reserved
2020-01-02T00:00:01.507993Z INFO kernel: [    0.663857] system 00:03: [mem 0xfeda1000-0xfeda1fff] has been reserved
2020-01-02T00:00:01.507995Z INFO kernel: [    0.663860] system 00:03: [mem 0xe0000000-0xefffffff] has been reserved
2020-01-02T00:00:01.508014Z INFO kernel: [    0.663863] system 00:03: [mem 0xfed20000-0xfed7ffff] could not be reserved
2020-01-02T00:00:01.508015Z INFO kernel: [    0.663866] system 00:03: [mem 0xfed90000-0xfed93fff] has been reserved
2020-01-02T00:00:01.508016Z INFO kernel: [    0.663868] system 00:03: [mem 0xfee00000-0xfeefffff] has been reserved
2020-01-02T00:00:01.508017Z DEBUG kernel: [    0.663873] system 00:03: Plug and Play ACPI device, IDs PNP0c02 (active)
2020-01-02T00:00:01.508018Z INFO kernel: [    0.664271] system 00:04: [io  0x1800-0x18fe] could not be reserved
2020-01-02T00:00:01.508021Z INFO kernel: [    0.664274] system 00:04: [mem 0xfd000000-0xfd68ffff] has been reserved
2020-01-02T00:00:01.508023Z INFO kernel: [    0.664277] system 00:04: [mem 0xfd6b0000-0xfd6cffff] has been reserved
2020-01-02T00:00:01.508024Z INFO kernel: [    0.664279] system 00:04: [mem 0xfd6f0000-0xfdffffff] has been reserved
2020-01-02T00:00:01.508025Z INFO kernel: [    0.664282] system 00:04: [mem 0xfe000000-0xfe01ffff] could not be reserved
2020-01-02T00:00:01.508026Z INFO kernel: [    0.664284] system 00:04: [mem 0xfe200000-0xfe7fffff] has been reserved
2020-01-02T00:00:01.508028Z INFO kernel: [    0.664287] system 00:04: [mem 0xff000000-0xffffffff] has been reserved
2020-01-02T00:00:01.508029Z DEBUG kernel: [    0.664292] system 00:04: Plug and Play ACPI device, IDs PNP0c02 (active)
2020-01-02T00:00:01.508031Z INFO kernel: [    0.664577] system 00:05: [io  0x2000-0x20fe] has been reserved
2020-01-02T00:00:01.508032Z DEBUG kernel: [    0.664582] system 00:05: Plug and Play ACPI device, IDs PNP0c02 (active)
2020-01-02T00:00:01.508033Z INFO kernel: [    0.664803] system 00:06: [mem 0xfe038000-0xfe038fff] has been reserved
2020-01-02T00:00:01.508035Z DEBUG kernel: [    0.664808] system 00:06: Plug and Play ACPI device, IDs PNP0c02 (active)
2020-01-02T00:00:01.508036Z INFO kernel: [    0.665335] pnp: PnP ACPI: found 7 devices
2020-01-02T00:00:01.508039Z INFO kernel: [    0.670204] clocksource: acpi_pm: mask: 0xffffff max_cycles: 0xffffff, max_idle_ns: 2085701024 ns
2020-01-02T00:00:01.508041Z INFO kernel: [    0.670277] pci 0000:00:15.0: BAR 0: assigned [mem 0x4010000000-0x4010000fff 64bit]
2020-01-02T00:00:01.508042Z INFO kernel: [    0.670345] pci 0000:00:15.2: BAR 0: assigned [mem 0x4010001000-0x4010001fff 64bit]
2020-01-02T00:00:01.508140Z INFO kernel: [    0.670406] pci 0000:00:15.3: BAR 0: assigned [mem 0x4010002000-0x4010002fff 64bit]
2020-01-02T00:00:01.508141Z INFO kernel: [    0.670465] pci 0000:00:19.0: BAR 0: assigned [mem 0x4010003000-0x4010003fff 64bit]
2020-01-02T00:00:01.508143Z INFO kernel: [    0.670527] pci 0000:00:1e.0: BAR 0: assigned [mem 0x4010004000-0x4010004fff 64bit]
2020-01-02T00:00:01.508144Z INFO kernel: [    0.670592] pci 0000:00:1f.5: BAR 0: assigned [mem 0x95500000-0x95500fff]
2020-01-02T00:00:01.508145Z INFO kernel: [    0.670615] pci 0000:00:1d.0: PCI bridge to [bus 01]
2020-01-02T00:00:01.508146Z INFO kernel: [    0.670621] pci 0000:00:1d.0:   bridge window [mem 0x95400000-0x954fffff]
2020-01-02T00:00:01.508148Z DEBUG kernel: [    0.670633] pci_bus 0000:00: resource 4 [io  0x0000-0x0cf7 window]
2020-01-02T00:00:01.508149Z DEBUG kernel: [    0.670635] pci_bus 0000:00: resource 5 [io  0x0d00-0xffff window]
2020-01-02T00:00:01.508150Z DEBUG kernel: [    0.670637] pci_bus 0000:00: resource 6 [mem 0x000a0000-0x000bffff window]
2020-01-02T00:00:01.508151Z DEBUG kernel: [    0.670638] pci_bus 0000:00: resource 7 [mem 0x000c0000-0x000c3fff window]
2020-01-02T00:00:01.508152Z DEBUG kernel: [    0.670640] pci_bus 0000:00: resource 8 [mem 0x000c4000-0x000c7fff window]
2020-01-02T00:00:01.508153Z DEBUG kernel: [    0.670641] pci_bus 0000:00: resource 9 [mem 0x000c8000-0x000cbfff window]
2020-01-02T00:00:01.508155Z DEBUG kernel: [    0.670642] pci_bus 0000:00: resource 10 [mem 0x000cc000-0x000cffff window]
2020-01-02T00:00:01.508156Z DEBUG kernel: [    0.670644] pci_bus 0000:00: resource 11 [mem 0x000d0000-0x000d3fff window]
2020-01-02T00:00:01.508157Z DEBUG kernel: [    0.670645] pci_bus 0000:00: resource 12 [mem 0x000d4000-0x000d7fff window]
2020-01-02T00:00:01.508158Z DEBUG kernel: [    0.670647] pci_bus 0000:00: resource 13 [mem 0x000d8000-0x000dbfff window]
2020-01-02T00:00:01.508159Z DEBUG kernel: [    0.670648] pci_bus 0000:00: resource 14 [mem 0x000dc000-0x000dffff window]
2020-01-02T00:00:01.508160Z DEBUG kernel: [    0.670650] pci_bus 0000:00: resource 15 [mem 0x000e0000-0x000e3fff window]
2020-01-02T00:00:01.508162Z DEBUG kernel: [    0.670651] pci_bus 0000:00: resource 16 [mem 0x000e4000-0x000e7fff window]
2020-01-02T00:00:01.508163Z DEBUG kernel: [    0.670653] pci_bus 0000:00: resource 17 [mem 0x000e8000-0x000ebfff window]
2020-01-02T00:00:01.508164Z DEBUG kernel: [    0.670654] pci_bus 0000:00: resource 18 [mem 0x000ec000-0x000effff window]
2020-01-02T00:00:01.508165Z DEBUG kernel: [    0.670656] pci_bus 0000:00: resource 19 [mem 0x000f0000-0x000fffff window]
2020-01-02T00:00:01.508166Z DEBUG kernel: [    0.670657] pci_bus 0000:00: resource 20 [mem 0x95400000-0xdfffffff window]
2020-01-02T00:00:01.508167Z DEBUG kernel: [    0.670659] pci_bus 0000:00: resource 21 [mem 0x4000000000-0x7fffffffff window]
2020-01-02T00:00:01.508169Z DEBUG kernel: [    0.670661] pci_bus 0000:01: resource 1 [mem 0x95400000-0x954fffff]
2020-01-02T00:00:01.508170Z INFO kernel: [    0.670853] NET: Registered protocol family 2
2020-01-02T00:00:01.508171Z INFO kernel: [    0.671051] tcp_listen_portaddr_hash hash table entries: 4096 (order: 5, 163840 bytes)
2020-01-02T00:00:01.508172Z INFO kernel: [    0.671083] TCP established hash table entries: 65536 (order: 7, 524288 bytes)
2020-01-02T00:00:01.508173Z INFO kernel: [    0.671186] TCP bind hash table entries: 65536 (order: 9, 2097152 bytes)
2020-01-02T00:00:01.508174Z INFO kernel: [    0.671615] TCP: Hash tables configured (established 65536 bind 65536)
2020-01-02T00:00:01.508175Z INFO kernel: [    0.671657] UDP hash table entries: 4096 (order: 6, 393216 bytes)
2020-01-02T00:00:01.508176Z INFO kernel: [    0.671731] UDP-Lite hash table entries: 4096 (order: 6, 393216 bytes)
2020-01-02T00:00:01.508177Z INFO kernel: [    0.671853] NET: Registered protocol family 1
2020-01-02T00:00:01.508179Z INFO kernel: [    0.672026] pci 0000:00:02.0: Video device with shadowed ROM at [mem 0x000c0000-0x000dffff]
2020-01-02T00:00:01.508182Z DEBUG kernel: [    0.672767] PCI: CLS 0 bytes, default 64
2020-01-02T00:00:01.508184Z INFO kernel: [    0.672834] DMAR: Host address width 39
2020-01-02T00:00:01.508185Z INFO kernel: [    0.672837] DMAR: DRHD base: 0x000000fed90000 flags: 0x0
2020-01-02T00:00:01.508186Z INFO kernel: [    0.672851] DMAR: dmar0: reg_base_addr fed90000 ver 4:0 cap 1c0000c40660462 ecap 49e2ff0505e
2020-01-02T00:00:01.508187Z INFO kernel: [    0.672854] DMAR: DRHD base: 0x000000fed92000 flags: 0x0
2020-01-02T00:00:01.508188Z INFO kernel: [    0.672861] DMAR: dmar1: reg_base_addr fed92000 ver 1:0 cap d2008c40660462 ecap f050da
2020-01-02T00:00:01.508189Z INFO kernel: [    0.672863] DMAR: DRHD base: 0x000000fed91000 flags: 0x1
2020-01-02T00:00:01.508190Z INFO kernel: [    0.672872] DMAR: dmar2: reg_base_addr fed91000 ver 1:0 cap d2008c40660462 ecap f050da
2020-01-02T00:00:01.508191Z INFO kernel: [    0.672874] DMAR: RMRR base: 0x00000091000000 end: 0x000000953fffff
2020-01-02T00:00:01.508193Z INFO kernel: [    0.672892] PCI-DMA: Using software bounce buffering for IO (SWIOTLB)
2020-01-02T00:00:01.508194Z INFO kernel: [    0.672894] software IO TLB: mapped [mem 0x71fd1000-0x75fd1000] (64MB)
2020-01-02T00:00:01.508195Z INFO kernel: [    0.673430] RAPL PMU: API unit is 2^-32 Joules, 5 fixed counters, 655360 ms ovfl timer
2020-01-02T00:00:01.508196Z INFO kernel: [    0.673432] RAPL PMU: hw unit of domain pp0-core 2^-14 Joules
2020-01-02T00:00:01.508197Z INFO kernel: [    0.673434] RAPL PMU: hw unit of domain package 2^-14 Joules
2020-01-02T00:00:01.508199Z INFO kernel: [    0.673436] RAPL PMU: hw unit of domain dram 2^-14 Joules
2020-01-02T00:00:01.508200Z INFO kernel: [    0.673437] RAPL PMU: hw unit of domain pp1-gpu 2^-14 Joules
2020-01-02T00:00:01.508201Z INFO kernel: [    0.673438] RAPL PMU: hw unit of domain psys 2^-14 Joules
2020-01-02T00:00:01.508202Z ERR kernel: [    0.673743] kvm: already loaded the other module
2020-01-02T00:00:01.508203Z INFO kernel: [    0.673748] clocksource: tsc: mask: 0xffffffffffffffff max_cycles: 0x159647815e3, max_idle_ns: 440795269835 ns
2020-01-02T00:00:01.508205Z INFO kernel: [    0.673771] clocksource: Switched to clocksource tsc
2020-01-02T00:00:01.508206Z INFO kernel: [    0.674697] Scanning for low memory corruption every 60 seconds
2020-01-02T00:00:01.508207Z NOTICE kernel: [    0.675312] Initialise system trusted keyrings
2020-01-02T00:00:01.508208Z INFO kernel: [    0.675360] workingset: timestamp_bits=61 max_order=21 bucket_order=0
2020-01-02T00:00:01.508209Z INFO kernel: [    0.677644] squashfs: version 4.0 (2009/01/31) Phillip Lougher
2020-01-02T00:00:01.508210Z INFO kernel: [    0.677799] Registering esdfs 0.2
2020-01-02T00:00:01.508211Z INFO kernel: [    0.677856] alt_syscall: table 'read_write_test' available.
2020-01-02T00:00:01.508212Z INFO kernel: [    0.677871] alt_syscall: table 'android' available.
2020-01-02T00:00:01.508214Z INFO kernel: [    0.677884] alt_syscall: table 'android_permissive' available.
2020-01-02T00:00:01.508215Z INFO kernel: [    0.677896] alt_syscall: table 'third_party' available.
2020-01-02T00:00:01.508216Z INFO kernel: [    0.677906] alt_syscall: table 'third_party_permissive' available.
2020-01-02T00:00:01.508229Z INFO kernel: [    0.677915] alt_syscall: table 'complete' available.
2020-01-02T00:00:01.508230Z INFO kernel: [    0.677924] alt_syscall: table 'complete_permissive' available.
2020-01-02T00:00:01.508238Z NOTICE kernel: [    0.679203] Key type asymmetric registered
2020-01-02T00:00:01.508239Z NOTICE kernel: [    0.679206] Asymmetric key parser 'x509' registered
2020-01-02T00:00:01.508240Z INFO kernel: [    0.679220] Block layer SCSI generic (bsg) driver version 0.4 loaded (major 248)
2020-01-02T00:00:01.508241Z INFO kernel: [    0.679222] io scheduler noop registered
2020-01-02T00:00:01.508246Z INFO kernel: [    0.679224] io scheduler deadline registered
2020-01-02T00:00:01.508248Z INFO kernel: [    0.679277] io scheduler cfq registered (default)
2020-01-02T00:00:01.508249Z INFO kernel: [    0.679279] io scheduler mq-deadline registered
2020-01-02T00:00:01.508250Z INFO kernel: [    0.679281] io scheduler kyber registered
2020-01-02T00:00:01.508251Z INFO kernel: [    0.679737] pcieport 0000:00:1d.0: Signaling PME with IRQ 120
2020-01-02T00:00:01.508252Z DEBUG kernel: [    0.679834] intel_idle: does not run on family 6 model 126
2020-01-02T00:00:01.508256Z INFO kernel: [    0.680023] input: Lid Switch as /devices/LNXSYSTM:00/LNXSYBUS:00/PNP0C0D:00/input/input0
2020-01-02T00:00:01.508258Z INFO kernel: [    0.680053] ACPI: Lid Switch [LID0]
2020-01-02T00:00:01.508259Z INFO kernel: [    0.680124] acpi-tad ACPI000E:00: Missing _PRW
2020-01-02T00:00:01.508260Z DEBUG kernel: [    0.680645] Monitor-Mwait will be used to enter C-1 state
2020-01-02T00:00:01.508261Z DEBUG kernel: [    0.680669] Monitor-Mwait will be used to enter C-2 state
2020-01-02T00:00:01.508262Z DEBUG kernel: [    0.680679] Monitor-Mwait will be used to enter C-3 state
2020-01-02T00:00:01.508264Z WARNING kernel: [    0.684918] [Firmware Bug]: No valid trip found
2020-01-02T00:00:01.508268Z WARNING kernel: [    0.684971] [Firmware Bug]: No valid trip found
2020-01-02T00:00:01.508269Z WARNING kernel: [    0.685018] [Firmware Bug]: No valid trip found
2020-01-02T00:00:01.508270Z WARNING kernel: [    0.685064] [Firmware Bug]: No valid trip found
2020-01-02T00:00:01.508272Z WARNING kernel: [    0.685110] [Firmware Bug]: No valid trip found
2020-01-02T00:00:01.508273Z WARNING kernel: [    0.685156] [Firmware Bug]: No valid trip found
2020-01-02T00:00:01.508274Z WARNING kernel: [    0.685203] [Firmware Bug]: No valid trip found
2020-01-02T00:00:01.508278Z WARNING kernel: [    0.685265] [Firmware Bug]: No valid trip found
2020-01-02T00:00:01.508280Z WARNING kernel: [    0.685313] [Firmware Bug]: No valid trip found
2020-01-02T00:00:01.508281Z INFO kernel: [    0.685467] Serial: 8250/16550 driver, 4 ports, IRQ sharing disabled
2020-01-02T00:00:01.508282Z INFO kernel: [    0.687785] Non-volatile memory driver v1.3
2020-01-02T00:00:01.508283Z INFO kernel: [    0.687891] Linux agpgart interface v0.103
2020-01-02T00:00:01.508284Z INFO kernel: [    0.701248] loop: module loaded
2020-01-02T00:00:01.508285Z INFO kernel: [    0.701283] lkdtm: No crash points registered, enable through debugfs
2020-01-02T00:00:01.508290Z INFO kernel: [    0.701376] mei_me 0000:00:16.0: enabling device (0000 -> 0002)
2020-01-02T00:00:01.508291Z INFO kernel: [    0.701883] nvme nvme0: pci function 0000:01:00.0
2020-01-02T00:00:01.508292Z DEBUG kernel: [    0.702044] mdio_bus fixed-0: GPIO lookup for consumer reset
2020-01-02T00:00:01.508294Z DEBUG kernel: [    0.702046] mdio_bus fixed-0: using lookup tables for GPIO lookup
2020-01-02T00:00:01.508295Z DEBUG kernel: [    0.702048] mdio_bus fixed-0: No GPIO consumer reset found
2020-01-02T00:00:01.508296Z INFO kernel: [    0.702055] libphy: Fixed MDIO Bus: probed
2020-01-02T00:00:01.508300Z INFO kernel: [    0.702105] ehci_hcd: USB 2.0 'Enhanced' Host Controller (EHCI) Driver
2020-01-02T00:00:01.508302Z INFO kernel: [    0.702107] ehci-pci: EHCI PCI platform driver
2020-01-02T00:00:01.508303Z INFO kernel: [    0.702126] ohci_hcd: USB 1.1 'Open' Host Controller (OHCI) Driver
2020-01-02T00:00:01.508304Z INFO kernel: [    0.702130] ohci-pci: OHCI PCI platform driver
2020-01-02T00:00:01.508305Z INFO kernel: [    0.702146] uhci_hcd: USB Universal Host Controller Interface driver
2020-01-02T00:00:01.508306Z INFO kernel: [    0.702274] xhci_hcd 0000:00:0d.0: xHCI Host Controller
2020-01-02T00:00:01.508310Z INFO kernel: [    0.702334] xhci_hcd 0000:00:0d.0: new USB bus registered, assigned bus number 1
2020-01-02T00:00:01.508312Z INFO kernel: [    0.703414] xhci_hcd 0000:00:0d.0: hcc params 0x20007fc1 hci version 0x110 quirks 0x0000000000009810
2020-01-02T00:00:01.508313Z DEBUG kernel: [    0.703419] xhci_hcd 0000:00:0d.0: cache line size of 64 is not supported
2020-01-02T00:00:01.508314Z INFO kernel: [    0.703619] usb usb1: New USB device found, idVendor=1d6b, idProduct=0002, bcdDevice= 4.19
2020-01-02T00:00:01.508315Z INFO kernel: [    0.703622] usb usb1: New USB device strings: Mfr=3, Product=2, SerialNumber=1
2020-01-02T00:00:01.508319Z INFO kernel: [    0.703625] usb usb1: Product: xHCI Host Controller
2020-01-02T00:00:01.508320Z INFO kernel: [    0.703627] usb usb1: Manufacturer: Linux 4.19.139-g63ea60542 xhci-hcd
2020-01-02T00:00:01.508324Z INFO kernel: [    0.703629] usb usb1: SerialNumber: 0000:00:0d.0
2020-01-02T00:00:01.508419Z INFO kernel: [    0.703780] hub 1-0:1.0: USB hub found
2020-01-02T00:00:01.508421Z INFO kernel: [    0.703791] hub 1-0:1.0: 1 port detected
2020-01-02T00:00:01.508422Z INFO kernel: [    0.703994] xhci_hcd 0000:00:0d.0: xHCI Host Controller
2020-01-02T00:00:01.508423Z INFO kernel: [    0.704052] xhci_hcd 0000:00:0d.0: new USB bus registered, assigned bus number 2
2020-01-02T00:00:01.508424Z INFO kernel: [    0.704057] xhci_hcd 0000:00:0d.0: Host supports USB 3.1 Enhanced SuperSpeed
2020-01-02T00:00:01.508429Z INFO kernel: [    0.704105] usb usb2: New USB device found, idVendor=1d6b, idProduct=0003, bcdDevice= 4.19
2020-01-02T00:00:01.508430Z INFO kernel: [    0.704107] usb usb2: New USB device strings: Mfr=3, Product=2, SerialNumber=1
2020-01-02T00:00:01.508431Z INFO kernel: [    0.704110] usb usb2: Product: xHCI Host Controller
2020-01-02T00:00:01.508432Z INFO kernel: [    0.704112] usb usb2: Manufacturer: Linux 4.19.139-g63ea60542 xhci-hcd
2020-01-02T00:00:01.508434Z INFO kernel: [    0.704114] usb usb2: SerialNumber: 0000:00:0d.0
2020-01-02T00:00:01.508435Z INFO kernel: [    0.704257] hub 2-0:1.0: USB hub found
2020-01-02T00:00:01.508436Z INFO kernel: [    0.704269] hub 2-0:1.0: 4 ports detected
2020-01-02T00:00:01.508440Z INFO kernel: [    0.705085] xhci_hcd 0000:00:14.0: xHCI Host Controller
2020-01-02T00:00:01.508441Z INFO kernel: [    0.705156] xhci_hcd 0000:00:14.0: new USB bus registered, assigned bus number 3
2020-01-02T00:00:01.508442Z INFO kernel: [    0.706279] xhci_hcd 0000:00:14.0: hcc params 0x20007fc1 hci version 0x110 quirks 0x0000000000009810
2020-01-02T00:00:01.508444Z DEBUG kernel: [    0.706287] xhci_hcd 0000:00:14.0: cache line size of 64 is not supported
2020-01-02T00:00:01.508445Z INFO kernel: [    0.706577] usb usb3: New USB device found, idVendor=1d6b, idProduct=0002, bcdDevice= 4.19
2020-01-02T00:00:01.508446Z INFO kernel: [    0.706579] usb usb3: New USB device strings: Mfr=3, Product=2, SerialNumber=1
2020-01-02T00:00:01.508464Z INFO kernel: [    0.706581] usb usb3: Product: xHCI Host Controller
2020-01-02T00:00:01.508465Z INFO kernel: [    0.706584] usb usb3: Manufacturer: Linux 4.19.139-g63ea60542 xhci-hcd
2020-01-02T00:00:01.508466Z INFO kernel: [    0.706586] usb usb3: SerialNumber: 0000:00:14.0
2020-01-02T00:00:01.508467Z INFO kernel: [    0.706724] hub 3-0:1.0: USB hub found
2020-01-02T00:00:01.508468Z INFO kernel: [    0.706749] hub 3-0:1.0: 12 ports detected
2020-01-02T00:00:01.508469Z INFO kernel: [    0.708382] xhci_hcd 0000:00:14.0: xHCI Host Controller
2020-01-02T00:00:01.508474Z INFO kernel: [    0.708424] xhci_hcd 0000:00:14.0: new USB bus registered, assigned bus number 4
2020-01-02T00:00:01.508475Z INFO kernel: [    0.708429] xhci_hcd 0000:00:14.0: Host supports USB 3.1 Enhanced SuperSpeed
2020-01-02T00:00:01.508476Z INFO kernel: [    0.708484] usb usb4: New USB device found, idVendor=1d6b, idProduct=0003, bcdDevice= 4.19
2020-01-02T00:00:01.508478Z INFO kernel: [    0.708486] usb usb4: New USB device strings: Mfr=3, Product=2, SerialNumber=1
2020-01-02T00:00:01.508479Z INFO kernel: [    0.708488] usb usb4: Product: xHCI Host Controller
2020-01-02T00:00:01.508480Z INFO kernel: [    0.708491] usb usb4: Manufacturer: Linux 4.19.139-g63ea60542 xhci-hcd
2020-01-02T00:00:01.508481Z INFO kernel: [    0.708493] usb usb4: SerialNumber: 0000:00:14.0
2020-01-02T00:00:01.508485Z INFO kernel: [    0.708612] hub 4-0:1.0: USB hub found
2020-01-02T00:00:01.508486Z INFO kernel: [    0.708630] hub 4-0:1.0: 6 ports detected
2020-01-02T00:00:01.508487Z INFO kernel: [    0.709433] usbcore: registered new interface driver cdc_wdm
2020-01-02T00:00:01.508488Z INFO kernel: [    0.709530] usbcore: registered new interface driver uas
2020-01-02T00:00:01.508489Z INFO kernel: [    0.709560] usbcore: registered new interface driver usb-storage
2020-01-02T00:00:01.508491Z INFO kernel: [    0.709572] usbcore: registered new interface driver ums-realtek
2020-01-02T00:00:01.508495Z INFO kernel: [    0.709597] usbcore: registered new interface driver usbserial_generic
2020-01-02T00:00:01.508497Z INFO kernel: [    0.709603] usbserial: USB Serial support registered for generic
2020-01-02T00:00:01.508498Z INFO kernel: [    0.709612] usbcore: registered new interface driver pl2303
2020-01-02T00:00:01.508499Z INFO kernel: [    0.709618] usbserial: USB Serial support registered for pl2303
2020-01-02T00:00:01.508500Z INFO kernel: [    0.709631] usbcore: registered new interface driver usb_serial_simple
2020-01-02T00:00:01.508503Z INFO kernel: [    0.709636] usbserial: USB Serial support registered for carelink
2020-01-02T00:00:01.508504Z INFO kernel: [    0.709642] usbserial: USB Serial support registered for zio
2020-01-02T00:00:01.508511Z INFO kernel: [    0.709649] usbserial: USB Serial support registered for funsoft
2020-01-02T00:00:01.508512Z INFO kernel: [    0.709654] usbserial: USB Serial support registered for flashloader
2020-01-02T00:00:01.508513Z INFO kernel: [    0.709660] usbserial: USB Serial support registered for google
2020-01-02T00:00:01.508514Z INFO kernel: [    0.709665] usbserial: USB Serial support registered for libtransistor
2020-01-02T00:00:01.508515Z INFO kernel: [    0.709671] usbserial: USB Serial support registered for vivopay
2020-01-02T00:00:01.508516Z INFO kernel: [    0.709676] usbserial: USB Serial support registered for moto_modem
2020-01-02T00:00:01.508521Z INFO kernel: [    0.709682] usbserial: USB Serial support registered for motorola_tetra
2020-01-02T00:00:01.508522Z INFO kernel: [    0.709687] usbserial: USB Serial support registered for novatel_gps
2020-01-02T00:00:01.508523Z INFO kernel: [    0.709693] usbserial: USB Serial support registered for hp4x
2020-01-02T00:00:01.508524Z INFO kernel: [    0.709698] usbserial: USB Serial support registered for suunto
2020-01-02T00:00:01.508525Z INFO kernel: [    0.709704] usbserial: USB Serial support registered for siemens_mpi
2020-01-02T00:00:01.508526Z INFO kernel: [    0.709744] i8042: PNP: No PS/2 controller found.
2020-01-02T00:00:01.508531Z INFO kernel: [    0.709887] rtc_cmos 00:01: RTC can wake from S4
2020-01-02T00:00:01.508532Z INFO kernel: [    0.710643] rtc_cmos 00:01: registered as rtc0
2020-01-02T00:00:01.508533Z INFO kernel: [    0.710665] rtc_cmos 00:01: alarms up to one month, y3k, 242 bytes nvram
2020-01-02T00:00:01.508534Z INFO kernel: [    0.710700] i2c /dev entries driver
2020-01-02T00:00:01.508535Z INFO kernel: [    0.710813] gspca_main: v2.14.0 registered
2020-01-02T00:00:01.508537Z INFO kernel: [    0.710958] device-mapper: ioctl: 4.39.0-ioctl (2018-04-03) initialised: dm-devel@redhat.com
2020-01-02T00:00:01.508538Z INFO kernel: [    0.711035] device-mapper: verity-chromeos: dm-verity-chromeos registered
2020-01-02T00:00:01.508543Z INFO kernel: [    0.711040] intel_pstate: Intel P-state driver initializing
2020-01-02T00:00:01.508545Z INFO kernel: [    0.711506] intel_pstate: HWP enabled
2020-01-02T00:00:01.508546Z INFO kernel: [    0.711523] sdhci: Secure Digital Host Controller Interface driver
2020-01-02T00:00:01.508547Z INFO kernel: [    0.711524] sdhci: Copyright(c) Pierre Ossman
2020-01-02T00:00:01.508548Z INFO kernel: [    0.711558] EFI Variables Facility v0.08 2004-May-17
2020-01-02T00:00:01.508549Z INFO kernel: [    0.720958] pstore: Registered efi as persistent store backend
2020-01-02T00:00:01.508554Z INFO kernel: [    0.720963] hidraw: raw HID events driver (C) Jiri Kosina
2020-01-02T00:00:01.508555Z INFO kernel: [    0.720994] usbcore: registered new interface driver usbhid
2020-01-02T00:00:01.508556Z INFO kernel: [    0.720994] usbhid: USB HID core driver
2020-01-02T00:00:01.508557Z INFO kernel: [    0.721027] ashmem: initialized
2020-01-02T00:00:01.508558Z INFO kernel: [    0.721034] intel_telemetry_core Init
2020-01-02T00:00:01.508559Z INFO kernel: [    0.721070] intel_pmc_core INT33A1:00:  initialized
2020-01-02T00:00:01.508560Z ERR kernel: [    0.721140] intel_rapl: driver does not support CPU family 6 model 126
2020-01-02T00:00:01.508564Z INFO kernel: [    0.721287] GACT probability NOT on
2020-01-02T00:00:01.508566Z INFO kernel: [    0.721575] Initializing XFRM netlink socket
2020-01-02T00:00:01.508567Z INFO kernel: [    0.721636] NET: Registered protocol family 10
2020-01-02T00:00:01.508568Z INFO kernel: [    0.721789] Segment Routing with IPv6
2020-01-02T00:00:01.508569Z INFO kernel: [    0.721822] NET: Registered protocol family 17
2020-01-02T00:00:01.508570Z INFO kernel: [    0.722337] mce: Using 11 MCE banks
2020-01-02T00:00:01.508575Z INFO kernel: [    0.722363] microcode: sig=0x706e5, pf=0x80, revision=0x38
2020-01-02T00:00:01.508576Z INFO kernel: [    0.722406] microcode: Microcode Update Driver: v2.2.
2020-01-02T00:00:01.508577Z INFO kernel: [    0.722411] AVX2 version of gcm_enc/dec engaged.
2020-01-02T00:00:01.508578Z INFO kernel: [    0.722412] AES CTR mode by8 optimization enabled
2020-01-02T00:00:01.508579Z INFO kernel: [    0.722636] sched_clock: Marking stable (718776243, 3857499)->(740742366, -18108624)
2020-01-02T00:00:01.508580Z INFO kernel: [    0.722692] registered taskstats version 1
2020-01-02T00:00:01.508584Z NOTICE kernel: [    0.722693] Loading compiled-in X.509 certificates
2020-01-02T00:00:01.508586Z INFO kernel: [    0.722729] pstore: Using compression: deflate
2020-01-02T00:00:01.508587Z NOTICE kernel: [    0.722844] Key type encrypted registered
2020-01-02T00:00:01.508588Z INFO kernel: [    0.723226]   Magic number: 7:376:173
2020-01-02T00:00:01.508589Z INFO kernel: [    0.723269] acpi device:36: hash matches
2020-01-02T00:00:01.508590Z NOTICE kernel: [    0.723314] cfg80211: Loading compiled-in X.509 certificates for regulatory database
2020-01-02T00:00:01.508591Z NOTICE kernel: [    0.723532] cfg80211: Loaded X.509 cert 'sforshee: 00b28ddf47aef9cea7'
2020-01-02T00:00:01.508597Z INFO kernel: [    0.723536] ALSA device list:
2020-01-02T00:00:01.508599Z WARNING kernel: [    0.723549] platform regulatory.0: Direct firmware load for regulatory.db failed with error -2
2020-01-02T00:00:01.508600Z INFO kernel: [    0.723550] cfg80211: failed to load regulatory.db
2020-01-02T00:00:01.508601Z INFO kernel: [    0.723555]   No soundcards found.
2020-01-02T00:00:01.508602Z ERR kernel: [    0.723561] Warning: unable to open an initial console.
2020-01-02T00:00:01.508603Z WARNING kernel: [    0.915029] nvme nvme0: missing or invalid SUBNQN field.
2020-01-02T00:00:01.508607Z INFO kernel: [    0.921234]  nvme0n1: p1 p2 p3 p4
2020-01-02T00:00:01.508608Z INFO kernel: [    0.922163] Waiting for root device PARTUUID=536A717E-24FC-6347-B9FA-28D55F5C09C1...
2020-01-02T00:00:01.508611Z INFO kernel: [    1.028381] usb 3-2: new full-speed USB device number 2 using xhci_hcd
2020-01-02T00:00:01.508612Z INFO kernel: [    1.156198] usb 3-2: New USB device found, idVendor=1a86, idProduct=7523, bcdDevice= 2.54
2020-01-02T00:00:01.508613Z INFO kernel: [    1.156205] usb 3-2: New USB device strings: Mfr=0, Product=2, SerialNumber=0
2020-01-02T00:00:01.508614Z INFO kernel: [    1.156209] usb 3-2: Product: USB2.0-Serial
2020-01-02T00:00:01.508615Z INFO kernel: [    1.272407] usb 3-4: new high-speed USB device number 3 using xhci_hcd
2020-01-02T00:00:01.508620Z INFO kernel: [    1.405542] usb 3-4: New USB device found, idVendor=2109, idProduct=0715, bcdDevice= 0.00
2020-01-02T00:00:01.508621Z INFO kernel: [    1.405549] usb 3-4: New USB device strings: Mfr=1, Product=2, SerialNumber=3
2020-01-02T00:00:01.508622Z INFO kernel: [    1.405552] usb 3-4: Product: PSSD
2020-01-02T00:00:01.508624Z INFO kernel: [    1.405555] usb 3-4: Manufacturer: Jiazhuo
2020-01-02T00:00:01.508625Z INFO kernel: [    1.405558] usb 3-4: SerialNumber: ABCDEFA75370
2020-01-02T00:00:01.508626Z INFO kernel: [    1.410795] scsi host0: uas
2020-01-02T00:00:01.508630Z NOTICE kernel: [    1.412768] scsi 0:0:0:0: Direct-Access     Jiazhuo  PSSD             2210 PQ: 0 ANSI: 6
2020-01-02T00:00:01.508631Z NOTICE kernel: [    1.416281] sd 0:0:0:0: [sda] 250069680 512-byte logical blocks: (128 GB/119 GiB)
2020-01-02T00:00:01.508633Z NOTICE kernel: [    1.416673] sd 0:0:0:0: [sda] Write Protect is off
2020-01-02T00:00:01.508635Z DEBUG kernel: [    1.416679] sd 0:0:0:0: [sda] Mode Sense: 2f 00 00 00
2020-01-02T00:00:01.508636Z NOTICE kernel: [    1.417323] sd 0:0:0:0: [sda] Write cache: enabled, read cache: enabled, doesn't support DPO or FUA
2020-01-02T00:00:01.508637Z INFO kernel: [    1.418240] sd 0:0:0:0: [sda] Optimal transfer size 33553920 bytes
2020-01-02T00:00:01.508641Z INFO kernel: [    1.428097]  sda: sda1 sda2 sda3 sda4 sda5 sda6 sda7 sda8 sda9 sda10 sda11 sda12
2020-01-02T00:00:01.508643Z NOTICE kernel: [    1.432340] sd 0:0:0:0: [sda] Attached SCSI disk
2020-01-02T00:00:01.508723Z INFO kernel: [    1.433569] EXT4-fs (sda3): mounting ext2 file system using the ext4 subsystem
2020-01-02T00:00:01.508725Z INFO kernel: [    1.439496] EXT4-fs (sda3): mounted filesystem without journal. Opts: (null)
2020-01-02T00:00:01.508726Z INFO kernel: [    1.439502] VFS: Mounted root (ext2 filesystem) readonly on device 8:3.
2020-01-02T00:00:01.508727Z INFO kernel: [    1.445321] devtmpfs: mounted
2020-01-02T00:00:01.508728Z INFO kernel: [    1.524325] usb 3-8: new full-speed USB device number 4 using xhci_hcd
2020-01-02T00:00:01.508733Z INFO kernel: [    1.653121] usb 3-8: New USB device found, idVendor=045e, idProduct=07e2, bcdDevice= 3.07
2020-01-02T00:00:01.508734Z INFO kernel: [    1.653123] usb 3-8: New USB device strings: Mfr=1, Product=2, SerialNumber=0
2020-01-02T00:00:01.508735Z INFO kernel: [    1.653124] usb 3-8: Product: Surface Type Cover
2020-01-02T00:00:01.508736Z INFO kernel: [    1.653125] usb 3-8: Manufacturer: Microsoft
2020-01-02T00:00:01.508737Z INFO kernel: [    1.659298] input: Microsoft Surface Type Cover Keyboard as /devices/pci0000:00/0000:00:14.0/usb3/3-8/3-8:1.0/0003:045E:07E2.0001/input/input1
2020-01-02T00:00:01.508739Z INFO kernel: [    1.711610] input: Microsoft Surface Type Cover Mouse as /devices/pci0000:00/0000:00:14.0/usb3/3-8/3-8:1.0/0003:045E:07E2.0001/input/input2
2020-01-02T00:00:01.508744Z INFO kernel: [    1.711847] input: Microsoft Surface Type Cover Consumer Control as /devices/pci0000:00/0000:00:14.0/usb3/3-8/3-8:1.0/0003:045E:07E2.0001/input/input3
2020-01-02T00:00:01.508746Z INFO kernel: [    1.712055] input: Microsoft Surface Type Cover Touchpad as /devices/pci0000:00/0000:00:14.0/usb3/3-8/3-8:1.0/0003:045E:07E2.0001/input/input5
2020-01-02T00:00:01.508747Z INFO kernel: [    1.712451] hid-multitouch 0003:045E:07E2.0001: input,hiddev0,hidraw0: USB HID v1.11 Keyboard [Microsoft Surface Type Cover] on usb-0000:00:14.0-8/input0
2020-01-02T00:00:01.508749Z INFO kernel: [    1.779466] Freeing unused kernel image memory: 1664K
2020-01-02T00:00:01.508750Z INFO kernel: [    1.779468] Write protecting the kernel read-only data: 18432k
2020-01-02T00:00:01.508751Z INFO kernel: [    1.781249] Freeing unused kernel image memory: 2000K
2020-01-02T00:00:01.508757Z INFO kernel: [    1.781464] Freeing unused kernel image memory: 892K
2020-01-02T00:00:01.508759Z INFO kernel: [    1.781466] Run /sbin/init as init process
2020-01-02T00:00:01.508760Z INFO kernel: [    1.826257] usb 3-10: new full-speed USB device number 5 using xhci_hcd
2020-01-02T00:00:01.508761Z INFO kernel: [    1.953946] usb 3-10: New USB device found, idVendor=8087, idProduct=0026, bcdDevice= 0.02
2020-01-02T00:00:01.508762Z INFO kernel: [    1.953954] usb 3-10: New USB device strings: Mfr=0, Product=0, SerialNumber=0
2020-01-02T00:00:01.508763Z INFO kernel: [    2.017403] SELinux:  policy capability network_peer_controls=1
2020-01-02T00:00:01.508767Z INFO kernel: [    2.017408] SELinux:  policy capability open_perms=1
2020-01-02T00:00:01.508768Z INFO kernel: [    2.017411] SELinux:  policy capability extended_socket_class=1
2020-01-02T00:00:01.508770Z INFO kernel: [    2.017412] SELinux:  policy capability always_check_network=0
2020-01-02T00:00:01.508771Z INFO kernel: [    2.017414] SELinux:  policy capability cgroup_seclabel=0
2020-01-02T00:00:01.508772Z INFO kernel: [    2.017416] SELinux:  policy capability nnp_nosuid_transition=1
2020-01-02T00:00:01.508773Z NOTICE kernel: [    2.056681] audit: type=1403 audit(1570615897.797:2): auid=4294967295 ses=4294967295 lsm=selinux res=1
2020-01-02T00:00:01.508777Z NOTICE kernel: [    2.342551] audit: type=1400 audit(1570615898.083:3): avc:  granted  { execute } for  pid=171 comm="sh" name="crash_reporter" dev="sda3" ino=26136 scontext=u:r:cros_init_scripts:s0 tcontext=u:object_r:cros_crash_reporter_exec:s0 tclass=file
2020-01-02T00:00:01.508780Z INFO kernel: [    2.904870] udevd[180]: starting version 225
2020-01-02T00:00:01.508781Z WARNING kernel: [    2.923489] fyde_vdtb: loading out-of-tree module taints kernel.
2020-01-02T00:00:01.508782Z INFO kernel: [    2.924231] input: fyde-vdtb as /devices/virtual/misc/vdtb/input10
2020-01-02T00:00:01.508783Z INFO kernel: [    2.924353] misc vdtb: Inited vdtb device
2020-01-02T00:00:01.508788Z INFO kernel: [    3.064490] NMI watchdog: Enabled. Permanently consumes one hw-PMU counter.
2020-01-02T00:00:01.508789Z WARNING kernel: [    3.206124] SafeSetID: insecure policy detected: uid 213 is constrained but transitively unconstrained through uid 307
2020-01-02T00:00:01.508790Z WARNING kernel: [    3.206129] SafeSetID: insecure policy detected: uid 213 is constrained but transitively unconstrained through uid 300
2020-01-02T00:00:01.508792Z WARNING kernel: [    3.206131] SafeSetID: insecure policy detected: uid 213 is constrained but transitively unconstrained through uid 305
2020-01-02T00:00:01.508793Z WARNING kernel: [    3.206133] SafeSetID: insecure policy detected: uid 213 is constrained but transitively unconstrained through uid 309
2020-01-02T00:00:01.508794Z WARNING kernel: [    3.206135] SafeSetID: insecure policy detected: uid 213 is constrained but transitively unconstrained through uid 308
2020-01-02T00:00:01.508798Z WARNING kernel: [    3.206137] SafeSetID: insecure policy detected: uid 213 is constrained but transitively unconstrained through uid 302
2020-01-02T00:00:01.508800Z WARNING kernel: [    3.206139] SafeSetID: insecure policy detected: uid 213 is constrained but transitively unconstrained through uid 1000
2020-01-02T00:00:01.508801Z INFO kernel: [    3.287491] mousedev: PS/2 mouse device common for all mice
2020-01-02T00:00:01.508815Z INFO kernel: [    3.349572] EXT4-fs (sda1): recovery complete
2020-01-02T00:00:01.508817Z INFO kernel: [    3.350500] EXT4-fs (sda1): mounted filesystem with ordered data mode. Opts: commit=600
2020-01-02T00:00:01.508824Z INFO kernel: [    3.359095] EXT4-fs (sda8): mounted filesystem with ordered data mode. Opts: (null)
2020-01-02T00:00:01.508826Z NOTICE kernel: [    3.476779] Setting dangerous option enable_guc - tainting kernel
2020-01-02T00:00:01.508829Z NOTICE kernel: [    3.476787] Setting dangerous option enable_psr - tainting kernel
2020-01-02T00:00:01.508831Z WARNING kernel: [    3.477517] [drm] GuC: No firmware known for this platform!
2020-01-02T00:00:01.508833Z WARNING kernel: [    3.477521] [drm] HuC: No firmware known for this platform!
2020-01-02T00:00:01.508835Z WARNING kernel: [    3.477523] [drm] Incompatible option detected: enable_guc=3, no GuC firmware!
2020-01-02T00:00:01.508836Z WARNING kernel: [    3.477525] [drm] Incompatible option detected: enable_guc=3, no HuC firmware!
2020-01-02T00:00:01.508844Z INFO kernel: [    3.480207] [drm] Supports vblank timestamp caching Rev 2 (21.10.2013).
2020-01-02T00:00:01.508845Z INFO kernel: [    3.480214] [drm] Driver supports precise vblank timestamp query.
2020-01-02T00:00:01.508846Z WARNING kernel: [    3.481006] ------------[ cut here ]------------
2020-01-02T00:00:01.508847Z WARNING kernel: [    3.481008] Missing case (cdclk == 172800)
2020-01-02T00:00:01.508848Z WARNING kernel: [    3.481090] WARNING: CPU: 2 PID: 327 at /build/surface-pro7/tmp/portage/sys-kernel/surface-kernel-4_19-4.19.139-r1/work/surface-kernel-4_19-4.19.139/drivers/gpu/drm/i915/intel_cdclk.c:1901 icl_calc_voltage_level+0x61/0x6b [i915]
2020-01-02T00:00:01.508850Z WARNING kernel: [    3.481092] Modules linked in: i915(+) joydev mousedev fyde_vdtb(O)
2020-01-02T00:00:01.508854Z WARNING kernel: [    3.481099] CPU: 2 PID: 327 Comm: udevd Tainted: G     U  W  O      4.19.139-g63ea60542 #4
2020-01-02T00:00:01.508855Z WARNING kernel: [    3.481100] Hardware name: Microsoft Corporation Surface Pro 7/Surface Pro 7, BIOS 7.159.140 10/08/2019
2020-01-02T00:00:01.508856Z WARNING kernel: [    3.481151] RIP: 0010:icl_calc_voltage_level+0x61/0x6b [i915]
2020-01-02T00:00:01.508858Z WARNING kernel: [    3.481154] Code: 00 f6 09 00 74 26 81 ff 00 7f 08 00 75 04 b0 01 eb 20 48 63 d7 48 c7 c6 aa 23 14 c0 48 c7 c7 b0 23 14 c0 31 c0 e8 73 22 c4 d8 <0f> 0b b0 02 eb 02 31 c0 5d c3 0f 1f 44 00 00 55 ba 01 00 00 00 48
2020-01-02T00:00:01.508859Z WARNING kernel: [    3.481156] RSP: 0018:ffffb867005a3a58 EFLAGS: 00010282
2020-01-02T00:00:01.508860Z WARNING kernel: [    3.481158] RAX: 0000000000000000 RBX: ffff9c869cb06204 RCX: 0000000000000000
2020-01-02T00:00:01.508864Z WARNING kernel: [    3.481159] RDX: 0000000000000001 RSI: 0000000000000002 RDI: ffffffff99e64400
2020-01-02T00:00:01.508866Z WARNING kernel: [    3.481161] RBP: ffffb867005a3a58 R08: 0000000000000002 R09: 0000000000000000
2020-01-02T00:00:01.508867Z WARNING kernel: [    3.481162] R10: ffff9c869cb00a08 R11: 0000000000000400 R12: ffff9c869cb00000
2020-01-02T00:00:01.508868Z WARNING kernel: [    3.481163] R13: 0000000000000000 R14: 000000000006c014 R15: 000000000006c100
2020-01-02T00:00:01.508869Z WARNING kernel: [    3.481165] FS:  000079977578a040(0000) GS:ffff9c86a2a80000(0000) knlGS:0000000000000000
2020-01-02T00:00:01.508870Z WARNING kernel: [    3.481167] CS:  0010 DS: 0000 ES: 0000 CR0: 0000000080050033
2020-01-02T00:00:01.508875Z WARNING kernel: [    3.481168] CR2: 0000559c419f9a90 CR3: 000000025d5a6004 CR4: 0000000000760ee0
2020-01-02T00:00:01.508876Z WARNING kernel: [    3.481170] PKRU: 55555554
2020-01-02T00:00:01.508877Z WARNING kernel: [    3.481171] Call Trace:
2020-01-02T00:00:01.508879Z WARNING kernel: [    3.481218]  icl_get_cdclk+0xfe/0x106 [i915]
2020-01-02T00:00:01.508880Z WARNING kernel: [    3.481261]  intel_update_cdclk+0x20/0x5d [i915]
2020-01-02T00:00:01.508881Z WARNING kernel: [    3.481300]  icl_init_cdclk+0x27/0xef [i915]
2020-01-02T00:00:01.508882Z WARNING kernel: [    3.481354]  intel_power_domains_init_hw+0x181/0x7ab [i915]
2020-01-02T00:00:01.508894Z WARNING kernel: [    3.481403]  i915_driver_load+0xe12/0x107f [i915]
2020-01-02T00:00:01.508895Z WARNING kernel: [    3.481410]  pci_device_probe+0xd3/0x148
2020-01-02T00:00:01.508896Z WARNING kernel: [    3.481415]  really_probe+0x158/0x2a9
2020-01-02T00:00:01.508897Z WARNING kernel: [    3.481419]  driver_probe_device+0xa4/0xd8
2020-01-02T00:00:01.508898Z WARNING kernel: [    3.481422]  __driver_attach+0x92/0xc4
2020-01-02T00:00:01.508899Z WARNING kernel: [    3.481425]  ? driver_probe_device+0xd8/0xd8
2020-01-02T00:00:01.508904Z WARNING kernel: [    3.481428]  bus_for_each_dev+0x7b/0xaf
2020-01-02T00:00:01.508905Z WARNING kernel: [    3.481431]  bus_add_driver+0xf1/0x1e0
2020-01-02T00:00:01.508906Z WARNING kernel: [    3.481434]  ? 0xffffffffc01b8000
2020-01-02T00:00:01.508907Z WARNING kernel: [    3.481436]  driver_register+0xab/0xe7
2020-01-02T00:00:01.508908Z WARNING kernel: [    3.481439]  do_one_initcall+0xaa/0x1bc
2020-01-02T00:00:01.508909Z WARNING kernel: [    3.481443]  ? slab_pre_alloc_hook+0x39/0x49
2020-01-02T00:00:01.508913Z WARNING kernel: [    3.481446]  ? kmem_cache_alloc_trace+0xc3/0xd2
2020-01-02T00:00:01.508915Z WARNING kernel: [    3.481449]  do_init_module+0x5f/0x208
2020-01-02T00:00:01.508916Z WARNING kernel: [    3.481452]  load_module+0x1c37/0x1ede
2020-01-02T00:00:01.508917Z WARNING kernel: [    3.481456]  ? kernel_read_file+0x108/0x174
2020-01-02T00:00:01.508918Z WARNING kernel: [    3.481459]  ? __do_sys_finit_module+0xae/0xd6
2020-01-02T00:00:01.508919Z WARNING kernel: [    3.481461]  __do_sys_finit_module+0xae/0xd6
2020-01-02T00:00:01.508920Z WARNING kernel: [    3.481464]  do_syscall_64+0x54/0x64
2020-01-02T00:00:01.508925Z WARNING kernel: [    3.481468]  entry_SYSCALL_64_after_hwframe+0x44/0xa9
2020-01-02T00:00:01.508926Z WARNING kernel: [    3.481471] RIP: 0033:0x799774ef7e59
2020-01-02T00:00:01.508927Z WARNING kernel: [    3.481473] Code: 00 f3 c3 66 2e 0f 1f 84 00 00 00 00 00 0f 1f 40 00 48 89 f8 48 89 f7 48 89 d6 48 89 ca 4d 89 c2 4d 89 c8 4c 8b 4c 24 08 0f 05 <48> 3d 01 f0 ff ff 73 01 c3 48 8b 0d df 9f 2b 00 f7 d8 64 89 01 48
2020-01-02T00:00:01.509017Z WARNING kernel: [    3.481475] RSP: 002b:00007ffe731534a8 EFLAGS: 00000246 ORIG_RAX: 0000000000000139
2020-01-02T00:00:01.509018Z WARNING kernel: [    3.481477] RAX: ffffffffffffffda RBX: 0000559c41a27c00 RCX: 0000799774ef7e59
2020-01-02T00:00:01.509019Z WARNING kernel: [    3.481479] RDX: 0000000000000000 RSI: 0000559c41a129e0 RDI: 0000000000000007
2020-01-02T00:00:01.509028Z WARNING kernel: [    3.481480] RBP: 00007ffe731534f0 R08: 0000000000000000 R09: 0000559c419f9100
2020-01-02T00:00:01.509029Z WARNING kernel: [    3.481482] R10: 0000000000000007 R11: 0000000000000246 R12: 0000000000000000
2020-01-02T00:00:01.509030Z WARNING kernel: [    3.481483] R13: 0000559c41a197f0 R14: 0000000000000000 R15: 0000559c41a129e0
2020-01-02T00:00:01.509031Z WARNING kernel: [    3.481485] ---[ end trace a98a1a2ef49c6635 ]---
2020-01-02T00:00:01.509033Z WARNING kernel: [    3.481515] ------------[ cut here ]------------
2020-01-02T00:00:01.509034Z WARNING kernel: [    3.481517] Missing case (cdclk == 172800)
2020-01-02T00:00:01.509041Z WARNING kernel: [    3.481567] WARNING: CPU: 2 PID: 327 at /build/surface-pro7/tmp/portage/sys-kernel/surface-kernel-4_19-4.19.139-r1/work/surface-kernel-4_19-4.19.139/drivers/gpu/drm/i915/intel_cdclk.c:1901 icl_calc_voltage_level+0x61/0x6b [i915]
2020-01-02T00:00:01.509042Z WARNING kernel: [    3.481568] Modules linked in: i915(+) joydev mousedev fyde_vdtb(O)
2020-01-02T00:00:01.509043Z WARNING kernel: [    3.481572] CPU: 2 PID: 327 Comm: udevd Tainted: G     U  W  O      4.19.139-g63ea60542 #4
2020-01-02T00:00:01.509044Z WARNING kernel: [    3.481573] Hardware name: Microsoft Corporation Surface Pro 7/Surface Pro 7, BIOS 7.159.140 10/08/2019
2020-01-02T00:00:01.509046Z WARNING kernel: [    3.481607] RIP: 0010:icl_calc_voltage_level+0x61/0x6b [i915]
2020-01-02T00:00:01.509047Z WARNING kernel: [    3.481609] Code: 00 f6 09 00 74 26 81 ff 00 7f 08 00 75 04 b0 01 eb 20 48 63 d7 48 c7 c6 aa 23 14 c0 48 c7 c7 b0 23 14 c0 31 c0 e8 73 22 c4 d8 <0f> 0b b0 02 eb 02 31 c0 5d c3 0f 1f 44 00 00 55 ba 01 00 00 00 48
2020-01-02T00:00:01.509051Z WARNING kernel: [    3.481610] RSP: 0018:ffffb867005a3a00 EFLAGS: 00010292
2020-01-02T00:00:01.509052Z WARNING kernel: [    3.481612] RAX: 0000000000000000 RBX: ffffb867005a3a34 RCX: 0000000000000000
2020-01-02T00:00:01.509053Z WARNING kernel: [    3.481613] RDX: 0000000000000001 RSI: 0000000000000002 RDI: ffffffff99e64400
2020-01-02T00:00:01.509054Z WARNING kernel: [    3.481614] RBP: ffffb867005a3a00 R08: 0000000000000002 R09: 0000000000000000
2020-01-02T00:00:01.509056Z WARNING kernel: [    3.481616] R10: ffff9c869cb00a08 R11: 0000000000000000 R12: ffff9c869cb00000
2020-01-02T00:00:01.509057Z WARNING kernel: [    3.481617] R13: 000000000000002c R14: 0000100000000000 R15: 000000000006c100
2020-01-02T00:00:01.509061Z WARNING kernel: [    3.481619] FS:  000079977578a040(0000) GS:ffff9c86a2a80000(0000) knlGS:0000000000000000
2020-01-02T00:00:01.509063Z WARNING kernel: [    3.481621] CS:  0010 DS: 0000 ES: 0000 CR0: 0000000080050033
2020-01-02T00:00:01.509064Z WARNING kernel: [    3.481622] CR2: 0000559c419f9a90 CR3: 000000025d5a6004 CR4: 0000000000760ee0
2020-01-02T00:00:01.509065Z WARNING kernel: [    3.481623] PKRU: 55555554
2020-01-02T00:00:01.509066Z WARNING kernel: [    3.481624] Call Trace:
2020-01-02T00:00:01.509067Z WARNING kernel: [    3.481657]  icl_get_cdclk+0xfe/0x106 [i915]
2020-01-02T00:00:01.509071Z WARNING kernel: [    3.481709]  gen9_dc_off_power_well_enable+0x48/0x147 [i915]
2020-01-02T00:00:01.509073Z WARNING kernel: [    3.481746]  intel_power_well_enable+0x41/0x4a [i915]
2020-01-02T00:00:01.509074Z WARNING kernel: [    3.481783]  __intel_display_power_get_domain+0x66/0x7d [i915]
2020-01-02T00:00:01.509075Z WARNING kernel: [    3.481819]  intel_display_power_get+0x32/0x3f [i915]
2020-01-02T00:00:01.509076Z WARNING kernel: [    3.481869]  ? gen11_fwtable_read8+0xc3/0xc3 [i915]
2020-01-02T00:00:01.509079Z WARNING kernel: [    3.481907]  intel_power_domains_init_hw+0x713/0x7ab [i915]
2020-01-02T00:00:01.509080Z WARNING kernel: [    3.481949]  i915_driver_load+0xe12/0x107f [i915]
2020-01-02T00:00:01.509085Z WARNING kernel: [    3.481953]  pci_device_probe+0xd3/0x148
2020-01-02T00:00:01.509086Z WARNING kernel: [    3.481957]  really_probe+0x158/0x2a9
2020-01-02T00:00:01.509087Z WARNING kernel: [    3.481960]  driver_probe_device+0xa4/0xd8
2020-01-02T00:00:01.509088Z WARNING kernel: [    3.481963]  __driver_attach+0x92/0xc4
2020-01-02T00:00:01.509089Z WARNING kernel: [    3.481965]  ? driver_probe_device+0xd8/0xd8
2020-01-02T00:00:01.509090Z WARNING kernel: [    3.481968]  bus_for_each_dev+0x7b/0xaf
2020-01-02T00:00:01.509095Z WARNING kernel: [    3.481971]  bus_add_driver+0xf1/0x1e0
2020-01-02T00:00:01.509096Z WARNING kernel: [    3.481973]  ? 0xffffffffc01b8000
2020-01-02T00:00:01.509097Z WARNING kernel: [    3.481975]  driver_register+0xab/0xe7
2020-01-02T00:00:01.509098Z WARNING kernel: [    3.481977]  do_one_initcall+0xaa/0x1bc
2020-01-02T00:00:01.509099Z WARNING kernel: [    3.481979]  ? slab_pre_alloc_hook+0x39/0x49
2020-01-02T00:00:01.509100Z WARNING kernel: [    3.481982]  ? kmem_cache_alloc_trace+0xc3/0xd2
2020-01-02T00:00:01.509101Z WARNING kernel: [    3.481984]  do_init_module+0x5f/0x208
2020-01-02T00:00:01.509106Z WARNING kernel: [    3.481986]  load_module+0x1c37/0x1ede
2020-01-02T00:00:01.509107Z WARNING kernel: [    3.481989]  ? kernel_read_file+0x108/0x174
2020-01-02T00:00:01.509108Z WARNING kernel: [    3.481992]  ? __do_sys_finit_module+0xae/0xd6
2020-01-02T00:00:01.509109Z WARNING kernel: [    3.481994]  __do_sys_finit_module+0xae/0xd6
2020-01-02T00:00:01.509111Z WARNING kernel: [    3.481997]  do_syscall_64+0x54/0x64
2020-01-02T00:00:01.509112Z WARNING kernel: [    3.482000]  entry_SYSCALL_64_after_hwframe+0x44/0xa9
2020-01-02T00:00:01.509116Z WARNING kernel: [    3.482001] RIP: 0033:0x799774ef7e59
2020-01-02T00:00:01.509118Z WARNING kernel: [    3.482003] Code: 00 f3 c3 66 2e 0f 1f 84 00 00 00 00 00 0f 1f 40 00 48 89 f8 48 89 f7 48 89 d6 48 89 ca 4d 89 c2 4d 89 c8 4c 8b 4c 24 08 0f 05 <48> 3d 01 f0 ff ff 73 01 c3 48 8b 0d df 9f 2b 00 f7 d8 64 89 01 48
2020-01-02T00:00:01.509119Z WARNING kernel: [    3.482005] RSP: 002b:00007ffe731534a8 EFLAGS: 00000246 ORIG_RAX: 0000000000000139
2020-01-02T00:00:01.509120Z WARNING kernel: [    3.482007] RAX: ffffffffffffffda RBX: 0000559c41a27c00 RCX: 0000799774ef7e59
2020-01-02T00:00:01.509122Z WARNING kernel: [    3.482008] RDX: 0000000000000000 RSI: 0000559c41a129e0 RDI: 0000000000000007
2020-01-02T00:00:01.509123Z WARNING kernel: [    3.482009] RBP: 00007ffe731534f0 R08: 0000000000000000 R09: 0000559c419f9100
2020-01-02T00:00:01.509128Z WARNING kernel: [    3.482010] R10: 0000000000000007 R11: 0000000000000246 R12: 0000000000000000
2020-01-02T00:00:01.509129Z WARNING kernel: [    3.482012] R13: 0000559c41a197f0 R14: 0000000000000000 R15: 0000559c41a129e0
2020-01-02T00:00:01.509132Z WARNING kernel: [    3.482014] ---[ end trace a98a1a2ef49c6636 ]---
2020-01-02T00:00:01.509133Z WARNING kernel: [    3.483013] ------------[ cut here ]------------
2020-01-02T00:00:01.509135Z WARNING kernel: [    3.483014] Missing case (cdclk == 172800)
2020-01-02T00:00:01.509136Z WARNING kernel: [    3.483045] WARNING: CPU: 2 PID: 327 at /build/surface-pro7/tmp/portage/sys-kernel/surface-kernel-4_19-4.19.139-r1/work/surface-kernel-4_19-4.19.139/drivers/gpu/drm/i915/intel_cdclk.c:1901 icl_calc_voltage_level+0x61/0x6b [i915]
2020-01-02T00:00:01.509140Z WARNING kernel: [    3.483046] Modules linked in: i915(+) joydev mousedev fyde_vdtb(O)
2020-01-02T00:00:01.509142Z WARNING kernel: [    3.483049] CPU: 2 PID: 327 Comm: udevd Tainted: G     U  W  O      4.19.139-g63ea60542 #4
2020-01-02T00:00:01.509143Z WARNING kernel: [    3.483049] Hardware name: Microsoft Corporation Surface Pro 7/Surface Pro 7, BIOS 7.159.140 10/08/2019
2020-01-02T00:00:01.509144Z WARNING kernel: [    3.483067] RIP: 0010:icl_calc_voltage_level+0x61/0x6b [i915]
2020-01-02T00:00:01.509145Z WARNING kernel: [    3.483068] Code: 00 f6 09 00 74 26 81 ff 00 7f 08 00 75 04 b0 01 eb 20 48 63 d7 48 c7 c6 aa 23 14 c0 48 c7 c7 b0 23 14 c0 31 c0 e8 73 22 c4 d8 <0f> 0b b0 02 eb 02 31 c0 5d c3 0f 1f 44 00 00 55 ba 01 00 00 00 48
2020-01-02T00:00:01.509146Z WARNING kernel: [    3.483069] RSP: 0018:ffffb867005a3a18 EFLAGS: 00010282
2020-01-02T00:00:01.509151Z WARNING kernel: [    3.483070] RAX: 0000000000000000 RBX: ffff9c869cb06204 RCX: 0000000000000000
2020-01-02T00:00:01.509153Z WARNING kernel: [    3.483070] RDX: 0000000000000001 RSI: 0000000000000002 RDI: ffffffff99e64400
2020-01-02T00:00:01.509154Z WARNING kernel: [    3.483071] RBP: ffffb867005a3a18 R08: 0000000000000002 R09: 0000000000000000
2020-01-02T00:00:01.509155Z WARNING kernel: [    3.483072] R10: ffff9c869f749600 R11: 0000000000000000 R12: ffff9c869cb00000
2020-01-02T00:00:01.509156Z WARNING kernel: [    3.483072] R13: ffff9c869fb33000 R14: ffff9c869cb18000 R15: 0000000000000000
2020-01-02T00:00:01.509158Z WARNING kernel: [    3.483073] FS:  000079977578a040(0000) GS:ffff9c86a2a80000(0000) knlGS:0000000000000000
2020-01-02T00:00:01.509162Z WARNING kernel: [    3.483074] CS:  0010 DS: 0000 ES: 0000 CR0: 0000000080050033
2020-01-02T00:00:01.509164Z WARNING kernel: [    3.483075] CR2: 0000559c419f9a90 CR3: 000000025d5a6004 CR4: 0000000000760ee0
2020-01-02T00:00:01.509165Z WARNING kernel: [    3.483075] PKRU: 55555554
2020-01-02T00:00:01.509166Z WARNING kernel: [    3.483076] Call Trace:
2020-01-02T00:00:01.509167Z WARNING kernel: [    3.483094]  icl_get_cdclk+0xfe/0x106 [i915]
2020-01-02T00:00:01.509168Z WARNING kernel: [    3.483111]  intel_update_cdclk+0x20/0x5d [i915]
2020-01-02T00:00:01.509169Z WARNING kernel: [    3.483136]  intel_modeset_init_hw+0x1b/0x52 [i915]
2020-01-02T00:00:01.509174Z WARNING kernel: [    3.483157]  intel_modeset_init+0xaed/0x1785 [i915]
2020-01-02T00:00:01.509176Z WARNING kernel: [    3.483187]  ? intel_i2c_reset+0x4e/0x51 [i915]
2020-01-02T00:00:01.509177Z WARNING kernel: [    3.483210]  ? intel_setup_gmbus+0xe2/0x2ad [i915]
2020-01-02T00:00:01.509178Z WARNING kernel: [    3.483238]  ? gen11_irq_postinstall+0x28f/0x296 [i915]
2020-01-02T00:00:01.509179Z WARNING kernel: [    3.483261]  i915_driver_load+0xe54/0x107f [i915]
2020-01-02T00:00:01.509180Z WARNING kernel: [    3.483264]  pci_device_probe+0xd3/0x148
2020-01-02T00:00:01.509184Z WARNING kernel: [    3.483266]  really_probe+0x158/0x2a9
2020-01-02T00:00:01.509185Z WARNING kernel: [    3.483268]  driver_probe_device+0xa4/0xd8
2020-01-02T00:00:01.509187Z WARNING kernel: [    3.483269]  __driver_attach+0x92/0xc4
2020-01-02T00:00:01.509189Z WARNING kernel: [    3.483271]  ? driver_probe_device+0xd8/0xd8
2020-01-02T00:00:01.509190Z WARNING kernel: [    3.483272]  bus_for_each_dev+0x7b/0xaf
2020-01-02T00:00:01.509191Z WARNING kernel: [    3.483274]  bus_add_driver+0xf1/0x1e0
2020-01-02T00:00:01.509192Z WARNING kernel: [    3.483275]  ? 0xffffffffc01b8000
2020-01-02T00:00:01.509196Z WARNING kernel: [    3.483276]  driver_register+0xab/0xe7
2020-01-02T00:00:01.509198Z WARNING kernel: [    3.483277]  do_one_initcall+0xaa/0x1bc
2020-01-02T00:00:01.509199Z WARNING kernel: [    3.483279]  ? slab_pre_alloc_hook+0x39/0x49
2020-01-02T00:00:01.509200Z WARNING kernel: [    3.483280]  ? kmem_cache_alloc_trace+0xc3/0xd2
2020-01-02T00:00:01.509201Z WARNING kernel: [    3.483281]  do_init_module+0x5f/0x208
2020-01-02T00:00:01.509202Z WARNING kernel: [    3.483283]  load_module+0x1c37/0x1ede
2020-01-02T00:00:01.509209Z WARNING kernel: [    3.483285]  ? kernel_read_file+0x108/0x174
2020-01-02T00:00:01.509210Z WARNING kernel: [    3.483286]  ? __do_sys_finit_module+0xae/0xd6
2020-01-02T00:00:01.509212Z WARNING kernel: [    3.483287]  __do_sys_finit_module+0xae/0xd6
2020-01-02T00:00:01.509213Z WARNING kernel: [    3.483288]  do_syscall_64+0x54/0x64
2020-01-02T00:00:01.509214Z WARNING kernel: [    3.483290]  entry_SYSCALL_64_after_hwframe+0x44/0xa9
2020-01-02T00:00:01.509215Z WARNING kernel: [    3.483291] RIP: 0033:0x799774ef7e59
2020-01-02T00:00:01.509219Z WARNING kernel: [    3.483292] Code: 00 f3 c3 66 2e 0f 1f 84 00 00 00 00 00 0f 1f 40 00 48 89 f8 48 89 f7 48 89 d6 48 89 ca 4d 89 c2 4d 89 c8 4c 8b 4c 24 08 0f 05 <48> 3d 01 f0 ff ff 73 01 c3 48 8b 0d df 9f 2b 00 f7 d8 64 89 01 48
2020-01-02T00:00:01.509221Z WARNING kernel: [    3.483293] RSP: 002b:00007ffe731534a8 EFLAGS: 00000246 ORIG_RAX: 0000000000000139
2020-01-02T00:00:01.509222Z WARNING kernel: [    3.483294] RAX: ffffffffffffffda RBX: 0000559c41a27c00 RCX: 0000799774ef7e59
2020-01-02T00:00:01.509223Z WARNING kernel: [    3.483295] RDX: 0000000000000000 RSI: 0000559c41a129e0 RDI: 0000000000000007
2020-01-02T00:00:01.509311Z WARNING kernel: [    3.483295] RBP: 00007ffe731534f0 R08: 0000000000000000 R09: 0000559c419f9100
